Archive member included to satisfy reference by file (symbol)

C:/sysgcc/arm-eabi/bin/../lib/gcc/arm-none-eabi/15.2.1/../../../../arm-none-eabi/lib/thumb/v7e-m+fp/hard\libm.a(libm_a-wf_acos.o)
                              CMakeFiles/EmbeddedUnitTests.dir/Tests/Src/tests.cpp.obj (acosf)
C:/sysgcc/arm-eabi/bin/../lib/gcc/arm-none-eabi/15.2.1/../../../../arm-none-eabi/lib/thumb/v7e-m+fp/hard\libm.a(libm_a-wf_asin.o)
                              CMakeFiles/EmbeddedUnitTests.dir/Tests/Src/tests.cpp.obj (asinf)
C:/sysgcc/arm-eabi/bin/../lib/gcc/arm-none-eabi/15.2.1/../../../../arm-none-eabi/lib/thumb/v7e-m+fp/hard\libm.a(libm_a-wf_atan2.o)
                              CMakeFiles/EmbeddedUnitTests.dir/Tests/Src/tests.cpp.obj (atan2f)
C:/sysgcc/arm-eabi/bin/../lib/gcc/arm-none-eabi/15.2.1/../../../../arm-none-eabi/lib/thumb/v7e-m+fp/hard\libm.a(libm_a-wf_cosh.o)
                              CMakeFiles/EmbeddedUnitTests.dir/Tests/Src/tests.cpp.obj (coshf)
C:/sysgcc/arm-eabi/bin/../lib/gcc/arm-none-eabi/15.2.1/../../../../arm-none-eabi/lib/thumb/v7e-m+fp/hard\libm.a(libm_a-wf_log.o)
                              CMakeFiles/EmbeddedUnitTests.dir/Tests/Src/tests.cpp.obj (logf)
C:/sysgcc/arm-eabi/bin/../lib/gcc/arm-none-eabi/15.2.1/../../../../arm-none-eabi/lib/thumb/v7e-m+fp/hard\libm.a(libm_a-wf_log10.o)
                              CMakeFiles/EmbeddedUnitTests.dir/Tests/Src/tests.cpp.obj (log10f)
C:/sysgcc/arm-eabi/bin/../lib/gcc/arm-none-eabi/15.2.1/../../../../arm-none-eabi/lib/thumb/v7e-m+fp/hard\libm.a(libm_a-wf_sinh.o)
                              CMakeFiles/EmbeddedUnitTests.dir/Tests/Src/tests.cpp.obj (sinhf)
C:/sysgcc/arm-eabi/bin/../lib/gcc/arm-none-eabi/15.2.1/../../../../arm-none-eabi/lib/thumb/v7e-m+fp/hard\libm.a(libm_a-sf_cos.o)
                              CMakeFiles/EmbeddedUnitTests.dir/Tests/Src/tests.cpp.obj (cosf)
C:/sysgcc/arm-eabi/bin/../lib/gcc/arm-none-eabi/15.2.1/../../../../arm-none-eabi/lib/thumb/v7e-m+fp/hard\libm.a(libm_a-sf_fabs.o)
                              C:/sysgcc/arm-eabi/bin/../lib/gcc/arm-none-eabi/15.2.1/../../../../arm-none-eabi/lib/thumb/v7e-m+fp/hard\libm.a(libm_a-wf_acos.o) (fabsf)
C:/sysgcc/arm-eabi/bin/../lib/gcc/arm-none-eabi/15.2.1/../../../../arm-none-eabi/lib/thumb/v7e-m+fp/hard\libm.a(libm_a-sf_sin.o)
                              CMakeFiles/EmbeddedUnitTests.dir/Tests/Src/tests.cpp.obj (sinf)
C:/sysgcc/arm-eabi/bin/../lib/gcc/arm-none-eabi/15.2.1/../../../../arm-none-eabi/lib/thumb/v7e-m+fp/hard\libm.a(libm_a-sf_tan.o)
                              CMakeFiles/EmbeddedUnitTests.dir/Tests/Src/tests.cpp.obj (tanf)
C:/sysgcc/arm-eabi/bin/../lib/gcc/arm-none-eabi/15.2.1/../../../../arm-none-eabi/lib/thumb/v7e-m+fp/hard\libm.a(libm_a-sf_tanh.o)
                              CMakeFiles/EmbeddedUnitTests.dir/Tests/Src/tests.cpp.obj (tanhf)
C:/sysgcc/arm-eabi/bin/../lib/gcc/arm-none-eabi/15.2.1/../../../../arm-none-eabi/lib/thumb/v7e-m+fp/hard\libm.a(libm_a-wf_log2.o)
                              CMakeFiles/EmbeddedUnitTests.dir/Tests/Src/tests.cpp.obj (log2f)
C:/sysgcc/arm-eabi/bin/../lib/gcc/arm-none-eabi/15.2.1/../../../../arm-none-eabi/lib/thumb/v7e-m+fp/hard\libm.a(libm_a-sf_finite.o)
                              C:/sysgcc/arm-eabi/bin/../lib/gcc/arm-none-eabi/15.2.1/../../../../arm-none-eabi/lib/thumb/v7e-m+fp/hard\libm.a(libm_a-wf_sinh.o) (finitef)
C:/sysgcc/arm-eabi/bin/../lib/gcc/arm-none-eabi/15.2.1/../../../../arm-none-eabi/lib/thumb/v7e-m+fp/hard\libm.a(libm_a-sf_expm1.o)
                              C:/sysgcc/arm-eabi/bin/../lib/gcc/arm-none-eabi/15.2.1/../../../../arm-none-eabi/lib/thumb/v7e-m+fp/hard\libm.a(libm_a-sf_tanh.o) (expm1f)
C:/sysgcc/arm-eabi/bin/../lib/gcc/arm-none-eabi/15.2.1/../../../../arm-none-eabi/lib/thumb/v7e-m+fp/hard\libm.a(libm_a-sf_nan.o)
                              C:/sysgcc/arm-eabi/bin/../lib/gcc/arm-none-eabi/15.2.1/../../../../arm-none-eabi/lib/thumb/v7e-m+fp/hard\libm.a(libm_a-wf_acos.o) (nanf)
C:/sysgcc/arm-eabi/bin/../lib/gcc/arm-none-eabi/15.2.1/../../../../arm-none-eabi/lib/thumb/v7e-m+fp/hard\libm.a(libm_a-math_errf.o)
                              C:/sysgcc/arm-eabi/bin/../lib/gcc/arm-none-eabi/15.2.1/../../../../arm-none-eabi/lib/thumb/v7e-m+fp/hard\libm.a(libm_a-sf_expm1.o) (__math_oflowf)
C:/sysgcc/arm-eabi/bin/../lib/gcc/arm-none-eabi/15.2.1/../../../../arm-none-eabi/lib/thumb/v7e-m+fp/hard\libm.a(libm_a-kf_cos.o)
                              C:/sysgcc/arm-eabi/bin/../lib/gcc/arm-none-eabi/15.2.1/../../../../arm-none-eabi/lib/thumb/v7e-m+fp/hard\libm.a(libm_a-sf_cos.o) (__kernel_cosf)
C:/sysgcc/arm-eabi/bin/../lib/gcc/arm-none-eabi/15.2.1/../../../../arm-none-eabi/lib/thumb/v7e-m+fp/hard\libm.a(libm_a-kf_sin.o)
                              C:/sysgcc/arm-eabi/bin/../lib/gcc/arm-none-eabi/15.2.1/../../../../arm-none-eabi/lib/thumb/v7e-m+fp/hard\libm.a(libm_a-sf_cos.o) (__kernel_sinf)
[...]
Memory Configuration

Name             Origin             Length             Attributes
CCMRAM           0x10000000         0x00010000         xrw
RAM              0x20000000         0x00020000         xrw
FLASH            0x08000000         0x00100000         xr
*default*        0x00000000         0xffffffff

Linker script and memory map

LOAD C:/sysgcc/arm-eabi/bin/../lib/gcc/arm-none-eabi/15.2.1/thumb/v7e-m+fp/hard/crti.o
LOAD C:/sysgcc/arm-eabi/bin/../lib/gcc/arm-none-eabi/15.2.1/thumb/v7e-m+fp/hard/crtbegin.o
LOAD C:/sysgcc/arm-eabi/bin/../lib/gcc/arm-none-eabi/15.2.1/../../../../arm-none-eabi/lib/thumb/v7e-m+fp/hard/rdimon-crt0.o
LOAD CMakeFiles/BSP.dir/Core/Src/main.c.obj
LOAD CMakeFiles/BSP.dir/Core/Src/stm32f4xx_hal_msp.c.obj
LOAD CMakeFiles/BSP.dir/Core/Src/stm32f4xx_it.c.obj
LOAD CMakeFiles/BSP.dir/Core/Src/sysmem.c.obj
LOAD CMakeFiles/BSP.dir/Core/Src/system_stm32f4xx.c.obj
LOAD CMakeFiles/BSP.dir/Core/Startup/startup_stm32f407vgtx.S.obj
LOAD CMakeFiles/BSP.dir/Drivers/STM32F4xx_HAL_Driver/Src/stm32f4xx_hal.c.obj
LOAD CMakeFiles/BSP.dir/Drivers/STM32F4xx_HAL_Driver/Src/stm32f4xx_hal_cortex.c.obj
LOAD CMakeFiles/BSP.dir/Drivers/STM32F4xx_HAL_Driver/Src/stm32f4xx_hal_dma.c.obj
LOAD CMakeFiles/BSP.dir/Drivers/STM32F4xx_HAL_Driver/Src/stm32f4xx_hal_dma_ex.c.obj
LOAD CMakeFiles/BSP.dir/Drivers/STM32F4xx_HAL_Driver/Src/stm32f4xx_hal_exti.c.obj
LOAD CMakeFiles/BSP.dir/Drivers/STM32F4xx_HAL_Driver/Src/stm32f4xx_hal_flash.c.obj
LOAD CMakeFiles/BSP.dir/Drivers/STM32F4xx_HAL_Driver/Src/stm32f4xx_hal_flash_ex.c.obj
LOAD CMakeFiles/BSP.dir/Drivers/STM32F4xx_HAL_Driver/Src/stm32f4xx_hal_flash_ramfunc.c.obj
LOAD CMakeFiles/BSP.dir/Drivers/STM32F4xx_HAL_Driver/Src/stm32f4xx_hal_gpio.c.obj
LOAD CMakeFiles/BSP.dir/Drivers/STM32F4xx_HAL_Driver/Src/stm32f4xx_hal_pwr.c.obj
LOAD CMakeFiles/BSP.dir/Drivers/STM32F4xx_HAL_Driver/Src/stm32f4xx_hal_pwr_ex.c.obj
LOAD CMakeFiles/BSP.dir/Drivers/STM32F4xx_HAL_Driver/Src/stm32f4xx_hal_rcc.c.obj
LOAD CMakeFiles/BSP.dir/Drivers/STM32F4xx_HAL_Driver/Src/stm32f4xx_hal_rcc_ex.c.obj
LOAD CMakeFiles/BSP.dir/Drivers/STM32F4xx_HAL_Driver/Src/stm32f4xx_hal_tim.c.obj
LOAD CMakeFiles/BSP.dir/Drivers/STM32F4xx_HAL_Driver/Src/stm32f4xx_hal_tim_ex.c.obj
LOAD CMakeFiles/BSP_EFP_Profiler.dir/C_/Users/ejtagle/AppData/Local/VisualGDB/EmbeddedEFPs/Profiler/FastSemihosting.cpp.obj
LOAD CMakeFiles/BSP_EFP_Profiler.dir/C_/Users/ejtagle/AppData/Local/VisualGDB/EmbeddedEFPs/Profiler/InstrumentingProfiler.cpp.obj
LOAD CMakeFiles/BSP_EFP_Profiler.dir/C_/Users/ejtagle/AppData/Local/VisualGDB/EmbeddedEFPs/Profiler/TestResourceManager.cpp.obj
LOAD CMakeFiles/BSP_EFP_Profiler.dir/C_/Users/ejtagle/AppData/Local/VisualGDB/EmbeddedEFPs/Profiler/ProfilerRTOS_FreeRTOS.c.obj
LOAD CMakeFiles/EmbeddedUnitTests.dir/Tests/Src/tests.cpp.obj
LOAD CMakeFiles/EmbeddedUnitTests.dir/Tests/Src/linpack.cpp.obj
LOAD C:/sysgcc/arm-eabi/bin/../lib/gcc/arm-none-eabi/15.2.1/../../../../arm-none-eabi/lib/thumb/v7e-m+fp/hard\libstdc++_nano.a
LOAD C:/sysgcc/arm-eabi/bin/../lib/gcc/arm-none-eabi/15.2.1/../../../../arm-none-eabi/lib/thumb/v7e-m+fp/hard\libm.a
START GROUP
LOAD C:/sysgcc/arm-eabi/bin/../lib/gcc/arm-none-eabi/15.2.1/thumb/v7e-m+fp/hard\libgcc.a
LOAD C:/sysgcc/arm-eabi/bin/../lib/gcc/arm-none-eabi/15.2.1/../../../../arm-none-eabi/lib/thumb/v7e-m+fp/hard\libg_nano.a
LOAD C:/sysgcc/arm-eabi/bin/../lib/gcc/arm-none-eabi/15.2.1/../../../../arm-none-eabi/lib/thumb/v7e-m+fp/hard\libc_nano.a
END GROUP
START GROUP
LOAD C:/sysgcc/arm-eabi/bin/../lib/gcc/arm-none-eabi/15.2.1/thumb/v7e-m+fp/hard\libgcc.a
LOAD C:/sysgcc/arm-eabi/bin/../lib/gcc/arm-none-eabi/15.2.1/../../../../arm-none-eabi/lib/thumb/v7e-m+fp/hard\libc_nano.a
LOAD C:/sysgcc/arm-eabi/bin/../lib/gcc/arm-none-eabi/15.2.1/../../../../arm-none-eabi/lib/thumb/v7e-m+fp/hard\librdimon_nano.a
END GROUP
START GROUP
LOAD C:/sysgcc/arm-eabi/bin/../lib/gcc/arm-none-eabi/15.2.1/thumb/v7e-m+fp/hard\libgcc.a
LOAD C:/sysgcc/arm-eabi/bin/../lib/gcc/arm-none-eabi/15.2.1/../../../../arm-none-eabi/lib/thumb/v7e-m+fp/hard\libc_nano.a
LOAD C:/sysgcc/arm-eabi/bin/../lib/gcc/arm-none-eabi/15.2.1/../../../../arm-none-eabi/lib/thumb/v7e-m+fp/hard\librdimon_nano.a
END GROUP
LOAD C:/sysgcc/arm-eabi/bin/../lib/gcc/arm-none-eabi/15.2.1/thumb/v7e-m+fp/hard/crtend.o
LOAD C:/sysgcc/arm-eabi/bin/../lib/gcc/arm-none-eabi/15.2.1/thumb/v7e-m+fp/hard/crtn.o
                0x20020000                        _estack = (ORIGIN (RAM) + LENGTH (RAM))
                0x00000200                        _Min_Heap_Size = 0x200
                0x00000400                        _Min_Stack_Size = 0x400

.isr_vector     0x08000000      0x188
                0x08000000                        . = ALIGN (0x4)
 *(.isr_vector)
 .isr_vector    0x08000000      0x188 CMakeFiles/BSP.dir/Core/Startup/startup_stm32f407vgtx.S.obj
                0x08000000                g_pfnVectors
                0x08000188                        . = ALIGN (0x4)

.text           0x08000190    0x158e8
                0x08000190                        . = ALIGN (0x4)
 *(.text)
 .text          0x08000190      0x378 C:/sysgcc/arm-eabi/bin/../lib/gcc/arm-none-eabi/15.2.1/thumb/v7e-m+fp/hard\libgcc.a(_arm_addsubdf3.o)
                0x08000190                __aeabi_drsub
                0x08000198                __aeabi_dsub
                0x08000198                __subdf3
                0x0800019c                __aeabi_dadd
                0x0800019c                __adddf3
                0x08000414                __floatunsidf
                0x08000414                __aeabi_ui2d
                0x08000434                __floatsidf
                0x08000434                __aeabi_i2d
                0x08000458                __aeabi_f2d
                0x08000458                __extendsfdf2
                0x0800049c                __floatundidf
                0x0800049c                __aeabi_ul2d
                0x080004ac                __floatdidf
                0x080004ac                __aeabi_l2d
 .text          0x08000508      0x424 C:/sysgcc/arm-eabi/bin/../lib/gcc/arm-none-eabi/15.2.1/thumb/v7e-m+fp/hard\libgcc.a(_arm_muldivdf3.o)
                0x08000508                __aeabi_dmul
                0x08000508                __muldf3
                0x0800075c                __divdf3
                0x0800075c                __aeabi_ddiv
 .text          0x0800092c      0x110 C:/sysgcc/arm-eabi/bin/../lib/gcc/arm-none-eabi/15.2.1/thumb/v7e-m+fp/hard\libgcc.a(_arm_cmpdf2.o)
                0x0800092c                __gtdf2
                0x0800092c                __gedf2
                0x08000934                __ltdf2
                0x08000934                __ledf2
                0x0800093c                __nedf2
                0x0800093c                __eqdf2
                0x0800093c                __cmpdf2
                0x080009b8                __aeabi_cdrcmple
                0x080009c8                __aeabi_cdcmpeq
                0x080009c8                __aeabi_cdcmple
                0x080009d8                __aeabi_dcmpeq
                0x080009ec                __aeabi_dcmplt
                0x08000a00                __aeabi_dcmple
                0x08000a14                __aeabi_dcmpge
                0x08000a28                __aeabi_dcmpgt
 .text          0x08000a3c       0x30 C:/sysgcc/arm-eabi/bin/../lib/gcc/arm-none-eabi/15.2.1/thumb/v7e-m+fp/hard\libgcc.a(_aeabi_uldivmod.o)
                0x08000a3c                __aeabi_uldivmod
 .text          0x08000a6c        0x4 C:/sysgcc/arm-eabi/bin/../lib/gcc/arm-none-eabi/15.2.1/thumb/v7e-m+fp/hard\libgcc.a(_dvmd_tls.o)
                0x08000a6c                __aeabi_idiv0
                0x08000a6c                __aeabi_ldiv0
 .text          0x08000a70       0xa0 C:/sysgcc/arm-eabi/bin/../lib/gcc/arm-none-eabi/15.2.1/../../../../arm-none-eabi/lib/thumb/v7e-m+fp/hard\libg_nano.a(libc_a-memchr.o)
                0x08000a70                memchr
 .text          0x08000b10       0x10 C:/sysgcc/arm-eabi/bin/../lib/gcc/arm-none-eabi/15.2.1/../../../../arm-none-eabi/lib/thumb/v7e-m+fp/hard\libg_nano.a(libc_a-strlen.o)
                0x08000b10                strlen
 .text          0x08000b20       0x2c C:/sysgcc/arm-eabi/bin/../lib/gcc/arm-none-eabi/15.2.1/thumb/v7e-m+fp/hard\libgcc.a(_arm_unorddf2.o)
                0x08000b20                __unorddf2
                0x08000b20                __aeabi_dcmpun
 .text          0x08000b4c       0x50 C:/sysgcc/arm-eabi/bin/../lib/gcc/arm-none-eabi/15.2.1/thumb/v7e-m+fp/hard\libgcc.a(_arm_fixdfsi.o)
                0x08000b4c                __aeabi_d2iz
                0x08000b4c                __fixdfsi
 *(.text*)
 .text.deregister_tm_clones
                0x08000b9c       0x1c C:/sysgcc/arm-eabi/bin/../lib/gcc/arm-none-eabi/15.2.1/thumb/v7e-m+fp/hard/crtbegin.o
 .text.register_tm_clones
                0x08000bb8       0x24 C:/sysgcc/arm-eabi/bin/../lib/gcc/arm-none-eabi/15.2.1/thumb/v7e-m+fp/hard/crtbegin.o
 .text.__do_global_dtors_aux
                0x08000bdc       0x28 C:/sysgcc/arm-eabi/bin/../lib/gcc/arm-none-eabi/15.2.1/thumb/v7e-m+fp/hard/crtbegin.o
 .text.frame_dummy
                0x08000c04       0x24 C:/sysgcc/arm-eabi/bin/../lib/gcc/arm-none-eabi/15.2.1/thumb/v7e-m+fp/hard/crtbegin.o
 .text.DWT_Init
                0x08000c28       0x30 CMakeFiles/BSP.dir/Core/Src/main.c.obj
                0x08000c28                DWT_Init
 .text.DWT_GetTimeNs
                0x08000c58       0x24 CMakeFiles/BSP.dir/Core/Src/main.c.obj
                0x08000c58                DWT_GetTimeNs
 .text.SystemClock_Config
                0x08000c7c       0xa4 CMakeFiles/BSP.dir/Core/Src/main.c.obj
                0x08000c7c                SystemClock_Config
 .text.startup.main
                0x08000d20       0xa8 CMakeFiles/BSP.dir/Core/Src/main.c.obj
                0x08000d20                main
 .text.HAL_MspInit
                0x08000dc8       0x38 CMakeFiles/BSP.dir/Core/Src/stm32f4xx_hal_msp.c.obj
                0x08000dc8                HAL_MspInit
 .text.NMI_Handler
                0x08000e00        0x4 CMakeFiles/BSP.dir/Core/Src/stm32f4xx_it.c.obj
                0x08000e00                NMI_Handler
 .text.HardFault_Handler
                0x08000e04        0x4 CMakeFiles/BSP.dir/Core/Src/stm32f4xx_it.c.obj
                0x08000e04                HardFault_Handler
 .text.MemManage_Handler
                0x08000e08        0x4 CMakeFiles/BSP.dir/Core/Src/stm32f4xx_it.c.obj
                0x08000e08                MemManage_Handler
 .text.BusFault_Handler
                0x08000e0c        0x4 CMakeFiles/BSP.dir/Core/Src/stm32f4xx_it.c.obj
                0x08000e0c                BusFault_Handler
 .text.UsageFault_Handler
                0x08000e10        0x4 CMakeFiles/BSP.dir/Core/Src/stm32f4xx_it.c.obj
                0x08000e10                UsageFault_Handler
 .text.SVC_Handler
                0x08000e14        0x4 CMakeFiles/BSP.dir/Core/Src/stm32f4xx_it.c.obj
                0x08000e14                SVC_Handler
 .text.DebugMon_Handler
                0x08000e18        0x4 CMakeFiles/BSP.dir/Core/Src/stm32f4xx_it.c.obj
                0x08000e18                DebugMon_Handler
 .text.PendSV_Handler
                0x08000e1c        0x4 CMakeFiles/BSP.dir/Core/Src/stm32f4xx_it.c.obj
                0x08000e1c                PendSV_Handler
 .text.SysTick_Handler
                0x08000e20        0x4 CMakeFiles/BSP.dir/Core/Src/stm32f4xx_it.c.obj
                0x08000e20                SysTick_Handler
 .text._sbrk    0x08000e24       0x48 CMakeFiles/BSP.dir/Core/Src/sysmem.c.obj
                0x08000e24                _sbrk
 .text.SystemInit
                0x08000e6c       0x14 CMakeFiles/BSP.dir/Core/Src/system_stm32f4xx.c.obj
                0x08000e6c                SystemInit
 .text.Reset_Handler
                0x08000e80       0x50 CMakeFiles/BSP.dir/Core/Startup/startup_stm32f407vgtx.S.obj
                0x08000e80                Reset_Handler
 .text.Default_Handler
                0x08000ed0        0x2 CMakeFiles/BSP.dir/Core/Startup/startup_stm32f407vgtx.S.obj
                0x08000ed0                RTC_Alarm_IRQHandler
                0x08000ed0                HASH_RNG_IRQHandler
                0x08000ed0                EXTI2_IRQHandler
                0x08000ed0                TIM8_CC_IRQHandler
                0x08000ed0                TIM1_CC_IRQHandler
                0x08000ed0                DMA2_Stream5_IRQHandler
                0x08000ed0                DMA1_Stream5_IRQHandler
                0x08000ed0                PVD_IRQHandler
                0x08000ed0                SDIO_IRQHandler
                0x08000ed0                TAMP_STAMP_IRQHandler
                0x08000ed0                CAN2_RX1_IRQHandler
                0x08000ed0                EXTI3_IRQHandler
                0x08000ed0                TIM8_TRG_COM_TIM14_IRQHandler
                0x08000ed0                TIM1_UP_TIM10_IRQHandler
                0x08000ed0                TIM8_UP_TIM13_IRQHandler
                0x08000ed0                I2C3_ER_IRQHandler
                0x08000ed0                EXTI0_IRQHandler
                0x08000ed0                I2C2_EV_IRQHandler
                0x08000ed0                DMA1_Stream2_IRQHandler
                0x08000ed0                CAN1_RX0_IRQHandler
                0x08000ed0                FPU_IRQHandler
                0x08000ed0                OTG_HS_WKUP_IRQHandler
                0x08000ed0                CAN2_SCE_IRQHandler
                0x08000ed0                DMA2_Stream2_IRQHandler
                0x08000ed0                SPI1_IRQHandler
                0x08000ed0                TIM6_DAC_IRQHandler
                0x08000ed0                TIM1_BRK_TIM9_IRQHandler
                0x08000ed0                DCMI_IRQHandler
                0x08000ed0                CAN2_RX0_IRQHandler
                0x08000ed0                DMA2_Stream3_IRQHandler
                0x08000ed0                USART6_IRQHandler
                0x08000ed0                USART3_IRQHandler
                0x08000ed0                CAN1_RX1_IRQHandler
                0x08000ed0                UART5_IRQHandler
                0x08000ed0                DMA2_Stream0_IRQHandler
                0x08000ed0                TIM4_IRQHandler
                0x08000ed0                I2C1_EV_IRQHandler
                0x08000ed0                DMA1_Stream6_IRQHandler
                0x08000ed0                DMA1_Stream1_IRQHandler
                0x08000ed0                UART4_IRQHandler
                0x08000ed0                TIM3_IRQHandler
                0x08000ed0                RCC_IRQHandler
                0x08000ed0                TIM8_BRK_TIM12_IRQHandler
                0x08000ed0                Default_Handler
                0x08000ed0                EXTI15_10_IRQHandler
                0x08000ed0                ADC_IRQHandler
                0x08000ed0                DMA1_Stream7_IRQHandler
                0x08000ed0                TIM7_IRQHandler
                0x08000ed0                CAN2_TX_IRQHandler
                0x08000ed0                TIM5_IRQHandler
                0x08000ed0                DMA2_Stream7_IRQHandler
                0x08000ed0                I2C3_EV_IRQHandler
                0x08000ed0                EXTI9_5_IRQHandler
                0x08000ed0                RTC_WKUP_IRQHandler
                0x08000ed0                ETH_WKUP_IRQHandler
                0x08000ed0                SPI2_IRQHandler
                0x08000ed0                OTG_HS_EP1_IN_IRQHandler
                0x08000ed0                DMA1_Stream0_IRQHandler
                0x08000ed0                CAN1_TX_IRQHandler
                0x08000ed0                EXTI4_IRQHandler
                0x08000ed0                FSMC_IRQHandler
                0x08000ed0                ETH_IRQHandler
                0x08000ed0                OTG_HS_EP1_OUT_IRQHandler
                0x08000ed0                WWDG_IRQHandler
                0x08000ed0                TIM2_IRQHandler
                0x08000ed0                OTG_FS_WKUP_IRQHandler
                0x08000ed0                TIM1_TRG_COM_TIM11_IRQHandler
                0x08000ed0                OTG_HS_IRQHandler
                0x08000ed0                EXTI1_IRQHandler
                0x08000ed0                USART2_IRQHandler
                0x08000ed0                I2C2_ER_IRQHandler
                0x08000ed0                DMA2_Stream1_IRQHandler
                0x08000ed0                CAN1_SCE_IRQHandler
                0x08000ed0                FLASH_IRQHandler
                0x08000ed0                DMA2_Stream4_IRQHandler
                0x08000ed0                USART1_IRQHandler
                0x08000ed0                OTG_FS_IRQHandler
                0x08000ed0                SPI3_IRQHandler
                0x08000ed0                DMA1_Stream4_IRQHandler
                0x08000ed0                I2C1_ER_IRQHandler
                0x08000ed0                DMA2_Stream6_IRQHandler
                0x08000ed0                DMA1_Stream3_IRQHandler
 *fill*         0x08000ed2        0x2 
 .text.HAL_InitTick
                0x08000ed4       0x50 CMakeFiles/BSP.dir/Drivers/STM32F4xx_HAL_Driver/Src/stm32f4xx_hal.c.obj
                0x08000ed4                HAL_InitTick
 .text.HAL_Init
                0x08000f24       0x34 CMakeFiles/BSP.dir/Drivers/STM32F4xx_HAL_Driver/Src/stm32f4xx_hal.c.obj
                0x08000f24                HAL_Init
 .text.HAL_IncTick
                0x08000f58       0x18 CMakeFiles/BSP.dir/Drivers/STM32F4xx_HAL_Driver/Src/stm32f4xx_hal.c.obj
                0x08000f58                HAL_IncTick
 .text.HAL_GetTick
                0x08000f70        0xc CMakeFiles/BSP.dir/Drivers/STM32F4xx_HAL_Driver/Src/stm32f4xx_hal.c.obj
                0x08000f70                HAL_GetTick
 .text.HAL_NVIC_SetPriorityGrouping
                0x08000f7c       0x24 CMakeFiles/BSP.dir/Drivers/STM32F4xx_HAL_Driver/Src/stm32f4xx_hal_cortex.c.obj
                0x08000f7c                HAL_NVIC_SetPriorityGrouping
 .text.HAL_NVIC_SetPriority
                0x08000fa0       0x64 CMakeFiles/BSP.dir/Drivers/STM32F4xx_HAL_Driver/Src/stm32f4xx_hal_cortex.c.obj
                0x08000fa0                HAL_NVIC_SetPriority
 .text.HAL_SYSTICK_Config
                0x08001004       0x2c CMakeFiles/BSP.dir/Drivers/STM32F4xx_HAL_Driver/Src/stm32f4xx_hal_cortex.c.obj
                0x08001004                HAL_SYSTICK_Config
 .text.HAL_GPIO_Init
                0x08001030      0x20c CMakeFiles/BSP.dir/Drivers/STM32F4xx_HAL_Driver/Src/stm32f4xx_hal_gpio.c.obj
                0x08001030                HAL_GPIO_Init
 .text.HAL_GPIO_WritePin
                0x0800123c        0x8 CMakeFiles/BSP.dir/Drivers/STM32F4xx_HAL_Driver/Src/stm32f4xx_hal_gpio.c.obj
                0x0800123c                HAL_GPIO_WritePin
 .text.HAL_RCC_OscConfig
                0x08001244      0x3d4 CMakeFiles/BSP.dir/Drivers/STM32F4xx_HAL_Driver/Src/stm32f4xx_hal_rcc.c.obj
                0x08001244                HAL_RCC_OscConfig
 .text.HAL_RCC_GetSysClockFreq
                0x08001618       0x68 CMakeFiles/BSP.dir/Drivers/STM32F4xx_HAL_Driver/Src/stm32f4xx_hal_rcc.c.obj
                0x08001618                HAL_RCC_GetSysClockFreq
 .text.HAL_RCC_ClockConfig
                0x08001680      0x134 CMakeFiles/BSP.dir/Drivers/STM32F4xx_HAL_Driver/Src/stm32f4xx_hal_rcc.c.obj
                0x08001680                HAL_RCC_ClockConfig
 .text._ZL27WriteRawFastSemihostingDataPKvii
                0x080017b4       0xe0 CMakeFiles/BSP_EFP_Profiler.dir/C_/Users/ejtagle/AppData/Local/VisualGDB/EmbeddedEFPs/Profiler/FastSemihosting.cpp.obj
 .text.WriteToFastSemihostingChannel
                0x08001894       0xd8 CMakeFiles/BSP_EFP_Profiler.dir/C_/Users/ejtagle/AppData/Local/VisualGDB/EmbeddedEFPs/Profiler/FastSemihosting.cpp.obj
                0x08001894                WriteToFastSemihostingChannel
 .text._write   0x0800196c       0x14 CMakeFiles/BSP_EFP_Profiler.dir/C_/Users/ejtagle/AppData/Local/VisualGDB/EmbeddedEFPs/Profiler/FastSemihosting.cpp.obj
                0x0800196c                _write
 .text.SysprogsProfiler_WriteData
                0x08001980       0x78 CMakeFiles/BSP_EFP_Profiler.dir/C_/Users/ejtagle/AppData/Local/VisualGDB/EmbeddedEFPs/Profiler/FastSemihosting.cpp.obj
                0x08001980                SysprogsProfiler_WriteData
 .text._Z43RequestBlockingProcessingViaFastSemihostingv
                0x080019f8       0x18 CMakeFiles/BSP_EFP_Profiler.dir/C_/Users/ejtagle/AppData/Local/VisualGDB/EmbeddedEFPs/Profiler/FastSemihosting.cpp.obj
                0x080019f8                RequestBlockingProcessingViaFastSemihosting()
 .text._read    0x08001a10       0x58 CMakeFiles/BSP_EFP_Profiler.dir/C_/Users/ejtagle/AppData/Local/VisualGDB/EmbeddedEFPs/Profiler/TestResourceManager.cpp.obj
                0x08001a10                _read
 .text._ZN13SoftFloatTestL5printEPKc
                0x08001a68       0x18 CMakeFiles/EmbeddedUnitTests.dir/Tests/Src/tests.cpp.obj
 .text._ZN13SoftFloatTestL17test_div_zero_infEv
                0x08001a80        0x4 CMakeFiles/EmbeddedUnitTests.dir/Tests/Src/tests.cpp.obj
 .text._ZZN13SoftFloatTestL8init_outEvENUlPKcE_4_FUNES1_
                0x08001a84       0x1c CMakeFiles/EmbeddedUnitTests.dir/Tests/Src/tests.cpp.obj
 .text._ZZN13SoftFloatTestL28test_invariant_normalizationEvENKUl9SoftFloatPKcE_clES0_S2_.isra.0
                0x08001aa0       0x68 CMakeFiles/EmbeddedUnitTests.dir/Tests/Src/tests.cpp.obj
 .text.hot._ZNK9SoftFloatdvES_.isra.0
                0x08001b08       0xcc CMakeFiles/EmbeddedUnitTests.dir/Tests/Src/tests.cpp.obj
 .text.hot._ZNK9SoftFloat8to_int32Ev.isra.0
                0x08001bd4       0x40 CMakeFiles/EmbeddedUnitTests.dir/Tests/Src/tests.cpp.obj
 .text.hot._ZNK9SoftFloat8to_floatEv.isra.0
                0x08001c14       0x4c CMakeFiles/EmbeddedUnitTests.dir/Tests/Src/tests.cpp.obj
 .text._ZN13SoftFloatTestL17test_default_ctorEv
                0x08001c60        0x4 CMakeFiles/EmbeddedUnitTests.dir/Tests/Src/tests.cpp.obj
 .text._ZN13SoftFloatTestL22test_constexpr_complexEv
                0x08001c64        0x4 CMakeFiles/EmbeddedUnitTests.dir/Tests/Src/tests.cpp.obj
 .text._ZN13SoftFloatTestL19test_exp_saturationEv
                0x08001c68       0xc8 CMakeFiles/EmbeddedUnitTests.dir/Tests/Src/tests.cpp.obj
 .text.hot._ZNK9SoftFloat5fractEv.isra.0
                0x08001d30      0x12c CMakeFiles/EmbeddedUnitTests.dir/Tests/Src/tests.cpp.obj
 .text.hot._ZNK9SoftFloat4modfEv.isra.0
                0x08001e5c      0x140 CMakeFiles/EmbeddedUnitTests.dir/Tests/Src/tests.cpp.obj
 *fill*         0x08001f9c        0x4 
 .text._ZZN13SoftFloatTestL14run_benchmarksEvENKUlT_E_clIZNS_L14run_benchmarksEvEUlvE0_EEdS0_.isra.0
                0x08001fa0      0x1a4 CMakeFiles/EmbeddedUnitTests.dir/Tests/Src/tests.cpp.obj
 *fill*         0x08002144        0x4 
 .text._ZZN13SoftFloatTestL14run_benchmarksEvENKUlT_E_clIZNS_L14run_benchmarksEvEUlvE1_EEdS0_.isra.0
                0x08002148      0x1d4 CMakeFiles/EmbeddedUnitTests.dir/Tests/Src/tests.cpp.obj
 .text._ZN13SoftFloatTestL6approxEffif.part.0
                0x0800231c       0x74 CMakeFiles/EmbeddedUnitTests.dir/Tests/Src/tests.cpp.obj
 .text._ZN13SoftFloatTestL19test_zero_semanticsEv
                0x08002390       0x94 CMakeFiles/EmbeddedUnitTests.dir/Tests/Src/tests.cpp.obj
 .text._ZN13SoftFloatTestL16test_shift_edgesEv
                0x08002424      0x13c CMakeFiles/EmbeddedUnitTests.dir/Tests/Src/tests.cpp.obj
 .text._ZN13SoftFloatTestL8test_absEv
                0x08002560       0xbc CMakeFiles/EmbeddedUnitTests.dir/Tests/Src/tests.cpp.obj
 .text._ZN13SoftFloatTestL19test_multiplicationEv
                0x0800261c      0x1d0 CMakeFiles/EmbeddedUnitTests.dir/Tests/Src/tests.cpp.obj
 .text._ZN13SoftFloatTestL9test_edgeEv
                0x080027ec       0x4c CMakeFiles/EmbeddedUnitTests.dir/Tests/Src/tests.cpp.obj
 .text._ZN13SoftFloatTestL11test_stressEi.constprop.0
                0x08002838      0x830 CMakeFiles/EmbeddedUnitTests.dir/Tests/Src/tests.cpp.obj
 .text._ZN13SoftFloatTestL5testsMUlvE_4_FUNEv
                0x08003068        0x4 CMakeFiles/EmbeddedUnitTests.dir/Tests/Src/tests.cpp.obj
 .text._ZN13SoftFloatTestL14test_underflowEv
                0x0800306c       0xa0 CMakeFiles/EmbeddedUnitTests.dir/Tests/Src/tests.cpp.obj
 .text._ZN13SoftFloatTestL9test_fmmaEv
                0x0800310c       0xa0 CMakeFiles/EmbeddedUnitTests.dir/Tests/Src/tests.cpp.obj
 .text._ZN13SoftFloatTestL13test_divisionEv
                0x080031ac      0x3c8 CMakeFiles/EmbeddedUnitTests.dir/Tests/Src/tests.cpp.obj
 .text._ZN13SoftFloatTestL13test_negationEv
                0x08003574       0x7c CMakeFiles/EmbeddedUnitTests.dir/Tests/Src/tests.cpp.obj
 .text._ZN13SoftFloatTestL13test_int_ctorEv
                0x080035f0       0xdc CMakeFiles/EmbeddedUnitTests.dir/Tests/Src/tests.cpp.obj
 .text._ZN13SoftFloatTestL16test_subtractionEv
                0x080036cc      0x2e8 CMakeFiles/EmbeddedUnitTests.dir/Tests/Src/tests.cpp.obj
 .text._ZN13SoftFloatTestL15test_comparisonEv
                0x080039b4        0x4 CMakeFiles/EmbeddedUnitTests.dir/Tests/Src/tests.cpp.obj
 .text._ZN13SoftFloatTestL13test_additionEv
                0x080039b8      0x3c8 CMakeFiles/EmbeddedUnitTests.dir/Tests/Src/tests.cpp.obj
 .text._ZN13SoftFloatTestL13test_int_convEv
                0x08003d80       0xe0 CMakeFiles/EmbeddedUnitTests.dir/Tests/Src/tests.cpp.obj
 .text._ZN13SoftFloatTestL15test_float_ctorEv
                0x08003e60      0x158 CMakeFiles/EmbeddedUnitTests.dir/Tests/Src/tests.cpp.obj
 .text._ZN13SoftFloatTestL14test_constantsEv
                0x08003fb8      0x144 CMakeFiles/EmbeddedUnitTests.dir/Tests/Src/tests.cpp.obj
 .text._ZN13SoftFloatTestL11test_minmaxEv
                0x080040fc       0xe4 CMakeFiles/EmbeddedUnitTests.dir/Tests/Src/tests.cpp.obj
 .text._ZN13SoftFloatTestL10test_shiftEv
                0x080041e0       0xe8 CMakeFiles/EmbeddedUnitTests.dir/Tests/Src/tests.cpp.obj
 .text._ZN13SoftFloatTestL13test_overflowEv
                0x080042c8       0xcc CMakeFiles/EmbeddedUnitTests.dir/Tests/Src/tests.cpp.obj
 .text._ZN13SoftFloatTestL19test_int_conv_edgesEv
                0x08004394      0x108 CMakeFiles/EmbeddedUnitTests.dir/Tests/Src/tests.cpp.obj
 .text._ZN13SoftFloatTestL13test_compoundEv
                0x0800449c      0x198 CMakeFiles/EmbeddedUnitTests.dir/Tests/Src/tests.cpp.obj
 .text._Zlt9SoftFloatS_
                0x08004634       0x60 CMakeFiles/EmbeddedUnitTests.dir/Tests/Src/tests.cpp.obj
                0x08004634                operator<(SoftFloat, SoftFloat)
 .text._ZN13SoftFloatTestL10test_clampEv
                0x08004694       0xdc CMakeFiles/EmbeddedUnitTests.dir/Tests/Src/tests.cpp.obj
 .text._ZN13SoftFloatTestL21test_comparison_logicEv
                0x08004770      0x144 CMakeFiles/EmbeddedUnitTests.dir/Tests/Src/tests.cpp.obj
 .text.hot._ZN9SoftFloat10from_floatEf
                0x080048b4       0x60 CMakeFiles/EmbeddedUnitTests.dir/Tests/Src/tests.cpp.obj
                0x080048b4                SoftFloat::from_float(float)
 .text.hot._ZN9SoftFloatC2ERK11sf_mul_expr
                0x08004914       0x48 CMakeFiles/EmbeddedUnitTests.dir/Tests/Src/tests.cpp.obj
                0x08004914                SoftFloat::SoftFloat(sf_mul_expr const&)
                0x08004914                SoftFloat::SoftFloat(sf_mul_expr const&)
 .text.hot._Z13fused_mul_add9SoftFloatS_S_
                0x0800495c      0x15c CMakeFiles/EmbeddedUnitTests.dir/Tests/Src/tests.cpp.obj
                0x0800495c                fused_mul_add(SoftFloat, SoftFloat, SoftFloat)
 .text._ZN13SoftFloatTestL9test_exprEv
                0x08004ab8      0x1a0 CMakeFiles/EmbeddedUnitTests.dir/Tests/Src/tests.cpp.obj
 .text._ZN13SoftFloatTestL12test_chainedEv
                0x08004c58      0x264 CMakeFiles/EmbeddedUnitTests.dir/Tests/Src/tests.cpp.obj
 *fill*         0x08004ebc        0x4 
 .text._ZN13SoftFloatTestL8test_fmaEv
                0x08004ec0      0x204 CMakeFiles/EmbeddedUnitTests.dir/Tests/Src/tests.cpp.obj
 *fill*         0x080050c4        0x4 
 .text._ZN13SoftFloatTestL9test_lerpEv
                0x080050c8      0x158 CMakeFiles/EmbeddedUnitTests.dir/Tests/Src/tests.cpp.obj
 .text.hot._Z13fused_mul_sub9SoftFloatS_S_
                0x08005220      0x168 CMakeFiles/EmbeddedUnitTests.dir/Tests/Src/tests.cpp.obj
                0x08005220                fused_mul_sub(SoftFloat, SoftFloat, SoftFloat)
 .text._ZN13SoftFloatTestL18test_copysign_fmodEv
                0x08005388      0x358 CMakeFiles/EmbeddedUnitTests.dir/Tests/Src/tests.cpp.obj
 .text._ZN13SoftFloatTestL18test_expr_negationEv
                0x080056e0      0x14c CMakeFiles/EmbeddedUnitTests.dir/Tests/Src/tests.cpp.obj
 *fill*         0x0800582c        0x4 
 .text._ZN13SoftFloatTestL17test_fms_extendedEv
                0x08005830      0x200 CMakeFiles/EmbeddedUnitTests.dir/Tests/Src/tests.cpp.obj
 .text._ZN13SoftFloatTestL8test_fmsEv
                0x08005a30      0x1f4 CMakeFiles/EmbeddedUnitTests.dir/Tests/Src/tests.cpp.obj
 *fill*         0x08005c24        0x4 
 .text.hot._ZNK9SoftFloat8inv_sqrtEv.isra.0
                0x08005c28      0x26c CMakeFiles/EmbeddedUnitTests.dir/Tests/Src/tests.cpp.obj
 .text._ZN13SoftFloatTestL13test_inv_sqrtEv
                0x08005e94      0x138 CMakeFiles/EmbeddedUnitTests.dir/Tests/Src/tests.cpp.obj
 .text._ZN13SoftFloatTestL9test_sqrtEv
                0x08005fcc      0x158 CMakeFiles/EmbeddedUnitTests.dir/Tests/Src/tests.cpp.obj
 .text.hot._Z17fused_mul_mul_add9SoftFloatS_S_S_
                0x08006124      0x15c CMakeFiles/EmbeddedUnitTests.dir/Tests/Src/tests.cpp.obj
                0x08006124                fused_mul_mul_add(SoftFloat, SoftFloat, SoftFloat, SoftFloat)
 .text._ZN13SoftFloatTestL10test_hypotEv
                0x08006280      0x22c CMakeFiles/EmbeddedUnitTests.dir/Tests/Src/tests.cpp.obj
 .text._ZZN13SoftFloatTestL14run_benchmarksEvENKUlvE42_clEv
                0x080064ac       0xf8 CMakeFiles/EmbeddedUnitTests.dir/Tests/Src/tests.cpp.obj
 .text._ZN13SoftFloatTestL18test_fmms_extendedEv
                0x080065a4      0x278 CMakeFiles/EmbeddedUnitTests.dir/Tests/Src/tests.cpp.obj
 *fill*         0x0800681c        0x4 
 .text.hot._Z9sf_sincos9SoftFloat
                0x08006820      0x6a8 CMakeFiles/EmbeddedUnitTests.dir/Tests/Src/tests.cpp.obj
                0x08006820                sf_sincos(SoftFloat)
 .text._ZN13SoftFloatTestL8test_tanEv
                0x08006ec8      0x180 CMakeFiles/EmbeddedUnitTests.dir/Tests/Src/tests.cpp.obj
 .text._ZN13SoftFloatTestL28test_invariant_normalizationEv
                0x08007048      0x858 CMakeFiles/EmbeddedUnitTests.dir/Tests/Src/tests.cpp.obj
 .text._ZN13SoftFloatTestL8test_cosEv
                0x080078a0      0x15c CMakeFiles/EmbeddedUnitTests.dir/Tests/Src/tests.cpp.obj
 *fill*         0x080079fc        0x4 
 .text._ZN13SoftFloatTestL8test_sinEv
                0x08007a00      0x1ac CMakeFiles/EmbeddedUnitTests.dir/Tests/Src/tests.cpp.obj
 *fill*         0x08007bac        0x4 
 .text._ZN13SoftFloatTestL20test_math_symmetriesEv
                0x08007bb0      0x778 CMakeFiles/EmbeddedUnitTests.dir/Tests/Src/tests.cpp.obj
 .text._ZN13SoftFloatTestL17test_corner_casesEv
                0x08008328      0x418 CMakeFiles/EmbeddedUnitTests.dir/Tests/Src/tests.cpp.obj
 .text.hot._Z5atan29SoftFloatS_
                0x08008740      0x608 CMakeFiles/EmbeddedUnitTests.dir/Tests/Src/tests.cpp.obj
                0x08008740                atan2(SoftFloat, SoftFloat)
 .text._ZN13SoftFloatTestL13test_atan2_v2Ev
                0x08008d48      0xc1c CMakeFiles/EmbeddedUnitTests.dir/Tests/Src/tests.cpp.obj
 .text._ZZN13SoftFloatTestL10test_atan2EvENKUlffPKcE_clEffS1_.isra.0
                0x08009964      0x23c CMakeFiles/EmbeddedUnitTests.dir/Tests/Src/tests.cpp.obj
 .text._ZN13SoftFloatTestL10test_atan2Ev
                0x08009ba0      0x4c8 CMakeFiles/EmbeddedUnitTests.dir/Tests/Src/tests.cpp.obj
 .text.hot._ZNK9SoftFloat4acosEv.isra.0
                0x0800a068      0x1d0 CMakeFiles/EmbeddedUnitTests.dir/Tests/Src/tests.cpp.obj
 .text._ZN13SoftFloatTestL14test_asin_acosEv
                0x0800a238      0x338 CMakeFiles/EmbeddedUnitTests.dir/Tests/Src/tests.cpp.obj
 .text.hot._ZNK9SoftFloat3expEv
                0x0800a570      0x3b4 CMakeFiles/EmbeddedUnitTests.dir/Tests/Src/tests.cpp.obj
                0x0800a570                SoftFloat::exp() const
 .text.hot._ZNK9SoftFloat4sinhEv
                0x0800a924      0x124 CMakeFiles/EmbeddedUnitTests.dir/Tests/Src/tests.cpp.obj
                0x0800a924                SoftFloat::sinh() const
 .text.hot._ZNK9SoftFloat4coshEv
                0x0800aa48       0xe8 CMakeFiles/EmbeddedUnitTests.dir/Tests/Src/tests.cpp.obj
                0x0800aa48                SoftFloat::cosh() const
 .text.hot._ZNK9SoftFloat4tanhEv
                0x0800ab30      0x250 CMakeFiles/EmbeddedUnitTests.dir/Tests/Src/tests.cpp.obj
                0x0800ab30                SoftFloat::tanh() const
 .text._ZN13SoftFloatTestL15test_hyperbolicEv
                0x0800ad80      0x354 CMakeFiles/EmbeddedUnitTests.dir/Tests/Src/tests.cpp.obj
 .text._ZN13SoftFloatTestL8test_expEv
                0x0800b0d4      0x154 CMakeFiles/EmbeddedUnitTests.dir/Tests/Src/tests.cpp.obj
 .text.hot._ZNK9SoftFloat4log2Ev
                0x0800b228      0x248 CMakeFiles/EmbeddedUnitTests.dir/Tests/Src/tests.cpp.obj
                0x0800b228                SoftFloat::log2() const
 .text._ZN13SoftFloatTestL8test_logEv
                0x0800b470      0x3d0 CMakeFiles/EmbeddedUnitTests.dir/Tests/Src/tests.cpp.obj
 .text.hot._ZNK9SoftFloat3powES_
                0x0800b840      0x1ac CMakeFiles/EmbeddedUnitTests.dir/Tests/Src/tests.cpp.obj
                0x0800b840                SoftFloat::pow(SoftFloat) const
 .text._ZN13SoftFloatTestL8test_powEv
                0x0800b9ec      0x1b4 CMakeFiles/EmbeddedUnitTests.dir/Tests/Src/tests.cpp.obj
 .text.hot._ZNK9SoftFloat4ceilEv
                0x0800bba0       0xfc CMakeFiles/EmbeddedUnitTests.dir/Tests/Src/tests.cpp.obj
                0x0800bba0                SoftFloat::ceil() const
 .text._ZN13SoftFloatTestL13test_roundingEv
                0x0800bc9c      0x5fc CMakeFiles/EmbeddedUnitTests.dir/Tests/Src/tests.cpp.obj
 .text.hot._Z4lerp9SoftFloatS_S_
                0x0800c298      0x114 CMakeFiles/EmbeddedUnitTests.dir/Tests/Src/tests.cpp.obj
                0x0800c298                lerp(SoftFloat, SoftFloat, SoftFloat)
 *fill*         0x0800c3ac        0x4 
 .text._ZN13SoftFloatTestL15test_lerp_edgesEv
                0x0800c3b0      0x318 CMakeFiles/EmbeddedUnitTests.dir/Tests/Src/tests.cpp.obj
 .text._ZN13SoftFloatTestL14run_benchmarksEv
                0x0800c6c8     0x2638 CMakeFiles/EmbeddedUnitTests.dir/Tests/Src/tests.cpp.obj
 .text._ZN13SoftFloatTestL7run_allEv
                0x0800ed00      0x114 CMakeFiles/EmbeddedUnitTests.dir/Tests/Src/tests.cpp.obj
 .text.main_tests
                0x0800ee14        0x4 CMakeFiles/EmbeddedUnitTests.dir/Tests/Src/tests.cpp.obj
                0x0800ee14                main_tests
 .text._ZL6idamaxiP9SoftFloati.constprop.0
                0x0800ee18       0xa0 CMakeFiles/EmbeddedUnitTests.dir/Tests/Src/linpack.cpp.obj
 .text._ZL6matgenP9SoftFloatiiS0_S0_.constprop.0
                0x0800eeb8      0x3dc CMakeFiles/EmbeddedUnitTests.dir/Tests/Src/linpack.cpp.obj
 .text._ZL7daxpy_ri9SoftFloatPS_iS0_i.constprop.0
                0x0800f294      0x120 CMakeFiles/EmbeddedUnitTests.dir/Tests/Src/linpack.cpp.obj
 .text._ZL8daxpy_uri9SoftFloatPS_iS0_i.constprop.0
                0x0800f3b4      0x1a4 CMakeFiles/EmbeddedUnitTests.dir/Tests/Src/linpack.cpp.obj
 .text.linpack  0x0800f558      0xaf8 CMakeFiles/EmbeddedUnitTests.dir/Tests/Src/linpack.cpp.obj
                0x0800f558                linpack
 .text.acosf    0x08010050       0x58 C:/sysgcc/arm-eabi/bin/../lib/gcc/arm-none-eabi/15.2.1/../../../../arm-none-eabi/lib/thumb/v7e-m+fp/hard\libm.a(libm_a-wf_acos.o)
                0x08010050                acosf
 .text.asinf    0x080100a8       0x58 C:/sysgcc/arm-eabi/bin/../lib/gcc/arm-none-eabi/15.2.1/../../../../arm-none-eabi/lib/thumb/v7e-m+fp/hard\libm.a(libm_a-wf_asin.o)
                0x080100a8                asinf
 .text.atan2f   0x08010100        0x4 C:/sysgcc/arm-eabi/bin/../lib/gcc/arm-none-eabi/15.2.1/../../../../arm-none-eabi/lib/thumb/v7e-m+fp/hard\libm.a(libm_a-wf_atan2.o)
                0x08010100                atan2f
 .text.coshf    0x08010104       0x68 C:/sysgcc/arm-eabi/bin/../lib/gcc/arm-none-eabi/15.2.1/../../../../arm-none-eabi/lib/thumb/v7e-m+fp/hard\libm.a(libm_a-wf_cosh.o)
                0x08010104                coshf
 .text.logf     0x0801016c       0x60 C:/sysgcc/arm-eabi/bin/../lib/gcc/arm-none-eabi/15.2.1/../../../../arm-none-eabi/lib/thumb/v7e-m+fp/hard\libm.a(libm_a-wf_log.o)
                0x0801016c                logf
 .text.log10f   0x080101cc       0x60 C:/sysgcc/arm-eabi/bin/../lib/gcc/arm-none-eabi/15.2.1/../../../../arm-none-eabi/lib/thumb/v7e-m+fp/hard\libm.a(libm_a-wf_log10.o)
                0x080101cc                log10f
 .text.sinhf    0x0801022c       0x54 C:/sysgcc/arm-eabi/bin/../lib/gcc/arm-none-eabi/15.2.1/../../../../arm-none-eabi/lib/thumb/v7e-m+fp/hard\libm.a(libm_a-wf_sinh.o)
                0x0801022c                sinhf
 .text.cosf     0x08010280       0x70 C:/sysgcc/arm-eabi/bin/../lib/gcc/arm-none-eabi/15.2.1/../../../../arm-none-eabi/lib/thumb/v7e-m+fp/hard\libm.a(libm_a-sf_cos.o)
                0x08010280                cosf
 .text.fabsf    0x080102f0       0x10 C:/sysgcc/arm-eabi/bin/../lib/gcc/arm-none-eabi/15.2.1/../../../../arm-none-eabi/lib/thumb/v7e-m+fp/hard\libm.a(libm_a-sf_fabs.o)
                0x080102f0                fabsf
 .text.sinf     0x08010300       0x74 C:/sysgcc/arm-eabi/bin/../lib/gcc/arm-none-eabi/15.2.1/../../../../arm-none-eabi/lib/thumb/v7e-m+fp/hard\libm.a(libm_a-sf_sin.o)
                0x08010300                sinf
 .text.tanf     0x08010374       0x50 C:/sysgcc/arm-eabi/bin/../lib/gcc/arm-none-eabi/15.2.1/../../../../arm-none-eabi/lib/thumb/v7e-m+fp/hard\libm.a(libm_a-sf_tan.o)
                0x08010374                tanf
 .text.tanhf    0x080103c4       0xf4 C:/sysgcc/arm-eabi/bin/../lib/gcc/arm-none-eabi/15.2.1/../../../../arm-none-eabi/lib/thumb/v7e-m+fp/hard\libm.a(libm_a-sf_tanh.o)
                0x080103c4                tanhf
 .text.log2f    0x080104b8       0x14 C:/sysgcc/arm-eabi/bin/../lib/gcc/arm-none-eabi/15.2.1/../../../../arm-none-eabi/lib/thumb/v7e-m+fp/hard\libm.a(libm_a-wf_log2.o)
                0x080104b8                log2f
 .text.finitef  0x080104cc       0x14 C:/sysgcc/arm-eabi/bin/../lib/gcc/arm-none-eabi/15.2.1/../../../../arm-none-eabi/lib/thumb/v7e-m+fp/hard\libm.a(libm_a-sf_finite.o)
                0x080104cc                finitef
 .text.expm1f   0x080104e0      0x270 C:/sysgcc/arm-eabi/bin/../lib/gcc/arm-none-eabi/15.2.1/../../../../arm-none-eabi/lib/thumb/v7e-m+fp/hard\libm.a(libm_a-sf_expm1.o)
                0x080104e0                expm1f
 .text.nanf     0x08010750        0xc C:/sysgcc/arm-eabi/bin/../lib/gcc/arm-none-eabi/15.2.1/../../../../arm-none-eabi/lib/thumb/v7e-m+fp/hard\libm.a(libm_a-sf_nan.o)
                0x08010750                nanf
 .text.with_errnof
                0x0801075c       0x18 C:/sysgcc/arm-eabi/bin/../lib/gcc/arm-none-eabi/15.2.1/../../../../arm-none-eabi/lib/thumb/v7e-m+fp/hard\libm.a(libm_a-math_errf.o)
 .text.xflowf   0x08010774       0x20 C:/sysgcc/arm-eabi/bin/../lib/gcc/arm-none-eabi/15.2.1/../../../../arm-none-eabi/lib/thumb/v7e-m+fp/hard\libm.a(libm_a-math_errf.o)
 .text.__math_uflowf
                0x08010794        0xc C:/sysgcc/arm-eabi/bin/../lib/gcc/arm-none-eabi/15.2.1/../../../../arm-none-eabi/lib/thumb/v7e-m+fp/hard\libm.a(libm_a-math_errf.o)
                0x08010794                __math_uflowf
 .text.__math_oflowf
                0x080107a0        0xc C:/sysgcc/arm-eabi/bin/../lib/gcc/arm-none-eabi/15.2.1/../../../../arm-none-eabi/lib/thumb/v7e-m+fp/hard\libm.a(libm_a-math_errf.o)
                0x080107a0                __math_oflowf
 .text.__kernel_cosf
                0x080107ac      0x104 C:/sysgcc/arm-eabi/bin/../lib/gcc/arm-none-eabi/15.2.1/../../../../arm-none-eabi/lib/thumb/v7e-m+fp/hard\libm.a(libm_a-kf_cos.o)
                0x080107ac                __kernel_cosf
 .text.__kernel_sinf
                0x080108b0       0x90 C:/sysgcc/arm-eabi/bin/../lib/gcc/arm-none-eabi/15.2.1/../../../../arm-none-eabi/lib/thumb/v7e-m+fp/hard\libm.a(libm_a-kf_sin.o)
                0x080108b0                __kernel_sinf
 .text.__kernel_tanf
                0x08010940      0x1b4 C:/sysgcc/arm-eabi/bin/../lib/gcc/arm-none-eabi/15.2.1/../../../../arm-none-eabi/lib/thumb/v7e-m+fp/hard\libm.a(libm_a-kf_tan.o)
                0x08010940                __kernel_tanf
 .text.__ieee754_acosf
                0x08010af4      0x240 C:/sysgcc/arm-eabi/bin/../lib/gcc/arm-none-eabi/15.2.1/../../../../arm-none-eabi/lib/thumb/v7e-m+fp/hard\libm.a(libm_a-ef_acos.o)
                0x08010af4                __ieee754_acosf
 .text.__ieee754_asinf
                0x08010d34      0x214 C:/sysgcc/arm-eabi/bin/../lib/gcc/arm-none-eabi/15.2.1/../../../../arm-none-eabi/lib/thumb/v7e-m+fp/hard\libm.a(libm_a-ef_asin.o)
                0x08010d34                __ieee754_asinf
 .text.__ieee754_atan2f
                0x08010f48      0x144 C:/sysgcc/arm-eabi/bin/../lib/gcc/arm-none-eabi/15.2.1/../../../../arm-none-eabi/lib/thumb/v7e-m+fp/hard\libm.a(libm_a-ef_atan2.o)
                0x08010f48                __ieee754_atan2f
 .text.__ieee754_coshf
                0x0801108c       0xd0 C:/sysgcc/arm-eabi/bin/../lib/gcc/arm-none-eabi/15.2.1/../../../../arm-none-eabi/lib/thumb/v7e-m+fp/hard\libm.a(libm_a-ef_cosh.o)
                0x0801108c                __ieee754_coshf
 .text.__ieee754_expf
                0x0801115c      0x1e8 C:/sysgcc/arm-eabi/bin/../lib/gcc/arm-none-eabi/15.2.1/../../../../arm-none-eabi/lib/thumb/v7e-m+fp/hard\libm.a(libm_a-ef_exp.o)
                0x0801115c                __ieee754_expf
 .text.__ieee754_logf
                0x08011344      0x1f4 C:/sysgcc/arm-eabi/bin/../lib/gcc/arm-none-eabi/15.2.1/../../../../arm-none-eabi/lib/thumb/v7e-m+fp/hard\libm.a(libm_a-ef_log.o)
                0x08011344                __ieee754_logf
 .text.__ieee754_log10f
                0x08011538       0xbc C:/sysgcc/arm-eabi/bin/../lib/gcc/arm-none-eabi/15.2.1/../../../../arm-none-eabi/lib/thumb/v7e-m+fp/hard\libm.a(libm_a-ef_log10.o)
                0x08011538                __ieee754_log10f
 .text.__ieee754_rem_pio2f
                0x080115f4      0x26c C:/sysgcc/arm-eabi/bin/../lib/gcc/arm-none-eabi/15.2.1/../../../../arm-none-eabi/lib/thumb/v7e-m+fp/hard\libm.a(libm_a-ef_rem_pio2.o)
                0x080115f4                __ieee754_rem_pio2f
 .text.__ieee754_sinhf
                0x08011860      0x110 C:/sysgcc/arm-eabi/bin/../lib/gcc/arm-none-eabi/15.2.1/../../../../arm-none-eabi/lib/thumb/v7e-m+fp/hard\libm.a(libm_a-ef_sinh.o)
                0x08011860                __ieee754_sinhf
 .text.atanf    0x08011970      0x1b8 C:/sysgcc/arm-eabi/bin/../lib/gcc/arm-none-eabi/15.2.1/../../../../arm-none-eabi/lib/thumb/v7e-m+fp/hard\libm.a(libm_a-sf_atan.o)
                0x08011970                atanf
 .text.__ieee754_sqrtf
                0x08011b28        0x8 C:/sysgcc/arm-eabi/bin/../lib/gcc/arm-none-eabi/15.2.1/../../../../arm-none-eabi/lib/thumb/v7e-m+fp/hard\libm.a(libm_a-ef_sqrt.o)
                0x08011b28                __ieee754_sqrtf
 .text.__kernel_rem_pio2f
                0x08011b30      0x698 C:/sysgcc/arm-eabi/bin/../lib/gcc/arm-none-eabi/15.2.1/../../../../arm-none-eabi/lib/thumb/v7e-m+fp/hard\libm.a(libm_a-kf_rem_pio2.o)
                0x08011b30                __kernel_rem_pio2f
 .text.scalbnf  0x080121c8       0xdc C:/sysgcc/arm-eabi/bin/../lib/gcc/arm-none-eabi/15.2.1/../../../../arm-none-eabi/lib/thumb/v7e-m+fp/hard\libm.a(libm_a-sf_scalbn.o)
                0x080121c8                scalbnf
 .text.floorf   0x080122a4       0x94 C:/sysgcc/arm-eabi/bin/../lib/gcc/arm-none-eabi/15.2.1/../../../../arm-none-eabi/lib/thumb/v7e-m+fp/hard\libm.a(libm_a-sf_floor.o)
                0x080122a4                floorf
 .text.__udivmoddi4
                0x08012338      0x320 C:/sysgcc/arm-eabi/bin/../lib/gcc/arm-none-eabi/15.2.1/thumb/v7e-m+fp/hard\libgcc.a(_udivmoddi4.o)
                0x08012338                __udivmoddi4
 .text.__cvt    0x08012658       0xbe C:/sysgcc/arm-eabi/bin/../lib/gcc/arm-none-eabi/15.2.1/../../../../arm-none-eabi/lib/thumb/v7e-m+fp/hard\libg_nano.a(libc_a-nano-vfprintf_float.o)
                0x08012658                __cvt
 .text.__exponent
                0x08012716       0x76 C:/sysgcc/arm-eabi/bin/../lib/gcc/arm-none-eabi/15.2.1/../../../../arm-none-eabi/lib/thumb/v7e-m+fp/hard\libg_nano.a(libc_a-nano-vfprintf_float.o)
                0x08012716                __exponent
 .text._printf_float
                0x0801278c      0x448 C:/sysgcc/arm-eabi/bin/../lib/gcc/arm-none-eabi/15.2.1/../../../../arm-none-eabi/lib/thumb/v7e-m+fp/hard\libg_nano.a(libc_a-nano-vfprintf_float.o)
                0x0801278c                _printf_float
 .text._printf_common
                0x08012bd4       0xea C:/sysgcc/arm-eabi/bin/../lib/gcc/arm-none-eabi/15.2.1/../../../../arm-none-eabi/lib/thumb/v7e-m+fp/hard\libg_nano.a(libc_a-nano-vfprintf_i.o)
                0x08012bd4                _printf_common
 *fill*         0x08012cbe        0x2 
 .text._printf_i
                0x08012cc0      0x254 C:/sysgcc/arm-eabi/bin/../lib/gcc/arm-none-eabi/15.2.1/../../../../arm-none-eabi/lib/thumb/v7e-m+fp/hard\libg_nano.a(libc_a-nano-vfprintf_i.o)
                0x08012cc0                _printf_i
 .text.__sflush_r
                0x08012f14      0x100 C:/sysgcc/arm-eabi/bin/../lib/gcc/arm-none-eabi/15.2.1/../../../../arm-none-eabi/lib/thumb/v7e-m+fp/hard\libg_nano.a(libc_a-fflush.o)
                0x08012f14                __sflush_r
 .text._fflush_r
                0x08013014       0x50 C:/sysgcc/arm-eabi/bin/../lib/gcc/arm-none-eabi/15.2.1/../../../../arm-none-eabi/lib/thumb/v7e-m+fp/hard\libg_nano.a(libc_a-fflush.o)
                0x08013014                _fflush_r
 .text.fflush   0x08013064       0x28 C:/sysgcc/arm-eabi/bin/../lib/gcc/arm-none-eabi/15.2.1/../../../../arm-none-eabi/lib/thumb/v7e-m+fp/hard\libg_nano.a(libc_a-fflush.o)
                0x08013064                fflush
 .text.std      0x0801308c       0x6c C:/sysgcc/arm-eabi/bin/../lib/gcc/arm-none-eabi/15.2.1/../../../../arm-none-eabi/lib/thumb/v7e-m+fp/hard\libg_nano.a(libc_a-findfp.o)
 .text.stdio_exit_handler
                0x080130f8       0x18 C:/sysgcc/arm-eabi/bin/../lib/gcc/arm-none-eabi/15.2.1/../../../../arm-none-eabi/lib/thumb/v7e-m+fp/hard\libg_nano.a(libc_a-findfp.o)
 .text.cleanup_stdio
                0x08013110       0x40 C:/sysgcc/arm-eabi/bin/../lib/gcc/arm-none-eabi/15.2.1/../../../../arm-none-eabi/lib/thumb/v7e-m+fp/hard\libg_nano.a(libc_a-findfp.o)
 .text.global_stdio_init.part.0
                0x08013150       0x40 C:/sysgcc/arm-eabi/bin/../lib/gcc/arm-none-eabi/15.2.1/../../../../arm-none-eabi/lib/thumb/v7e-m+fp/hard\libg_nano.a(libc_a-findfp.o)
 .text.__sfp_lock_acquire
                0x08013190        0xc C:/sysgcc/arm-eabi/bin/../lib/gcc/arm-none-eabi/15.2.1/../../../../arm-none-eabi/lib/thumb/v7e-m+fp/hard\libg_nano.a(libc_a-findfp.o)
                0x08013190                __sfp_lock_acquire
 .text.__sfp_lock_release
                0x0801319c        0xc C:/sysgcc/arm-eabi/bin/../lib/gcc/arm-none-eabi/15.2.1/../../../../arm-none-eabi/lib/thumb/v7e-m+fp/hard\libg_nano.a(libc_a-findfp.o)
                0x0801319c                __sfp_lock_release
 .text.__sinit  0x080131a8       0x30 C:/sysgcc/arm-eabi/bin/../lib/gcc/arm-none-eabi/15.2.1/../../../../arm-none-eabi/lib/thumb/v7e-m+fp/hard\libg_nano.a(libc_a-findfp.o)
                0x080131a8                __sinit
 .text._fputs_r
                0x080131d8       0xa0 C:/sysgcc/arm-eabi/bin/../lib/gcc/arm-none-eabi/15.2.1/../../../../arm-none-eabi/lib/thumb/v7e-m+fp/hard\libg_nano.a(libc_a-fputs.o)
                0x080131d8                _fputs_r
 .text.fputs    0x08013278       0x10 C:/sysgcc/arm-eabi/bin/../lib/gcc/arm-none-eabi/15.2.1/../../../../arm-none-eabi/lib/thumb/v7e-m+fp/hard\libg_nano.a(libc_a-fputs.o)
                0x08013278                fputs
 .text._fwalk_sglue
                0x08013288       0x3a C:/sysgcc/arm-eabi/bin/../lib/gcc/arm-none-eabi/15.2.1/../../../../arm-none-eabi/lib/thumb/v7e-m+fp/hard\libg_nano.a(libc_a-fwalk.o)
                0x08013288                _fwalk_sglue
 *fill*         0x080132c2        0x2 
 .text.printf   0x080132c4       0x24 C:/sysgcc/arm-eabi/bin/../lib/gcc/arm-none-eabi/15.2.1/../../../../arm-none-eabi/lib/thumb/v7e-m+fp/hard\libg_nano.a(libc_a-printf.o)
                0x080132c4                iprintf
                0x080132c4                printf
 .text.putchar  0x080132e8       0x10 C:/sysgcc/arm-eabi/bin/../lib/gcc/arm-none-eabi/15.2.1/../../../../arm-none-eabi/lib/thumb/v7e-m+fp/hard\libg_nano.a(libc_a-putchar.o)
                0x080132e8                putchar
 .text._puts_r  0x080132f8       0xaa C:/sysgcc/arm-eabi/bin/../lib/gcc/arm-none-eabi/15.2.1/../../../../arm-none-eabi/lib/thumb/v7e-m+fp/hard\libg_nano.a(libc_a-puts.o)
                0x080132f8                _puts_r
 *fill*         0x080133a2        0x2 
 .text.puts     0x080133a4       0x10 C:/sysgcc/arm-eabi/bin/../lib/gcc/arm-none-eabi/15.2.1/../../../../arm-none-eabi/lib/thumb/v7e-m+fp/hard\libg_nano.a(libc_a-puts.o)
                0x080133a4                puts
 .text.snprintf
                0x080133b4       0x64 C:/sysgcc/arm-eabi/bin/../lib/gcc/arm-none-eabi/15.2.1/../../../../arm-none-eabi/lib/thumb/v7e-m+fp/hard\libg_nano.a(libc_a-snprintf.o)
                0x080133b4                sniprintf
                0x080133b4                snprintf
 .text.__sread  0x08013418       0x22 C:/sysgcc/arm-eabi/bin/../lib/gcc/arm-none-eabi/15.2.1/../../../../arm-none-eabi/lib/thumb/v7e-m+fp/hard\libg_nano.a(libc_a-stdio.o)
                0x08013418                __sread
 .text.__swrite
                0x0801343a       0x38 C:/sysgcc/arm-eabi/bin/../lib/gcc/arm-none-eabi/15.2.1/../../../../arm-none-eabi/lib/thumb/v7e-m+fp/hard\libg_nano.a(libc_a-stdio.o)
                0x0801343a                __swrite
 .text.__sseek  0x08013472       0x26 C:/sysgcc/arm-eabi/bin/../lib/gcc/arm-none-eabi/15.2.1/../../../../arm-none-eabi/lib/thumb/v7e-m+fp/hard\libg_nano.a(libc_a-stdio.o)
                0x08013472                __sseek
 .text.__sclose
                0x08013498        0x8 C:/sysgcc/arm-eabi/bin/../lib/gcc/arm-none-eabi/15.2.1/../../../../arm-none-eabi/lib/thumb/v7e-m+fp/hard\libg_nano.a(libc_a-stdio.o)
                0x08013498                __sclose
 .text.__swbuf_r
                0x080134a0       0x7a C:/sysgcc/arm-eabi/bin/../lib/gcc/arm-none-eabi/15.2.1/../../../../arm-none-eabi/lib/thumb/v7e-m+fp/hard\libg_nano.a(libc_a-wbuf.o)
                0x080134a0                __swbuf_r
 *fill*         0x0801351a        0x2 
 .text.__swsetup_r
                0x0801351c       0xa8 C:/sysgcc/arm-eabi/bin/../lib/gcc/arm-none-eabi/15.2.1/../../../../arm-none-eabi/lib/thumb/v7e-m+fp/hard\libg_nano.a(libc_a-wsetup.o)
                0x0801351c                __swsetup_r
 .text.memset   0x080135c4       0x10 C:/sysgcc/arm-eabi/bin/../lib/gcc/arm-none-eabi/15.2.1/../../../../arm-none-eabi/lib/thumb/v7e-m+fp/hard\libg_nano.a(libc_a-memset.o)
                0x080135c4                memset
 .text._localeconv_r
                0x080135d4        0x8 C:/sysgcc/arm-eabi/bin/../lib/gcc/arm-none-eabi/15.2.1/../../../../arm-none-eabi/lib/thumb/v7e-m+fp/hard\libg_nano.a(libc_a-localeconv.o)
                0x080135d4                _localeconv_r
 .text._close_r
                0x080135dc       0x20 C:/sysgcc/arm-eabi/bin/../lib/gcc/arm-none-eabi/15.2.1/../../../../arm-none-eabi/lib/thumb/v7e-m+fp/hard\libg_nano.a(libc_a-closer.o)
                0x080135dc                _close_r
 .text._lseek_r
                0x080135fc       0x24 C:/sysgcc/arm-eabi/bin/../lib/gcc/arm-none-eabi/15.2.1/../../../../arm-none-eabi/lib/thumb/v7e-m+fp/hard\libg_nano.a(libc_a-lseekr.o)
                0x080135fc                _lseek_r
 .text._read_r  0x08013620       0x24 C:/sysgcc/arm-eabi/bin/../lib/gcc/arm-none-eabi/15.2.1/../../../../arm-none-eabi/lib/thumb/v7e-m+fp/hard\libg_nano.a(libc_a-readr.o)
                0x08013620                _read_r
 .text._write_r
                0x08013644       0x24 C:/sysgcc/arm-eabi/bin/../lib/gcc/arm-none-eabi/15.2.1/../../../../arm-none-eabi/lib/thumb/v7e-m+fp/hard\libg_nano.a(libc_a-writer.o)
                0x08013644                _write_r
 .text.__errno  0x08013668        0xc C:/sysgcc/arm-eabi/bin/../lib/gcc/arm-none-eabi/15.2.1/../../../../arm-none-eabi/lib/thumb/v7e-m+fp/hard\libg_nano.a(libc_a-errno.o)
                0x08013668                __errno
 .text.__libc_init_array
                0x08013674       0x48 C:/sysgcc/arm-eabi/bin/../lib/gcc/arm-none-eabi/15.2.1/../../../../arm-none-eabi/lib/thumb/v7e-m+fp/hard\libg_nano.a(libc_a-init.o)
                0x08013674                __libc_init_array
 .text.__retarget_lock_init_recursive
                0x080136bc        0x2 C:/sysgcc/arm-eabi/bin/../lib/gcc/arm-none-eabi/15.2.1/../../../../arm-none-eabi/lib/thumb/v7e-m+fp/hard\libg_nano.a(libc_a-lock.o)
                0x080136bc                __retarget_lock_init_recursive
 .text.__retarget_lock_acquire_recursive
                0x080136be        0x2 C:/sysgcc/arm-eabi/bin/../lib/gcc/arm-none-eabi/15.2.1/../../../../arm-none-eabi/lib/thumb/v7e-m+fp/hard\libg_nano.a(libc_a-lock.o)
                0x080136be                __retarget_lock_acquire_recursive
 .text.__retarget_lock_release_recursive
                0x080136c0        0x2 C:/sysgcc/arm-eabi/bin/../lib/gcc/arm-none-eabi/15.2.1/../../../../arm-none-eabi/lib/thumb/v7e-m+fp/hard\libg_nano.a(libc_a-lock.o)
                0x080136c0                __retarget_lock_release_recursive
 .text.memcpy   0x080136c2       0x1c C:/sysgcc/arm-eabi/bin/../lib/gcc/arm-none-eabi/15.2.1/../../../../arm-none-eabi/lib/thumb/v7e-m+fp/hard\libg_nano.a(libc_a-memcpy-stub.o)
                0x080136c2                memcpy
 .text.quorem   0x080136de      0x110 C:/sysgcc/arm-eabi/bin/../lib/gcc/arm-none-eabi/15.2.1/../../../../arm-none-eabi/lib/thumb/v7e-m+fp/hard\libg_nano.a(libc_a-dtoa.o)
 *fill*         0x080137ee        0x2 
 .text._dtoa_r  0x080137f0      0xbac C:/sysgcc/arm-eabi/bin/../lib/gcc/arm-none-eabi/15.2.1/../../../../arm-none-eabi/lib/thumb/v7e-m+fp/hard\libg_nano.a(libc_a-dtoa.o)
                0x080137f0                _dtoa_r
 .text._free_r  0x0801439c       0x98 C:/sysgcc/arm-eabi/bin/../lib/gcc/arm-none-eabi/15.2.1/../../../../arm-none-eabi/lib/thumb/v7e-m+fp/hard\libg_nano.a(libc_a-freer.o)
                0x0801439c                _free_r
 .text.malloc   0x08014434       0x10 C:/sysgcc/arm-eabi/bin/../lib/gcc/arm-none-eabi/15.2.1/../../../../arm-none-eabi/lib/thumb/v7e-m+fp/hard\libg_nano.a(libc_a-malloc.o)
                0x08014434                malloc
 .text.sbrk_aligned
                0x08014444       0x44 C:/sysgcc/arm-eabi/bin/../lib/gcc/arm-none-eabi/15.2.1/../../../../arm-none-eabi/lib/thumb/v7e-m+fp/hard\libg_nano.a(libc_a-mallocr.o)
 .text._malloc_r
                0x08014488       0xf8 C:/sysgcc/arm-eabi/bin/../lib/gcc/arm-none-eabi/15.2.1/../../../../arm-none-eabi/lib/thumb/v7e-m+fp/hard\libg_nano.a(libc_a-mallocr.o)
                0x08014488                _malloc_r
 .text.__malloc_lock
                0x08014580        0xc C:/sysgcc/arm-eabi/bin/../lib/gcc/arm-none-eabi/15.2.1/../../../../arm-none-eabi/lib/thumb/v7e-m+fp/hard\libg_nano.a(libc_a-mlock.o)
                0x08014580                __malloc_lock
 .text.__malloc_unlock
                0x0801458c        0xc C:/sysgcc/arm-eabi/bin/../lib/gcc/arm-none-eabi/15.2.1/../../../../arm-none-eabi/lib/thumb/v7e-m+fp/hard\libg_nano.a(libc_a-mlock.o)
                0x0801458c                __malloc_unlock
 .text._Balloc  0x08014598       0x7c C:/sysgcc/arm-eabi/bin/../lib/gcc/arm-none-eabi/15.2.1/../../../../arm-none-eabi/lib/thumb/v7e-m+fp/hard\libg_nano.a(libc_a-mprec.o)
                0x08014598                _Balloc
 .text._Bfree   0x08014614       0x44 C:/sysgcc/arm-eabi/bin/../lib/gcc/arm-none-eabi/15.2.1/../../../../arm-none-eabi/lib/thumb/v7e-m+fp/hard\libg_nano.a(libc_a-mprec.o)
                0x08014614                _Bfree
 .text.__multadd
                0x08014658       0x8c C:/sysgcc/arm-eabi/bin/../lib/gcc/arm-none-eabi/15.2.1/../../../../arm-none-eabi/lib/thumb/v7e-m+fp/hard\libg_nano.a(libc_a-mprec.o)
                0x08014658                __multadd
 .text.__hi0bits
                0x080146e4       0x3c C:/sysgcc/arm-eabi/bin/../lib/gcc/arm-none-eabi/15.2.1/../../../../arm-none-eabi/lib/thumb/v7e-m+fp/hard\libg_nano.a(libc_a-mprec.o)
                0x080146e4                __hi0bits
 .text.__lo0bits
                0x08014720       0x5c C:/sysgcc/arm-eabi/bin/../lib/gcc/arm-none-eabi/15.2.1/../../../../arm-none-eabi/lib/thumb/v7e-m+fp/hard\libg_nano.a(libc_a-mprec.o)
                0x08014720                __lo0bits
 .text.__i2b    0x0801477c       0x2c C:/sysgcc/arm-eabi/bin/../lib/gcc/arm-none-eabi/15.2.1/../../../../arm-none-eabi/lib/thumb/v7e-m+fp/hard\libg_nano.a(libc_a-mprec.o)
                0x0801477c                __i2b
 .text.__multiply
                0x080147a8      0x16c C:/sysgcc/arm-eabi/bin/../lib/gcc/arm-none-eabi/15.2.1/../../../../arm-none-eabi/lib/thumb/v7e-m+fp/hard\libg_nano.a(libc_a-mprec.o)
                0x080147a8                __multiply
 .text.__pow5mult
                0x08014914       0xb8 C:/sysgcc/arm-eabi/bin/../lib/gcc/arm-none-eabi/15.2.1/../../../../arm-none-eabi/lib/thumb/v7e-m+fp/hard\libg_nano.a(libc_a-mprec.o)
                0x08014914                __pow5mult
 .text.__lshift
                0x080149cc       0xe4 C:/sysgcc/arm-eabi/bin/../lib/gcc/arm-none-eabi/15.2.1/../../../../arm-none-eabi/lib/thumb/v7e-m+fp/hard\libg_nano.a(libc_a-mprec.o)
                0x080149cc                __lshift
 .text.__mcmp   0x08014ab0       0x36 C:/sysgcc/arm-eabi/bin/../lib/gcc/arm-none-eabi/15.2.1/../../../../arm-none-eabi/lib/thumb/v7e-m+fp/hard\libg_nano.a(libc_a-mprec.o)
                0x08014ab0                __mcmp
 *fill*         0x08014ae6        0x2 
 .text.__mdiff  0x08014ae8      0x130 C:/sysgcc/arm-eabi/bin/../lib/gcc/arm-none-eabi/15.2.1/../../../../arm-none-eabi/lib/thumb/v7e-m+fp/hard\libg_nano.a(libc_a-mprec.o)
                0x08014ae8                __mdiff
 .text.__d2b    0x08014c18       0xb0 C:/sysgcc/arm-eabi/bin/../lib/gcc/arm-none-eabi/15.2.1/../../../../arm-none-eabi/lib/thumb/v7e-m+fp/hard\libg_nano.a(libc_a-mprec.o)
                0x08014c18                __d2b
 .text.__ssputs_r
                0x08014cc8       0xc0 C:/sysgcc/arm-eabi/bin/../lib/gcc/arm-none-eabi/15.2.1/../../../../arm-none-eabi/lib/thumb/v7e-m+fp/hard\libg_nano.a(libc_a-nano-svfprintf.o)
                0x08014cc8                __ssputs_r
 .text._svfprintf_r
                0x08014d88      0x1f0 C:/sysgcc/arm-eabi/bin/../lib/gcc/arm-none-eabi/15.2.1/../../../../arm-none-eabi/lib/thumb/v7e-m+fp/hard\libg_nano.a(libc_a-nano-svfprintf.o)
                0x08014d88                _svfiprintf_r
                0x08014d88                _svfprintf_r
 .text.__sfputc_r
                0x08014f78       0x2a C:/sysgcc/arm-eabi/bin/../lib/gcc/arm-none-eabi/15.2.1/../../../../arm-none-eabi/lib/thumb/v7e-m+fp/hard\libg_nano.a(libc_a-nano-vfprintf.o)
 .text.__sfputs_r
                0x08014fa2       0x24 C:/sysgcc/arm-eabi/bin/../lib/gcc/arm-none-eabi/15.2.1/../../../../arm-none-eabi/lib/thumb/v7e-m+fp/hard\libg_nano.a(libc_a-nano-vfprintf.o)
                0x08014fa2                __sfputs_r
 *fill*         0x08014fc6        0x2 
 .text._vfprintf_r
                0x08014fc8      0x228 C:/sysgcc/arm-eabi/bin/../lib/gcc/arm-none-eabi/15.2.1/../../../../arm-none-eabi/lib/thumb/v7e-m+fp/hard\libg_nano.a(libc_a-nano-vfprintf.o)
                0x08014fc8                _vfprintf_r
                0x08014fc8                _vfiprintf_r
 .text.__swhatbuf_r
                0x080151f0       0x48 C:/sysgcc/arm-eabi/bin/../lib/gcc/arm-none-eabi/15.2.1/../../../../arm-none-eabi/lib/thumb/v7e-m+fp/hard\libg_nano.a(libc_a-makebuf.o)
                0x080151f0                __swhatbuf_r
 .text.__smakebuf_r
                0x08015238       0x72 C:/sysgcc/arm-eabi/bin/../lib/gcc/arm-none-eabi/15.2.1/../../../../arm-none-eabi/lib/thumb/v7e-m+fp/hard\libg_nano.a(libc_a-makebuf.o)
                0x08015238                __smakebuf_r
 .text._putc_r  0x080152aa       0x68 C:/sysgcc/arm-eabi/bin/../lib/gcc/arm-none-eabi/15.2.1/../../../../arm-none-eabi/lib/thumb/v7e-m+fp/hard\libg_nano.a(libc_a-putc.o)
                0x080152aa                _putc_r
 .text.memmove  0x08015312       0x32 C:/sysgcc/arm-eabi/bin/../lib/gcc/arm-none-eabi/15.2.1/../../../../arm-none-eabi/lib/thumb/v7e-m+fp/hard\libg_nano.a(libc_a-memmove.o)
                0x08015312                memmove
 .text._fstat_r
                0x08015344       0x24 C:/sysgcc/arm-eabi/bin/../lib/gcc/arm-none-eabi/15.2.1/../../../../arm-none-eabi/lib/thumb/v7e-m+fp/hard\libg_nano.a(libc_a-fstatr.o)
                0x08015344                _fstat_r
 .text._isatty_r
                0x08015368       0x20 C:/sysgcc/arm-eabi/bin/../lib/gcc/arm-none-eabi/15.2.1/../../../../arm-none-eabi/lib/thumb/v7e-m+fp/hard\libg_nano.a(libc_a-isattyr.o)
                0x08015368                _isatty_r
 .text._sbrk_r  0x08015388       0x20 C:/sysgcc/arm-eabi/bin/../lib/gcc/arm-none-eabi/15.2.1/../../../../arm-none-eabi/lib/thumb/v7e-m+fp/hard\libg_nano.a(libc_a-sbrkr.o)
                0x08015388                _sbrk_r
 .text.__assert_func
                0x080153a8       0x3c C:/sysgcc/arm-eabi/bin/../lib/gcc/arm-none-eabi/15.2.1/../../../../arm-none-eabi/lib/thumb/v7e-m+fp/hard\libg_nano.a(libc_a-assert.o)
                0x080153a8                __assert_func
 .text._calloc_r
                0x080153e4       0x28 C:/sysgcc/arm-eabi/bin/../lib/gcc/arm-none-eabi/15.2.1/../../../../arm-none-eabi/lib/thumb/v7e-m+fp/hard\libg_nano.a(libc_a-callocr.o)
                0x080153e4                _calloc_r
 .text.__ascii_mbtowc
                0x0801540c       0x24 C:/sysgcc/arm-eabi/bin/../lib/gcc/arm-none-eabi/15.2.1/../../../../arm-none-eabi/lib/thumb/v7e-m+fp/hard\libg_nano.a(libc_a-mbtowc_r.o)
                0x0801540c                __ascii_mbtowc
 .text._realloc_r
                0x08015430       0x5c C:/sysgcc/arm-eabi/bin/../lib/gcc/arm-none-eabi/15.2.1/../../../../arm-none-eabi/lib/thumb/v7e-m+fp/hard\libg_nano.a(libc_a-reallocr.o)
                0x08015430                _realloc_r
 .text.__ascii_wctomb
                0x0801548c       0x1a C:/sysgcc/arm-eabi/bin/../lib/gcc/arm-none-eabi/15.2.1/../../../../arm-none-eabi/lib/thumb/v7e-m+fp/hard\libg_nano.a(libc_a-wctomb_r.o)
                0x0801548c                __ascii_wctomb
 *fill*         0x080154a6        0x2 
 .text.fprintf  0x080154a8       0x24 C:/sysgcc/arm-eabi/bin/../lib/gcc/arm-none-eabi/15.2.1/../../../../arm-none-eabi/lib/thumb/v7e-m+fp/hard\libg_nano.a(libc_a-fprintf.o)
                0x080154a8                fiprintf
                0x080154a8                fprintf
 .text.abort    0x080154cc        0xe C:/sysgcc/arm-eabi/bin/../lib/gcc/arm-none-eabi/15.2.1/../../../../arm-none-eabi/lib/thumb/v7e-m+fp/hard\libg_nano.a(libc_a-abort.o)
                0x080154cc                abort
 .text._malloc_usable_size_r
                0x080154da       0x10 C:/sysgcc/arm-eabi/bin/../lib/gcc/arm-none-eabi/15.2.1/../../../../arm-none-eabi/lib/thumb/v7e-m+fp/hard\libg_nano.a(libc_a-msizer.o)
                0x080154da                _malloc_usable_size_r
 .text._raise_r
                0x080154ea       0x50 C:/sysgcc/arm-eabi/bin/../lib/gcc/arm-none-eabi/15.2.1/../../../../arm-none-eabi/lib/thumb/v7e-m+fp/hard\libg_nano.a(libc_a-signal.o)
                0x080154ea                _raise_r
 *fill*         0x0801553a        0x2 
 .text.raise    0x0801553c       0x10 C:/sysgcc/arm-eabi/bin/../lib/gcc/arm-none-eabi/15.2.1/../../../../arm-none-eabi/lib/thumb/v7e-m+fp/hard\libg_nano.a(libc_a-signal.o)
                0x0801553c                raise
 .text._kill_r  0x0801554c       0x24 C:/sysgcc/arm-eabi/bin/../lib/gcc/arm-none-eabi/15.2.1/../../../../arm-none-eabi/lib/thumb/v7e-m+fp/hard\libg_nano.a(libc_a-signalr.o)
                0x0801554c                _kill_r
 .text._getpid_r
                0x08015570        0x4 C:/sysgcc/arm-eabi/bin/../lib/gcc/arm-none-eabi/15.2.1/../../../../arm-none-eabi/lib/thumb/v7e-m+fp/hard\libg_nano.a(libc_a-signalr.o)
                0x08015570                _getpid_r
 .text._exit    0x08015574       0x14 C:/sysgcc/arm-eabi/bin/../lib/gcc/arm-none-eabi/15.2.1/../../../../arm-none-eabi/lib/thumb/v7e-m+fp/hard\librdimon_nano.a(arm_librdimon_a-_exit.o)
                0x08015574                _exit
 .text._kill_shared
                0x08015588       0x26 C:/sysgcc/arm-eabi/bin/../lib/gcc/arm-none-eabi/15.2.1/../../../../arm-none-eabi/lib/thumb/v7e-m+fp/hard\librdimon_nano.a(arm_librdimon_a-_kill.o)
                0x08015588                _kill_shared
 *fill*         0x080155ae        0x2 
 .text._kill    0x080155b0       0x18 C:/sysgcc/arm-eabi/bin/../lib/gcc/arm-none-eabi/15.2.1/../../../../arm-none-eabi/lib/thumb/v7e-m+fp/hard\librdimon_nano.a(arm_librdimon_a-_kill.o)
                0x080155b0                _kill
 .text.findslot
                0x080155c8       0x34 C:/sysgcc/arm-eabi/bin/../lib/gcc/arm-none-eabi/15.2.1/../../../../arm-none-eabi/lib/thumb/v7e-m+fp/hard\librdimon_nano.a(arm_librdimon_a-syscalls.o)
 .text.error    0x080155fc       0x1c C:/sysgcc/arm-eabi/bin/../lib/gcc/arm-none-eabi/15.2.1/../../../../arm-none-eabi/lib/thumb/v7e-m+fp/hard\librdimon_nano.a(arm_librdimon_a-syscalls.o)
 .text.checkerror
                0x08015618        0xa C:/sysgcc/arm-eabi/bin/../lib/gcc/arm-none-eabi/15.2.1/../../../../arm-none-eabi/lib/thumb/v7e-m+fp/hard\librdimon_nano.a(arm_librdimon_a-syscalls.o)
 .text._swilseek
                0x08015622       0x78 C:/sysgcc/arm-eabi/bin/../lib/gcc/arm-none-eabi/15.2.1/../../../../arm-none-eabi/lib/thumb/v7e-m+fp/hard\librdimon_nano.a(arm_librdimon_a-syscalls.o)
                0x08015622                _swilseek
 .text._lseek   0x0801569a        0x4 C:/sysgcc/arm-eabi/bin/../lib/gcc/arm-none-eabi/15.2.1/../../../../arm-none-eabi/lib/thumb/v7e-m+fp/hard\librdimon_nano.a(arm_librdimon_a-syscalls.o)
                0x0801569a                _lseek
 .text._swiclose
                0x0801569e       0x1a C:/sysgcc/arm-eabi/bin/../lib/gcc/arm-none-eabi/15.2.1/../../../../arm-none-eabi/lib/thumb/v7e-m+fp/hard\librdimon_nano.a(arm_librdimon_a-syscalls.o)
                0x0801569e                _swiclose
 .text._close   0x080156b8       0x4c C:/sysgcc/arm-eabi/bin/../lib/gcc/arm-none-eabi/15.2.1/../../../../arm-none-eabi/lib/thumb/v7e-m+fp/hard\librdimon_nano.a(arm_librdimon_a-syscalls.o)
                0x080156b8                _close
 .text._getpid  0x08015704        0x4 C:/sysgcc/arm-eabi/bin/../lib/gcc/arm-none-eabi/15.2.1/../../../../arm-none-eabi/lib/thumb/v7e-m+fp/hard\librdimon_nano.a(arm_librdimon_a-syscalls.o)
                0x08015704                _getpid
 .text._swistat
                0x08015708       0x42 C:/sysgcc/arm-eabi/bin/../lib/gcc/arm-none-eabi/15.2.1/../../../../arm-none-eabi/lib/thumb/v7e-m+fp/hard\librdimon_nano.a(arm_librdimon_a-syscalls.o)
                0x08015708                _swistat
 .text._fstat   0x0801574a       0x1a C:/sysgcc/arm-eabi/bin/../lib/gcc/arm-none-eabi/15.2.1/../../../../arm-none-eabi/lib/thumb/v7e-m+fp/hard\librdimon_nano.a(arm_librdimon_a-syscalls.o)
                0x0801574a                _fstat
 .text._stat    0x08015764       0x3a C:/sysgcc/arm-eabi/bin/../lib/gcc/arm-none-eabi/15.2.1/../../../../arm-none-eabi/lib/thumb/v7e-m+fp/hard\librdimon_nano.a(arm_librdimon_a-syscalls.o)
                0x08015764                _stat
 *fill*         0x0801579e        0x2 
 .text._swiopen
                0x080157a0       0xb4 C:/sysgcc/arm-eabi/bin/../lib/gcc/arm-none-eabi/15.2.1/../../../../arm-none-eabi/lib/thumb/v7e-m+fp/hard\librdimon_nano.a(arm_librdimon_a-syscalls.o)
                0x080157a0                _swiopen
 .text._get_semihosting_exts
                0x08015854       0xb0 C:/sysgcc/arm-eabi/bin/../lib/gcc/arm-none-eabi/15.2.1/../../../../arm-none-eabi/lib/thumb/v7e-m+fp/hard\librdimon_nano.a(arm_librdimon_a-syscalls.o)
                0x08015854                _get_semihosting_exts
 .text.initialise_semihosting_exts
                0x08015904       0x34 C:/sysgcc/arm-eabi/bin/../lib/gcc/arm-none-eabi/15.2.1/../../../../arm-none-eabi/lib/thumb/v7e-m+fp/hard\librdimon_nano.a(arm_librdimon_a-syscalls.o)
 .text._has_ext_exit_extended
                0x08015938       0x18 C:/sysgcc/arm-eabi/bin/../lib/gcc/arm-none-eabi/15.2.1/../../../../arm-none-eabi/lib/thumb/v7e-m+fp/hard\librdimon_nano.a(arm_librdimon_a-syscalls.o)
                0x08015938                _has_ext_exit_extended
 .text._has_ext_stdout_stderr
                0x08015950       0x18 C:/sysgcc/arm-eabi/bin/../lib/gcc/arm-none-eabi/15.2.1/../../../../arm-none-eabi/lib/thumb/v7e-m+fp/hard\librdimon_nano.a(arm_librdimon_a-syscalls.o)
                0x08015950                _has_ext_stdout_stderr
 .text.initialise_monitor_handles
                0x08015968       0xbc C:/sysgcc/arm-eabi/bin/../lib/gcc/arm-none-eabi/15.2.1/../../../../arm-none-eabi/lib/thumb/v7e-m+fp/hard\librdimon_nano.a(arm_librdimon_a-syscalls.o)
                0x08015968                initialise_monitor_handles
 .text._isatty  0x08015a24       0x3a C:/sysgcc/arm-eabi/bin/../lib/gcc/arm-none-eabi/15.2.1/../../../../arm-none-eabi/lib/thumb/v7e-m+fp/hard\librdimon_nano.a(arm_librdimon_a-syscalls.o)
                0x08015a24                _isatty
 *(.glue_7)
 .glue_7        0x08015a5e        0x0 linker stubs
 *(.glue_7t)
 .glue_7t       0x08015a5e        0x0 linker stubs
 *(.eh_frame)
 *fill*         0x08015a5e        0x2 
 .eh_frame      0x08015a60        0x0 C:/sysgcc/arm-eabi/bin/../lib/gcc/arm-none-eabi/15.2.1/thumb/v7e-m+fp/hard/crtbegin.o
 *(.init)
 .init          0x08015a60        0x4 C:/sysgcc/arm-eabi/bin/../lib/gcc/arm-none-eabi/15.2.1/thumb/v7e-m+fp/hard/crti.o
                0x08015a60                _init
 .init          0x08015a64        0x8 C:/sysgcc/arm-eabi/bin/../lib/gcc/arm-none-eabi/15.2.1/thumb/v7e-m+fp/hard/crtn.o
 *(.fini)
 .fini          0x08015a6c        0x4 C:/sysgcc/arm-eabi/bin/../lib/gcc/arm-none-eabi/15.2.1/thumb/v7e-m+fp/hard/crti.o
                0x08015a6c                _fini
 .fini          0x08015a70        0x8 C:/sysgcc/arm-eabi/bin/../lib/gcc/arm-none-eabi/15.2.1/thumb/v7e-m+fp/hard/crtn.o
                0x08015a78                        . = ALIGN (0x4)
                0x08015a78                        _etext = .

.vfp11_veneer   0x08015a78        0x0
 .vfp11_veneer  0x08015a78        0x0 linker stubs

.v4_bx          0x08015a78        0x0
 .v4_bx         0x08015a78        0x0 linker stubs

.iplt           0x08015a78        0x0
 .iplt          0x08015a78        0x0 C:/sysgcc/arm-eabi/bin/../lib/gcc/arm-none-eabi/15.2.1/thumb/v7e-m+fp/hard/crtbegin.o

.rodata         0x08015a78     0x434c
                0x08015a78                        . = ALIGN (0x4)
 *(.rodata)
 .rodata        0x08015a78        0xc CMakeFiles/BSP_EFP_Profiler.dir/C_/Users/ejtagle/AppData/Local/VisualGDB/EmbeddedEFPs/Profiler/TestResourceManager.cpp.obj
 .rodata        0x08015a84      0x6f0 CMakeFiles/EmbeddedUnitTests.dir/Tests/Src/tests.cpp.obj
 *(.rodata*)
 .rodata.AHBPrescTable
                0x08016174       0x10 CMakeFiles/BSP.dir/Core/Src/system_stm32f4xx.c.obj
                0x08016174                AHBPrescTable
 .rodata._ZZN13SoftFloatTestL28test_invariant_normalizationEvENKUl9SoftFloatPKcE_clES0_S2_.isra.0.str1.4
                0x08016184     0x1b5f CMakeFiles/EmbeddedUnitTests.dir/Tests/Src/tests.cpp.obj
                                 0x51 (size before relaxing)
 .rodata._ZN13SoftFloatTestL19test_exp_saturationEv.str1.4
                0x08017ce3        0x0 CMakeFiles/EmbeddedUnitTests.dir/Tests/Src/tests.cpp.obj
                                 0x5f (size before relaxing)
 .rodata._ZN13SoftFloatTestL19test_zero_semanticsEv.str1.4
                0x08017ce3        0x0 CMakeFiles/EmbeddedUnitTests.dir/Tests/Src/tests.cpp.obj
                                 0x15 (size before relaxing)
 .rodata._ZN13SoftFloatTestL16test_shift_edgesEv.str1.4
                0x08017ce3        0x0 CMakeFiles/EmbeddedUnitTests.dir/Tests/Src/tests.cpp.obj
                                 0x4d (size before relaxing)
 .rodata._ZN13SoftFloatTestL19test_multiplicationEv.str1.4
                0x08017ce3        0x0 CMakeFiles/EmbeddedUnitTests.dir/Tests/Src/tests.cpp.obj
                                 0x34 (size before relaxing)
 .rodata._ZN13SoftFloatTestL9test_edgeEv.str1.4
                0x08017ce3        0x0 CMakeFiles/EmbeddedUnitTests.dir/Tests/Src/tests.cpp.obj
                                  0xc (size before relaxing)
 .rodata._ZN13SoftFloatTestL11test_stressEi.constprop.0.str1.4
                0x08017ce3        0x0 CMakeFiles/EmbeddedUnitTests.dir/Tests/Src/tests.cpp.obj
                                 0x82 (size before relaxing)
 .rodata._ZN13SoftFloatTestL9test_fmmaEv.str1.4
                0x08017ce3        0x0 CMakeFiles/EmbeddedUnitTests.dir/Tests/Src/tests.cpp.obj
                                 0x14 (size before relaxing)
 .rodata._ZN13SoftFloatTestL13test_divisionEv.str1.4
                0x08017ce3        0x0 CMakeFiles/EmbeddedUnitTests.dir/Tests/Src/tests.cpp.obj
                                 0x34 (size before relaxing)
 .rodata._ZN13SoftFloatTestL13test_int_ctorEv.str1.4
                0x08017ce3        0x0 CMakeFiles/EmbeddedUnitTests.dir/Tests/Src/tests.cpp.obj
                                 0x14 (size before relaxing)
 .rodata._ZN13SoftFloatTestL16test_subtractionEv.str1.4
                0x08017ce3        0x0 CMakeFiles/EmbeddedUnitTests.dir/Tests/Src/tests.cpp.obj
                                 0x20 (size before relaxing)
 .rodata._ZN13SoftFloatTestL13test_additionEv.str1.4
                0x08017ce3        0x0 CMakeFiles/EmbeddedUnitTests.dir/Tests/Src/tests.cpp.obj
                                 0x3a (size before relaxing)
 .rodata._ZN13SoftFloatTestL13test_int_convEv.str1.4
                0x08017ce3        0x0 CMakeFiles/EmbeddedUnitTests.dir/Tests/Src/tests.cpp.obj
                                 0x1c (size before relaxing)
 .rodata._ZN13SoftFloatTestL15test_float_ctorEv.str1.4
                0x08017ce3        0x0 CMakeFiles/EmbeddedUnitTests.dir/Tests/Src/tests.cpp.obj
                                 0x1a (size before relaxing)
 .rodata._ZN13SoftFloatTestL14test_constantsEv.str1.4
                0x08017ce3        0x0 CMakeFiles/EmbeddedUnitTests.dir/Tests/Src/tests.cpp.obj
                                 0x1b (size before relaxing)
 .rodata._ZN13SoftFloatTestL13test_overflowEv.str1.4
                0x08017ce3        0x0 CMakeFiles/EmbeddedUnitTests.dir/Tests/Src/tests.cpp.obj
                                 0x19 (size before relaxing)
 .rodata._ZN13SoftFloatTestL19test_int_conv_edgesEv.str1.4
                0x08017ce3        0x0 CMakeFiles/EmbeddedUnitTests.dir/Tests/Src/tests.cpp.obj
                                 0x5d (size before relaxing)
 .rodata._ZN13SoftFloatTestL13test_compoundEv.str1.4
                0x08017ce3        0x0 CMakeFiles/EmbeddedUnitTests.dir/Tests/Src/tests.cpp.obj
                                 0x1e (size before relaxing)
 .rodata._ZN13SoftFloatTestL21test_comparison_logicEv.str1.4
                0x08017ce3        0x0 CMakeFiles/EmbeddedUnitTests.dir/Tests/Src/tests.cpp.obj
                                 0x39 (size before relaxing)
 .rodata._ZN13SoftFloatTestL9test_exprEv.str1.4
                0x08017ce3        0x0 CMakeFiles/EmbeddedUnitTests.dir/Tests/Src/tests.cpp.obj
                                 0x24 (size before relaxing)
 .rodata._ZN13SoftFloatTestL12test_chainedEv.str1.4
                0x08017ce3        0x0 CMakeFiles/EmbeddedUnitTests.dir/Tests/Src/tests.cpp.obj
                                 0x39 (size before relaxing)
 .rodata._ZN13SoftFloatTestL8test_fmaEv.str1.4
                0x08017ce3        0x0 CMakeFiles/EmbeddedUnitTests.dir/Tests/Src/tests.cpp.obj
                                 0x25 (size before relaxing)
 .rodata._ZN13SoftFloatTestL18test_copysign_fmodEv.str1.4
                0x08017ce3        0x0 CMakeFiles/EmbeddedUnitTests.dir/Tests/Src/tests.cpp.obj
                                 0x3f (size before relaxing)
 .rodata._ZN13SoftFloatTestL18test_expr_negationEv.str1.4
                0x08017ce3        0x0 CMakeFiles/EmbeddedUnitTests.dir/Tests/Src/tests.cpp.obj
                                 0x34 (size before relaxing)
 .rodata._ZN13SoftFloatTestL17test_fms_extendedEv.str1.4
                0x08017ce3        0x0 CMakeFiles/EmbeddedUnitTests.dir/Tests/Src/tests.cpp.obj
                                 0x1d (size before relaxing)
 .rodata._ZN13SoftFloatTestL8test_fmsEv.str1.4
                0x08017ce3        0x0 CMakeFiles/EmbeddedUnitTests.dir/Tests/Src/tests.cpp.obj
                                 0x25 (size before relaxing)
 .rodata._ZN13SoftFloatTestL13test_inv_sqrtEv.str1.4
                0x08017ce3        0x0 CMakeFiles/EmbeddedUnitTests.dir/Tests/Src/tests.cpp.obj
                                 0x20 (size before relaxing)
 .rodata._ZN13SoftFloatTestL9test_sqrtEv.str1.4
                0x08017ce3        0x0 CMakeFiles/EmbeddedUnitTests.dir/Tests/Src/tests.cpp.obj
                                 0x1c (size before relaxing)
 .rodata._ZN13SoftFloatTestL18test_fmms_extendedEv.str1.4
                0x08017ce3        0x0 CMakeFiles/EmbeddedUnitTests.dir/Tests/Src/tests.cpp.obj
                                 0x1e (size before relaxing)
 .rodata._ZN13SoftFloatTestL8test_tanEv.str1.4
                0x08017ce3        0x0 CMakeFiles/EmbeddedUnitTests.dir/Tests/Src/tests.cpp.obj
                                 0x20 (size before relaxing)
 .rodata._ZN13SoftFloatTestL28test_invariant_normalizationEv.str1.4
                0x08017ce3        0x0 CMakeFiles/EmbeddedUnitTests.dir/Tests/Src/tests.cpp.obj
                                 0x71 (size before relaxing)
 .rodata._ZN13SoftFloatTestL8test_cosEv.str1.4
                0x08017ce3        0x0 CMakeFiles/EmbeddedUnitTests.dir/Tests/Src/tests.cpp.obj
                                 0x25 (size before relaxing)
 .rodata._ZN13SoftFloatTestL8test_sinEv.str1.4
                0x08017ce3        0x0 CMakeFiles/EmbeddedUnitTests.dir/Tests/Src/tests.cpp.obj
                                 0x2b (size before relaxing)
 .rodata._ZN13SoftFloatTestL20test_math_symmetriesEv.str1.4
                0x08017ce3        0x0 CMakeFiles/EmbeddedUnitTests.dir/Tests/Src/tests.cpp.obj
                                 0x8e (size before relaxing)
 .rodata._ZN13SoftFloatTestL17test_corner_casesEv.str1.4
                0x08017ce3        0x0 CMakeFiles/EmbeddedUnitTests.dir/Tests/Src/tests.cpp.obj
                                0x139 (size before relaxing)
 .rodata._ZN13SoftFloatTestL13test_atan2_v2Ev.str1.4
                0x08017ce3        0x0 CMakeFiles/EmbeddedUnitTests.dir/Tests/Src/tests.cpp.obj
                                 0xe3 (size before relaxing)
 .rodata._ZZN13SoftFloatTestL10test_atan2EvENKUlffPKcE_clEffS1_.isra.0.str1.4
                0x08017ce3        0x0 CMakeFiles/EmbeddedUnitTests.dir/Tests/Src/tests.cpp.obj
                                 0xb0 (size before relaxing)
 .rodata._ZN13SoftFloatTestL10test_atan2Ev.str1.4
                0x08017ce3        0x0 CMakeFiles/EmbeddedUnitTests.dir/Tests/Src/tests.cpp.obj
                                0x12a (size before relaxing)
 .rodata._ZN13SoftFloatTestL14test_asin_acosEv.str1.4
                0x08017ce3        0x0 CMakeFiles/EmbeddedUnitTests.dir/Tests/Src/tests.cpp.obj
                                 0x45 (size before relaxing)
 .rodata._ZN13SoftFloatTestL15test_hyperbolicEv.str1.4
                0x08017ce3        0x0 CMakeFiles/EmbeddedUnitTests.dir/Tests/Src/tests.cpp.obj
                                 0x69 (size before relaxing)
 .rodata._ZN13SoftFloatTestL8test_expEv.str1.4
                0x08017ce3        0x0 CMakeFiles/EmbeddedUnitTests.dir/Tests/Src/tests.cpp.obj
                                 0x37 (size before relaxing)
 .rodata._ZN13SoftFloatTestL8test_logEv.str1.4
                0x08017ce3        0x0 CMakeFiles/EmbeddedUnitTests.dir/Tests/Src/tests.cpp.obj
                                 0x66 (size before relaxing)
 .rodata._ZN13SoftFloatTestL8test_powEv.str1.4
                0x08017ce3        0x0 CMakeFiles/EmbeddedUnitTests.dir/Tests/Src/tests.cpp.obj
                                 0x26 (size before relaxing)
 .rodata._ZN13SoftFloatTestL13test_roundingEv.str1.4
                0x08017ce3        0x0 CMakeFiles/EmbeddedUnitTests.dir/Tests/Src/tests.cpp.obj
                                 0x47 (size before relaxing)
 .rodata._ZN13SoftFloatTestL15test_lerp_edgesEv.str1.4
                0x08017ce3        0x0 CMakeFiles/EmbeddedUnitTests.dir/Tests/Src/tests.cpp.obj
                                 0x67 (size before relaxing)
 .rodata._ZN13SoftFloatTestL14run_benchmarksEv.str1.4
                0x08017ce3        0x0 CMakeFiles/EmbeddedUnitTests.dir/Tests/Src/tests.cpp.obj
                                0x6fa (size before relaxing)
 .rodata._ZN13SoftFloatTestL7run_allEv.str1.4
                0x08017ce3        0x0 CMakeFiles/EmbeddedUnitTests.dir/Tests/Src/tests.cpp.obj
                                0x196 (size before relaxing)
 .rodata.str1.4
                0x08017ce3        0x0 CMakeFiles/EmbeddedUnitTests.dir/Tests/Src/tests.cpp.obj
                                0x4c7 (size before relaxing)
 *fill*         0x08017ce3        0x1 
 .rodata.C.197.4
                0x08017ce4       0x10 CMakeFiles/EmbeddedUnitTests.dir/Tests/Src/tests.cpp.obj
 .rodata.C.196.3
                0x08017cf4       0x14 CMakeFiles/EmbeddedUnitTests.dir/Tests/Src/tests.cpp.obj
 .rodata.C.195.2
                0x08017d08       0x18 CMakeFiles/EmbeddedUnitTests.dir/Tests/Src/tests.cpp.obj
 .rodata.C.175.0
                0x08017d20        0xc CMakeFiles/EmbeddedUnitTests.dir/Tests/Src/tests.cpp.obj
 .rodata._ZN13SoftFloatTestL5testsE
                0x08017d2c      0x1b8 CMakeFiles/EmbeddedUnitTests.dir/Tests/Src/tests.cpp.obj
 .rodata._ZL8LOG2_EXP
                0x08017ee4      0x101 CMakeFiles/EmbeddedUnitTests.dir/Tests/Src/tests.cpp.obj
 *fill*         0x08017fe5        0x3 
 .rodata._ZL9LOG2_MANT
                0x08017fe8      0x404 CMakeFiles/EmbeddedUnitTests.dir/Tests/Src/tests.cpp.obj
 .rodata._ZL8EXP_MANT
                0x080183ec      0x404 CMakeFiles/EmbeddedUnitTests.dir/Tests/Src/tests.cpp.obj
 .rodata._ZL8ATAN_EXP
                0x080187f0      0x101 CMakeFiles/EmbeddedUnitTests.dir/Tests/Src/tests.cpp.obj
 *fill*         0x080188f1        0x3 
 .rodata._ZL9ATAN_MANT
                0x080188f4      0x404 CMakeFiles/EmbeddedUnitTests.dir/Tests/Src/tests.cpp.obj
 .rodata._ZL13INV_SQRT_MANT
                0x08018cf8      0x404 CMakeFiles/EmbeddedUnitTests.dir/Tests/Src/tests.cpp.obj
 .rodata._ZL10SF_SIN_EXP
                0x080190fc      0x101 CMakeFiles/EmbeddedUnitTests.dir/Tests/Src/tests.cpp.obj
 *fill*         0x080191fd        0x3 
 .rodata._ZL11SF_SIN_MANT
                0x08019200      0x404 CMakeFiles/EmbeddedUnitTests.dir/Tests/Src/tests.cpp.obj
 .rodata.linpack.str1.4
                0x08019604        0x0 CMakeFiles/EmbeddedUnitTests.dir/Tests/Src/linpack.cpp.obj
                                0x12b (size before relaxing)
 .rodata.acosf.str1.4
                0x08019604        0x0 C:/sysgcc/arm-eabi/bin/../lib/gcc/arm-none-eabi/15.2.1/../../../../arm-none-eabi/lib/thumb/v7e-m+fp/hard\libm.a(libm_a-wf_acos.o)
                                  0x1 (size before relaxing)
 .rodata.asinf.str1.4
                0x08019604        0x0 C:/sysgcc/arm-eabi/bin/../lib/gcc/arm-none-eabi/15.2.1/../../../../arm-none-eabi/lib/thumb/v7e-m+fp/hard\libm.a(libm_a-wf_asin.o)
                                  0x1 (size before relaxing)
 .rodata.logf.str1.4
                0x08019604        0x0 C:/sysgcc/arm-eabi/bin/../lib/gcc/arm-none-eabi/15.2.1/../../../../arm-none-eabi/lib/thumb/v7e-m+fp/hard\libm.a(libm_a-wf_log.o)
                                  0x1 (size before relaxing)
 .rodata.log10f.str1.4
                0x08019604        0x0 C:/sysgcc/arm-eabi/bin/../lib/gcc/arm-none-eabi/15.2.1/../../../../arm-none-eabi/lib/thumb/v7e-m+fp/hard\libm.a(libm_a-wf_log10.o)
                                  0x1 (size before relaxing)
 .rodata.tiny   0x08019604        0x4 C:/sysgcc/arm-eabi/bin/../lib/gcc/arm-none-eabi/15.2.1/../../../../arm-none-eabi/lib/thumb/v7e-m+fp/hard\libm.a(libm_a-sf_tanh.o)
 .rodata.two    0x08019608        0x4 C:/sysgcc/arm-eabi/bin/../lib/gcc/arm-none-eabi/15.2.1/../../../../arm-none-eabi/lib/thumb/v7e-m+fp/hard\libm.a(libm_a-sf_tanh.o)
 .rodata.one    0x0801960c        0x4 C:/sysgcc/arm-eabi/bin/../lib/gcc/arm-none-eabi/15.2.1/../../../../arm-none-eabi/lib/thumb/v7e-m+fp/hard\libm.a(libm_a-sf_tanh.o)
 .rodata.CSWTCH.7
                0x08019610        0xc C:/sysgcc/arm-eabi/bin/../lib/gcc/arm-none-eabi/15.2.1/../../../../arm-none-eabi/lib/thumb/v7e-m+fp/hard\libm.a(libm_a-ef_atan2.o)
 .rodata.CSWTCH.6
                0x0801961c        0xc C:/sysgcc/arm-eabi/bin/../lib/gcc/arm-none-eabi/15.2.1/../../../../arm-none-eabi/lib/thumb/v7e-m+fp/hard\libm.a(libm_a-ef_atan2.o)
 .rodata.ln2LO  0x08019628        0x8 C:/sysgcc/arm-eabi/bin/../lib/gcc/arm-none-eabi/15.2.1/../../../../arm-none-eabi/lib/thumb/v7e-m+fp/hard\libm.a(libm_a-ef_exp.o)
 .rodata.ln2HI  0x08019630        0x8 C:/sysgcc/arm-eabi/bin/../lib/gcc/arm-none-eabi/15.2.1/../../../../arm-none-eabi/lib/thumb/v7e-m+fp/hard\libm.a(libm_a-ef_exp.o)
 .rodata.halF   0x08019638        0x8 C:/sysgcc/arm-eabi/bin/../lib/gcc/arm-none-eabi/15.2.1/../../../../arm-none-eabi/lib/thumb/v7e-m+fp/hard\libm.a(libm_a-ef_exp.o)
 .rodata.npio2_hw
                0x08019640       0x80 C:/sysgcc/arm-eabi/bin/../lib/gcc/arm-none-eabi/15.2.1/../../../../arm-none-eabi/lib/thumb/v7e-m+fp/hard\libm.a(libm_a-ef_rem_pio2.o)
 .rodata.two_over_pi
                0x080196c0      0x318 C:/sysgcc/arm-eabi/bin/../lib/gcc/arm-none-eabi/15.2.1/../../../../arm-none-eabi/lib/thumb/v7e-m+fp/hard\libm.a(libm_a-ef_rem_pio2.o)
 .rodata.atanlo
                0x080199d8       0x10 C:/sysgcc/arm-eabi/bin/../lib/gcc/arm-none-eabi/15.2.1/../../../../arm-none-eabi/lib/thumb/v7e-m+fp/hard\libm.a(libm_a-sf_atan.o)
 .rodata.atanhi
                0x080199e8       0x10 C:/sysgcc/arm-eabi/bin/../lib/gcc/arm-none-eabi/15.2.1/../../../../arm-none-eabi/lib/thumb/v7e-m+fp/hard\libm.a(libm_a-sf_atan.o)
 .rodata.PIo2   0x080199f8       0x2c C:/sysgcc/arm-eabi/bin/../lib/gcc/arm-none-eabi/15.2.1/../../../../arm-none-eabi/lib/thumb/v7e-m+fp/hard\libm.a(libm_a-kf_rem_pio2.o)
 .rodata.init_jk
                0x08019a24        0xc C:/sysgcc/arm-eabi/bin/../lib/gcc/arm-none-eabi/15.2.1/../../../../arm-none-eabi/lib/thumb/v7e-m+fp/hard\libm.a(libm_a-kf_rem_pio2.o)
 .rodata._printf_float.str1.1
                0x08019a30      0x18d C:/sysgcc/arm-eabi/bin/../lib/gcc/arm-none-eabi/15.2.1/../../../../arm-none-eabi/lib/thumb/v7e-m+fp/hard\libg_nano.a(libc_a-nano-vfprintf_float.o)
                                 0x12 (size before relaxing)
 .rodata._printf_i.str1.1
                0x08019bbd        0x0 C:/sysgcc/arm-eabi/bin/../lib/gcc/arm-none-eabi/15.2.1/../../../../arm-none-eabi/lib/thumb/v7e-m+fp/hard\libg_nano.a(libc_a-nano-vfprintf_i.o)
                                 0x22 (size before relaxing)
 .rodata._dtoa_r.str1.1
                0x08019bbd        0x0 C:/sysgcc/arm-eabi/bin/../lib/gcc/arm-none-eabi/15.2.1/../../../../arm-none-eabi/lib/thumb/v7e-m+fp/hard\libg_nano.a(libc_a-dtoa.o)
                                 0x90 (size before relaxing)
 .rodata._Balloc.str1.1
                0x08019bbd        0x0 C:/sysgcc/arm-eabi/bin/../lib/gcc/arm-none-eabi/15.2.1/../../../../arm-none-eabi/lib/thumb/v7e-m+fp/hard\libg_nano.a(libc_a-mprec.o)
                                 0x71 (size before relaxing)
 .rodata.__multadd.str1.1
                0x08019bbd        0x0 C:/sysgcc/arm-eabi/bin/../lib/gcc/arm-none-eabi/15.2.1/../../../../arm-none-eabi/lib/thumb/v7e-m+fp/hard\libg_nano.a(libc_a-mprec.o)
                                 0x11 (size before relaxing)
 *fill*         0x08019bbd        0x3 
 .rodata.p05.0  0x08019bc0        0xc C:/sysgcc/arm-eabi/bin/../lib/gcc/arm-none-eabi/15.2.1/../../../../arm-none-eabi/lib/thumb/v7e-m+fp/hard\libg_nano.a(libc_a-mprec.o)
 *fill*         0x08019bcc        0x4 
 .rodata.__mprec_bigtens
                0x08019bd0       0x28 C:/sysgcc/arm-eabi/bin/../lib/gcc/arm-none-eabi/15.2.1/../../../../arm-none-eabi/lib/thumb/v7e-m+fp/hard\libg_nano.a(libc_a-mprec.o)
                0x08019bd0                __mprec_bigtens
 .rodata.__mprec_tens
                0x08019bf8       0xc8 C:/sysgcc/arm-eabi/bin/../lib/gcc/arm-none-eabi/15.2.1/../../../../arm-none-eabi/lib/thumb/v7e-m+fp/hard\libg_nano.a(libc_a-mprec.o)
                0x08019bf8                __mprec_tens
 .rodata._svfprintf_r.str1.1
                0x08019cc0        0x0 C:/sysgcc/arm-eabi/bin/../lib/gcc/arm-none-eabi/15.2.1/../../../../arm-none-eabi/lib/thumb/v7e-m+fp/hard\libg_nano.a(libc_a-nano-svfprintf.o)
                                 0x11 (size before relaxing)
 .rodata._vfprintf_r.str1.1
                0x08019cc0        0x0 C:/sysgcc/arm-eabi/bin/../lib/gcc/arm-none-eabi/15.2.1/../../../../arm-none-eabi/lib/thumb/v7e-m+fp/hard\libg_nano.a(libc_a-nano-vfprintf.o)
                                 0x11 (size before relaxing)
 .rodata._setlocale_r.str1.1
                0x08019cc0        0x0 C:/sysgcc/arm-eabi/bin/../lib/gcc/arm-none-eabi/15.2.1/../../../../arm-none-eabi/lib/thumb/v7e-m+fp/hard\libg_nano.a(libc_a-locale.o)
                                  0x9 (size before relaxing)
 .rodata.str1.1
                0x08019cc0        0x0 C:/sysgcc/arm-eabi/bin/../lib/gcc/arm-none-eabi/15.2.1/../../../../arm-none-eabi/lib/thumb/v7e-m+fp/hard\libg_nano.a(libc_a-locale.o)
                                  0x2 (size before relaxing)
 .rodata.__assert_func.str1.1
                0x08019cc0        0x0 C:/sysgcc/arm-eabi/bin/../lib/gcc/arm-none-eabi/15.2.1/../../../../arm-none-eabi/lib/thumb/v7e-m+fp/hard\libg_nano.a(libc_a-assert.o)
                                 0x3d (size before relaxing)
 .rodata._ctype_
                0x08019cc0      0x101 C:/sysgcc/arm-eabi/bin/../lib/gcc/arm-none-eabi/15.2.1/../../../../arm-none-eabi/lib/thumb/v7e-m+fp/hard\libg_nano.a(libc_a-ctype_.o)
                0x08019cc0                _ctype_
 .rodata._get_semihosting_exts.str1.1
                0x08019dc1        0x0 C:/sysgcc/arm-eabi/bin/../lib/gcc/arm-none-eabi/15.2.1/../../../../arm-none-eabi/lib/thumb/v7e-m+fp/hard\librdimon_nano.a(arm_librdimon_a-syscalls.o)
                                 0x16 (size before relaxing)
 .rodata.initialise_monitor_handles.str1.1
                0x08019dc1        0x0 C:/sysgcc/arm-eabi/bin/../lib/gcc/arm-none-eabi/15.2.1/../../../../arm-none-eabi/lib/thumb/v7e-m+fp/hard\librdimon_nano.a(arm_librdimon_a-syscalls.o)
                                  0x4 (size before relaxing)
                0x08019dc4                        . = ALIGN (0x4)
 *fill*         0x08019dc1        0x3 

.ARM.extab      0x08019dc4        0x0
                0x08019dc4                        . = ALIGN (0x4)
 *(.ARM.extab* .gnu.linkonce.armextab.*)
                0x08019dc4                        . = ALIGN (0x4)

.ARM            0x08019dc4        0x8
                0x08019dc4                        . = ALIGN (0x4)
                0x08019dc4                        __exidx_start = .
 *(.ARM.exidx*)
 .ARM.exidx     0x08019dc4        0x8 C:/sysgcc/arm-eabi/bin/../lib/gcc/arm-none-eabi/15.2.1/../../../../arm-none-eabi/lib/thumb/v7e-m+fp/hard\libg_nano.a(libc_a-memchr.o)
 .ARM.exidx     0x08019dcc        0x0 C:/sysgcc/arm-eabi/bin/../lib/gcc/arm-none-eabi/15.2.1/../../../../arm-none-eabi/lib/thumb/v7e-m+fp/hard\libg_nano.a(libc_a-strlen.o)
                                  0x8 (size before relaxing)
 .ARM.exidx.text.__udivmoddi4
                0x08019dcc        0x0 C:/sysgcc/arm-eabi/bin/../lib/gcc/arm-none-eabi/15.2.1/thumb/v7e-m+fp/hard\libgcc.a(_udivmoddi4.o)
                                  0x8 (size before relaxing)
                0x08019dcc                        __exidx_end = .
                0x08019dcc                        . = ALIGN (0x4)

.preinit_array  0x08019dcc        0x0
                0x08019dcc                        . = ALIGN (0x4)
                0x08019dcc                        PROVIDE (__preinit_array_start = .)
 *(.preinit_array*)
                0x08019dcc                        PROVIDE (__preinit_array_end = .)
                0x08019dcc                        . = ALIGN (0x4)

.init_array     0x08019dcc        0x4
                0x08019dcc                        . = ALIGN (0x4)
                0x08019dcc                        PROVIDE (__init_array_start = .)
 *(SORT_BY_NAME(.init_array.*))
 *(.init_array*)
 .init_array    0x08019dcc        0x4 C:/sysgcc/arm-eabi/bin/../lib/gcc/arm-none-eabi/15.2.1/thumb/v7e-m+fp/hard/crtbegin.o
                0x08019dd0                        PROVIDE (__init_array_end = .)
                0x08019dd0                        . = ALIGN (0x4)

.fini_array     0x08019dd0        0x4
                0x08019dd0                        . = ALIGN (0x4)
                [!provide]                        PROVIDE (__fini_array_start = .)
 *(SORT_BY_NAME(.fini_array.*))
 *(.fini_array*)
 .fini_array    0x08019dd0        0x4 C:/sysgcc/arm-eabi/bin/../lib/gcc/arm-none-eabi/15.2.1/thumb/v7e-m+fp/hard/crtbegin.o
                [!provide]                        PROVIDE (__fini_array_end = .)
                0x08019dd4                        . = ALIGN (0x4)
                0x08019dd4                        _sidata = LOADADDR (.data)

.rel.dyn        0x08019dd4        0x0
 .rel.iplt      0x08019dd4        0x0 C:/sysgcc/arm-eabi/bin/../lib/gcc/arm-none-eabi/15.2.1/thumb/v7e-m+fp/hard/crtbegin.o
