Archive member included to satisfy reference by file (symbol)

C:/sysgcc/arm-eabi/bin/../lib/gcc/arm-none-eabi/15.2.1/../../../../arm-none-eabi/lib/thumb/v7e-m+fp/hard\libm.a(libm_a-wf_acos.o)
                              CMakeFiles/EmbeddedUnitTests.dir/Tests/Src/tests.cpp.obj (acosf)
C:/sysgcc/arm-eabi/bin/../lib/gcc/arm-none-eabi/15.2.1/../../../../arm-none-eabi/lib/thumb/v7e-m+fp/hard\libm.a(libm_a-wf_asin.o)
                              CMakeFiles/EmbeddedUnitTests.dir/Tests/Src/tests.cpp.obj (asinf)
C:/sysgcc/arm-eabi/bin/../lib/gcc/arm-none-eabi/15.2.1/../../../../arm-none-eabi/lib/thumb/v7e-m+fp/hard\libm.a(libm_a-wf_atan2.o)
                              CMakeFiles/EmbeddedUnitTests.dir/Tests/Src/tests.cpp.obj (atan2f)
C:/sysgcc/arm-eabi/bin/../lib/gcc/arm-none-eabi/15.2.1/../../../../arm-none-eabi/lib/thumb/v7e-m+fp/hard\libm.a(libm_a-wf_cosh.o)
                              CMakeFiles/EmbeddedUnitTests.dir/Tests/Src/tests.cpp.obj (coshf)
C:/sysgcc/arm-eabi/bin/../lib/gcc/arm-none-eabi/15.2.1/../../../../arm-none-eabi/lib/thumb/v7e-m+fp/hard\libm.a(libm_a-wf_log.o)
                              CMakeFiles/EmbeddedUnitTests.dir/Tests/Src/tests.cpp.obj (logf)
C:/sysgcc/arm-eabi/bin/../lib/gcc/arm-none-eabi/15.2.1/../../../../arm-none-eabi/lib/thumb/v7e-m+fp/hard\libm.a(libm_a-wf_log10.o)
                              CMakeFiles/EmbeddedUnitTests.dir/Tests/Src/tests.cpp.obj (log10f)
C:/sysgcc/arm-eabi/bin/../lib/gcc/arm-none-eabi/15.2.1/../../../../arm-none-eabi/lib/thumb/v7e-m+fp/hard\libm.a(libm_a-wf_sinh.o)
                              CMakeFiles/EmbeddedUnitTests.dir/Tests/Src/tests.cpp.obj (sinhf)
C:/sysgcc/arm-eabi/bin/../lib/gcc/arm-none-eabi/15.2.1/../../../../arm-none-eabi/lib/thumb/v7e-m+fp/hard\libm.a(libm_a-sf_cos.o)
                              CMakeFiles/EmbeddedUnitTests.dir/Tests/Src/tests.cpp.obj (cosf)
C:/sysgcc/arm-eabi/bin/../lib/gcc/arm-none-eabi/15.2.1/../../../../arm-none-eabi/lib/thumb/v7e-m+fp/hard\libm.a(libm_a-sf_fabs.o)
                              C:/sysgcc/arm-eabi/bin/../lib/gcc/arm-none-eabi/15.2.1/../../../../arm-none-eabi/lib/thumb/v7e-m+fp/hard\libm.a(libm_a-wf_acos.o) (fabsf)
C:/sysgcc/arm-eabi/bin/../lib/gcc/arm-none-eabi/15.2.1/../../../../arm-none-eabi/lib/thumb/v7e-m+fp/hard\libm.a(libm_a-sf_sin.o)
                              CMakeFiles/EmbeddedUnitTests.dir/Tests/Src/tests.cpp.obj (sinf)
C:/sysgcc/arm-eabi/bin/../lib/gcc/arm-none-eabi/15.2.1/../../../../arm-none-eabi/lib/thumb/v7e-m+fp/hard\libm.a(libm_a-sf_tan.o)
                              CMakeFiles/EmbeddedUnitTests.dir/Tests/Src/tests.cpp.obj (tanf)
C:/sysgcc/arm-eabi/bin/../lib/gcc/arm-none-eabi/15.2.1/../../../../arm-none-eabi/lib/thumb/v7e-m+fp/hard\libm.a(libm_a-sf_tanh.o)
                              CMakeFiles/EmbeddedUnitTests.dir/Tests/Src/tests.cpp.obj (tanhf)
C:/sysgcc/arm-eabi/bin/../lib/gcc/arm-none-eabi/15.2.1/../../../../arm-none-eabi/lib/thumb/v7e-m+fp/hard\libm.a(libm_a-wf_log2.o)
                              CMakeFiles/EmbeddedUnitTests.dir/Tests/Src/tests.cpp.obj (log2f)
C:/sysgcc/arm-eabi/bin/../lib/gcc/arm-none-eabi/15.2.1/../../../../arm-none-eabi/lib/thumb/v7e-m+fp/hard\libm.a(libm_a-sf_finite.o)
                              C:/sysgcc/arm-eabi/bin/../lib/gcc/arm-none-eabi/15.2.1/../../../../arm-none-eabi/lib/thumb/v7e-m+fp/hard\libm.a(libm_a-wf_sinh.o) (finitef)
C:/sysgcc/arm-eabi/bin/../lib/gcc/arm-none-eabi/15.2.1/../../../../arm-none-eabi/lib/thumb/v7e-m+fp/hard\libm.a(libm_a-sf_expm1.o)
                              C:/sysgcc/arm-eabi/bin/../lib/gcc/arm-none-eabi/15.2.1/../../../../arm-none-eabi/lib/thumb/v7e-m+fp/hard\libm.a(libm_a-sf_tanh.o) (expm1f)
C:/sysgcc/arm-eabi/bin/../lib/gcc/arm-none-eabi/15.2.1/../../../../arm-none-eabi/lib/thumb/v7e-m+fp/hard\libm.a(libm_a-sf_nan.o)
                              C:/sysgcc/arm-eabi/bin/../lib/gcc/arm-none-eabi/15.2.1/../../../../arm-none-eabi/lib/thumb/v7e-m+fp/hard\libm.a(libm_a-wf_acos.o) (nanf)
C:/sysgcc/arm-eabi/bin/../lib/gcc/arm-none-eabi/15.2.1/../../../../arm-none-eabi/lib/thumb/v7e-m+fp/hard\libm.a(libm_a-math_errf.o)
                              C:/sysgcc/arm-eabi/bin/../lib/gcc/arm-none-eabi/15.2.1/../../../../arm-none-eabi/lib/thumb/v7e-m+fp/hard\libm.a(libm_a-sf_expm1.o) (__math_oflowf)
C:/sysgcc/arm-eabi/bin/../lib/gcc/arm-none-eabi/15.2.1/../../../../arm-none-eabi/lib/thumb/v7e-m+fp/hard\libm.a(libm_a-kf_cos.o)
                              C:/sysgcc/arm-eabi/bin/../lib/gcc/arm-none-eabi/15.2.1/../../../../arm-none-eabi/lib/thumb/v7e-m+fp/hard\libm.a(libm_a-sf_cos.o) (__kernel_cosf)
C:/sysgcc/arm-eabi/bin/../lib/gcc/arm-none-eabi/15.2.1/../../../../arm-none-eabi/lib/thumb/v7e-m+fp/hard\libm.a(libm_a-kf_sin.o)
                              C:/sysgcc/arm-eabi/bin/../lib/gcc/arm-none-eabi/15.2.1/../../../../arm-none-eabi/lib/thumb/v7e-m+fp/hard\libm.a(libm_a-sf_cos.o) (__kernel_sinf)
[...]
Memory Configuration

Name             Origin             Length             Attributes
CCMRAM           0x10000000         0x00010000         xrw
RAM              0x20000000         0x00020000         xrw
FLASH            0x08000000         0x00100000         xr
*default*        0x00000000         0xffffffff

Linker script and memory map

LOAD C:/sysgcc/arm-eabi/bin/../lib/gcc/arm-none-eabi/15.2.1/thumb/v7e-m+fp/hard/crti.o
LOAD C:/sysgcc/arm-eabi/bin/../lib/gcc/arm-none-eabi/15.2.1/thumb/v7e-m+fp/hard/crtbegin.o
LOAD C:/sysgcc/arm-eabi/bin/../lib/gcc/arm-none-eabi/15.2.1/../../../../arm-none-eabi/lib/thumb/v7e-m+fp/hard/rdimon-crt0.o
LOAD CMakeFiles/BSP.dir/Core/Src/main.c.obj
LOAD CMakeFiles/BSP.dir/Core/Src/stm32f4xx_hal_msp.c.obj
LOAD CMakeFiles/BSP.dir/Core/Src/stm32f4xx_it.c.obj
LOAD CMakeFiles/BSP.dir/Core/Src/sysmem.c.obj
LOAD CMakeFiles/BSP.dir/Core/Src/system_stm32f4xx.c.obj
LOAD CMakeFiles/BSP.dir/Core/Startup/startup_stm32f407vgtx.S.obj
LOAD CMakeFiles/BSP.dir/Drivers/STM32F4xx_HAL_Driver/Src/stm32f4xx_hal.c.obj
LOAD CMakeFiles/BSP.dir/Drivers/STM32F4xx_HAL_Driver/Src/stm32f4xx_hal_cortex.c.obj
LOAD CMakeFiles/BSP.dir/Drivers/STM32F4xx_HAL_Driver/Src/stm32f4xx_hal_dma.c.obj
LOAD CMakeFiles/BSP.dir/Drivers/STM32F4xx_HAL_Driver/Src/stm32f4xx_hal_dma_ex.c.obj
LOAD CMakeFiles/BSP.dir/Drivers/STM32F4xx_HAL_Driver/Src/stm32f4xx_hal_exti.c.obj
LOAD CMakeFiles/BSP.dir/Drivers/STM32F4xx_HAL_Driver/Src/stm32f4xx_hal_flash.c.obj
LOAD CMakeFiles/BSP.dir/Drivers/STM32F4xx_HAL_Driver/Src/stm32f4xx_hal_flash_ex.c.obj
LOAD CMakeFiles/BSP.dir/Drivers/STM32F4xx_HAL_Driver/Src/stm32f4xx_hal_flash_ramfunc.c.obj
LOAD CMakeFiles/BSP.dir/Drivers/STM32F4xx_HAL_Driver/Src/stm32f4xx_hal_gpio.c.obj
LOAD CMakeFiles/BSP.dir/Drivers/STM32F4xx_HAL_Driver/Src/stm32f4xx_hal_pwr.c.obj
LOAD CMakeFiles/BSP.dir/Drivers/STM32F4xx_HAL_Driver/Src/stm32f4xx_hal_pwr_ex.c.obj
LOAD CMakeFiles/BSP.dir/Drivers/STM32F4xx_HAL_Driver/Src/stm32f4xx_hal_rcc.c.obj
LOAD CMakeFiles/BSP.dir/Drivers/STM32F4xx_HAL_Driver/Src/stm32f4xx_hal_rcc_ex.c.obj
LOAD CMakeFiles/BSP.dir/Drivers/STM32F4xx_HAL_Driver/Src/stm32f4xx_hal_tim.c.obj
LOAD CMakeFiles/BSP.dir/Drivers/STM32F4xx_HAL_Driver/Src/stm32f4xx_hal_tim_ex.c.obj
LOAD CMakeFiles/BSP_EFP_Profiler.dir/C_/Users/ejtagle/AppData/Local/VisualGDB/EmbeddedEFPs/Profiler/FastSemihosting.cpp.obj
LOAD CMakeFiles/BSP_EFP_Profiler.dir/C_/Users/ejtagle/AppData/Local/VisualGDB/EmbeddedEFPs/Profiler/InstrumentingProfiler.cpp.obj
LOAD CMakeFiles/BSP_EFP_Profiler.dir/C_/Users/ejtagle/AppData/Local/VisualGDB/EmbeddedEFPs/Profiler/TestResourceManager.cpp.obj
LOAD CMakeFiles/BSP_EFP_Profiler.dir/C_/Users/ejtagle/AppData/Local/VisualGDB/EmbeddedEFPs/Profiler/ProfilerRTOS_FreeRTOS.c.obj
LOAD CMakeFiles/EmbeddedUnitTests.dir/Tests/Src/tests.cpp.obj
LOAD C:/sysgcc/arm-eabi/bin/../lib/gcc/arm-none-eabi/15.2.1/../../../../arm-none-eabi/lib/thumb/v7e-m+fp/hard\libstdc++_nano.a
LOAD C:/sysgcc/arm-eabi/bin/../lib/gcc/arm-none-eabi/15.2.1/../../../../arm-none-eabi/lib/thumb/v7e-m+fp/hard\libm.a
START GROUP
LOAD C:/sysgcc/arm-eabi/bin/../lib/gcc/arm-none-eabi/15.2.1/thumb/v7e-m+fp/hard\libgcc.a
LOAD C:/sysgcc/arm-eabi/bin/../lib/gcc/arm-none-eabi/15.2.1/../../../../arm-none-eabi/lib/thumb/v7e-m+fp/hard\libg_nano.a
LOAD C:/sysgcc/arm-eabi/bin/../lib/gcc/arm-none-eabi/15.2.1/../../../../arm-none-eabi/lib/thumb/v7e-m+fp/hard\libc_nano.a
END GROUP
START GROUP
LOAD C:/sysgcc/arm-eabi/bin/../lib/gcc/arm-none-eabi/15.2.1/thumb/v7e-m+fp/hard\libgcc.a
LOAD C:/sysgcc/arm-eabi/bin/../lib/gcc/arm-none-eabi/15.2.1/../../../../arm-none-eabi/lib/thumb/v7e-m+fp/hard\libc_nano.a
LOAD C:/sysgcc/arm-eabi/bin/../lib/gcc/arm-none-eabi/15.2.1/../../../../arm-none-eabi/lib/thumb/v7e-m+fp/hard\librdimon_nano.a
END GROUP
START GROUP
LOAD C:/sysgcc/arm-eabi/bin/../lib/gcc/arm-none-eabi/15.2.1/thumb/v7e-m+fp/hard\libgcc.a
LOAD C:/sysgcc/arm-eabi/bin/../lib/gcc/arm-none-eabi/15.2.1/../../../../arm-none-eabi/lib/thumb/v7e-m+fp/hard\libc_nano.a
LOAD C:/sysgcc/arm-eabi/bin/../lib/gcc/arm-none-eabi/15.2.1/../../../../arm-none-eabi/lib/thumb/v7e-m+fp/hard\librdimon_nano.a
END GROUP
LOAD C:/sysgcc/arm-eabi/bin/../lib/gcc/arm-none-eabi/15.2.1/thumb/v7e-m+fp/hard/crtend.o
LOAD C:/sysgcc/arm-eabi/bin/../lib/gcc/arm-none-eabi/15.2.1/thumb/v7e-m+fp/hard/crtn.o
                0x20020000                        _estack = (ORIGIN (RAM) + LENGTH (RAM))
                0x00000200                        _Min_Heap_Size = 0x200
                0x00000400                        _Min_Stack_Size = 0x400

.isr_vector     0x08000000      0x188
                0x08000000                        . = ALIGN (0x4)
 *(.isr_vector)
 .isr_vector    0x08000000      0x188 CMakeFiles/BSP.dir/Core/Startup/startup_stm32f407vgtx.S.obj
                0x08000000                g_pfnVectors
                0x08000188                        . = ALIGN (0x4)

.text           0x08000190    0x1445c
                0x08000190                        . = ALIGN (0x4)
 *(.text)
 .text          0x08000190      0x378 C:/sysgcc/arm-eabi/bin/../lib/gcc/arm-none-eabi/15.2.1/thumb/v7e-m+fp/hard\libgcc.a(_arm_addsubdf3.o)
                0x08000190                __aeabi_drsub
                0x08000198                __aeabi_dsub
                0x08000198                __subdf3
                0x0800019c                __aeabi_dadd
                0x0800019c                __adddf3
                0x08000414                __floatunsidf
                0x08000414                __aeabi_ui2d
                0x08000434                __floatsidf
                0x08000434                __aeabi_i2d
                0x08000458                __aeabi_f2d
                0x08000458                __extendsfdf2
                0x0800049c                __floatundidf
                0x0800049c                __aeabi_ul2d
                0x080004ac                __floatdidf
                0x080004ac                __aeabi_l2d
 .text          0x08000508      0x110 C:/sysgcc/arm-eabi/bin/../lib/gcc/arm-none-eabi/15.2.1/thumb/v7e-m+fp/hard\libgcc.a(_arm_cmpdf2.o)
                0x08000508                __gtdf2
                0x08000508                __gedf2
                0x08000510                __ltdf2
                0x08000510                __ledf2
                0x08000518                __nedf2
                0x08000518                __eqdf2
                0x08000518                __cmpdf2
                0x08000594                __aeabi_cdrcmple
                0x080005a4                __aeabi_cdcmpeq
                0x080005a4                __aeabi_cdcmple
                0x080005b4                __aeabi_dcmpeq
                0x080005c8                __aeabi_dcmplt
                0x080005dc                __aeabi_dcmple
                0x080005f0                __aeabi_dcmpge
                0x08000604                __aeabi_dcmpgt
 .text          0x08000618       0x30 C:/sysgcc/arm-eabi/bin/../lib/gcc/arm-none-eabi/15.2.1/thumb/v7e-m+fp/hard\libgcc.a(_aeabi_uldivmod.o)
                0x08000618                __aeabi_uldivmod
 .text          0x08000648        0x4 C:/sysgcc/arm-eabi/bin/../lib/gcc/arm-none-eabi/15.2.1/thumb/v7e-m+fp/hard\libgcc.a(_dvmd_tls.o)
                0x08000648                __aeabi_idiv0
                0x08000648                __aeabi_ldiv0
 *fill*         0x0800064c        0x4 
 .text          0x08000650       0xa0 C:/sysgcc/arm-eabi/bin/../lib/gcc/arm-none-eabi/15.2.1/../../../../arm-none-eabi/lib/thumb/v7e-m+fp/hard\libg_nano.a(libc_a-memchr.o)
                0x08000650                memchr
 .text          0x080006f0       0x10 C:/sysgcc/arm-eabi/bin/../lib/gcc/arm-none-eabi/15.2.1/../../../../arm-none-eabi/lib/thumb/v7e-m+fp/hard\libg_nano.a(libc_a-strlen.o)
                0x080006f0                strlen
 .text          0x08000700      0x424 C:/sysgcc/arm-eabi/bin/../lib/gcc/arm-none-eabi/15.2.1/thumb/v7e-m+fp/hard\libgcc.a(_arm_muldivdf3.o)
                0x08000700                __aeabi_dmul
                0x08000700                __muldf3
                0x08000954                __divdf3
                0x08000954                __aeabi_ddiv
 .text          0x08000b24       0x2c C:/sysgcc/arm-eabi/bin/../lib/gcc/arm-none-eabi/15.2.1/thumb/v7e-m+fp/hard\libgcc.a(_arm_unorddf2.o)
                0x08000b24                __unorddf2
                0x08000b24                __aeabi_dcmpun
 .text          0x08000b50       0x50 C:/sysgcc/arm-eabi/bin/../lib/gcc/arm-none-eabi/15.2.1/thumb/v7e-m+fp/hard\libgcc.a(_arm_fixdfsi.o)
                0x08000b50                __aeabi_d2iz
                0x08000b50                __fixdfsi
 *(.text*)
 .text.deregister_tm_clones
                0x08000ba0       0x1c C:/sysgcc/arm-eabi/bin/../lib/gcc/arm-none-eabi/15.2.1/thumb/v7e-m+fp/hard/crtbegin.o
 .text.register_tm_clones
                0x08000bbc       0x24 C:/sysgcc/arm-eabi/bin/../lib/gcc/arm-none-eabi/15.2.1/thumb/v7e-m+fp/hard/crtbegin.o
 .text.__do_global_dtors_aux
                0x08000be0       0x28 C:/sysgcc/arm-eabi/bin/../lib/gcc/arm-none-eabi/15.2.1/thumb/v7e-m+fp/hard/crtbegin.o
 .text.frame_dummy
                0x08000c08       0x24 C:/sysgcc/arm-eabi/bin/../lib/gcc/arm-none-eabi/15.2.1/thumb/v7e-m+fp/hard/crtbegin.o
 .text.DWT_Init
                0x08000c2c       0x30 CMakeFiles/BSP.dir/Core/Src/main.c.obj
                0x08000c2c                DWT_Init
 .text.DWT_GetTimeNs
                0x08000c5c       0x14 CMakeFiles/BSP.dir/Core/Src/main.c.obj
                0x08000c5c                DWT_GetTimeNs
 .text.SystemClock_Config
                0x08000c70       0xa4 CMakeFiles/BSP.dir/Core/Src/main.c.obj
                0x08000c70                SystemClock_Config
 .text.startup.main
                0x08000d14       0xa4 CMakeFiles/BSP.dir/Core/Src/main.c.obj
                0x08000d14                main
 .text.HAL_MspInit
                0x08000db8       0x38 CMakeFiles/BSP.dir/Core/Src/stm32f4xx_hal_msp.c.obj
                0x08000db8                HAL_MspInit
 .text.NMI_Handler
                0x08000df0        0x4 CMakeFiles/BSP.dir/Core/Src/stm32f4xx_it.c.obj
                0x08000df0                NMI_Handler
 .text.HardFault_Handler
                0x08000df4        0x4 CMakeFiles/BSP.dir/Core/Src/stm32f4xx_it.c.obj
                0x08000df4                HardFault_Handler
 .text.MemManage_Handler
                0x08000df8        0x4 CMakeFiles/BSP.dir/Core/Src/stm32f4xx_it.c.obj
                0x08000df8                MemManage_Handler
 .text.BusFault_Handler
                0x08000dfc        0x4 CMakeFiles/BSP.dir/Core/Src/stm32f4xx_it.c.obj
                0x08000dfc                BusFault_Handler
 .text.UsageFault_Handler
                0x08000e00        0x4 CMakeFiles/BSP.dir/Core/Src/stm32f4xx_it.c.obj
                0x08000e00                UsageFault_Handler
 .text.SVC_Handler
                0x08000e04        0x4 CMakeFiles/BSP.dir/Core/Src/stm32f4xx_it.c.obj
                0x08000e04                SVC_Handler
 .text.DebugMon_Handler
                0x08000e08        0x4 CMakeFiles/BSP.dir/Core/Src/stm32f4xx_it.c.obj
                0x08000e08                DebugMon_Handler
 .text.PendSV_Handler
                0x08000e0c        0x4 CMakeFiles/BSP.dir/Core/Src/stm32f4xx_it.c.obj
                0x08000e0c                PendSV_Handler
 .text.SysTick_Handler
                0x08000e10        0x4 CMakeFiles/BSP.dir/Core/Src/stm32f4xx_it.c.obj
                0x08000e10                SysTick_Handler
 .text._sbrk    0x08000e14       0x48 CMakeFiles/BSP.dir/Core/Src/sysmem.c.obj
                0x08000e14                _sbrk
 .text.SystemInit
                0x08000e5c       0x14 CMakeFiles/BSP.dir/Core/Src/system_stm32f4xx.c.obj
                0x08000e5c                SystemInit
 .text.Reset_Handler
                0x08000e70       0x50 CMakeFiles/BSP.dir/Core/Startup/startup_stm32f407vgtx.S.obj
                0x08000e70                Reset_Handler
 .text.Default_Handler
                0x08000ec0        0x2 CMakeFiles/BSP.dir/Core/Startup/startup_stm32f407vgtx.S.obj
                0x08000ec0                RTC_Alarm_IRQHandler
                0x08000ec0                HASH_RNG_IRQHandler
                0x08000ec0                EXTI2_IRQHandler
                0x08000ec0                TIM8_CC_IRQHandler
                0x08000ec0                TIM1_CC_IRQHandler
                0x08000ec0                DMA2_Stream5_IRQHandler
                0x08000ec0                DMA1_Stream5_IRQHandler
                0x08000ec0                PVD_IRQHandler
                0x08000ec0                SDIO_IRQHandler
                0x08000ec0                TAMP_STAMP_IRQHandler
                0x08000ec0                CAN2_RX1_IRQHandler
                0x08000ec0                EXTI3_IRQHandler
                0x08000ec0                TIM8_TRG_COM_TIM14_IRQHandler
                0x08000ec0                TIM1_UP_TIM10_IRQHandler
                0x08000ec0                TIM8_UP_TIM13_IRQHandler
                0x08000ec0                I2C3_ER_IRQHandler
                0x08000ec0                EXTI0_IRQHandler
                0x08000ec0                I2C2_EV_IRQHandler
                0x08000ec0                DMA1_Stream2_IRQHandler
                0x08000ec0                CAN1_RX0_IRQHandler
                0x08000ec0                FPU_IRQHandler
                0x08000ec0                OTG_HS_WKUP_IRQHandler
                0x08000ec0                CAN2_SCE_IRQHandler
                0x08000ec0                DMA2_Stream2_IRQHandler
                0x08000ec0                SPI1_IRQHandler
                0x08000ec0                TIM6_DAC_IRQHandler
                0x08000ec0                TIM1_BRK_TIM9_IRQHandler
                0x08000ec0                DCMI_IRQHandler
                0x08000ec0                CAN2_RX0_IRQHandler
                0x08000ec0                DMA2_Stream3_IRQHandler
                0x08000ec0                USART6_IRQHandler
                0x08000ec0                USART3_IRQHandler
                0x08000ec0                CAN1_RX1_IRQHandler
                0x08000ec0                UART5_IRQHandler
                0x08000ec0                DMA2_Stream0_IRQHandler
                0x08000ec0                TIM4_IRQHandler
                0x08000ec0                I2C1_EV_IRQHandler
                0x08000ec0                DMA1_Stream6_IRQHandler
                0x08000ec0                DMA1_Stream1_IRQHandler
                0x08000ec0                UART4_IRQHandler
                0x08000ec0                TIM3_IRQHandler
                0x08000ec0                RCC_IRQHandler
                0x08000ec0                TIM8_BRK_TIM12_IRQHandler
                0x08000ec0                Default_Handler
                0x08000ec0                EXTI15_10_IRQHandler
                0x08000ec0                ADC_IRQHandler
                0x08000ec0                DMA1_Stream7_IRQHandler
                0x08000ec0                TIM7_IRQHandler
                0x08000ec0                CAN2_TX_IRQHandler
                0x08000ec0                TIM5_IRQHandler
                0x08000ec0                DMA2_Stream7_IRQHandler
                0x08000ec0                I2C3_EV_IRQHandler
                0x08000ec0                EXTI9_5_IRQHandler
                0x08000ec0                RTC_WKUP_IRQHandler
                0x08000ec0                ETH_WKUP_IRQHandler
                0x08000ec0                SPI2_IRQHandler
                0x08000ec0                OTG_HS_EP1_IN_IRQHandler
                0x08000ec0                DMA1_Stream0_IRQHandler
                0x08000ec0                CAN1_TX_IRQHandler
                0x08000ec0                EXTI4_IRQHandler
                0x08000ec0                FSMC_IRQHandler
                0x08000ec0                ETH_IRQHandler
                0x08000ec0                OTG_HS_EP1_OUT_IRQHandler
                0x08000ec0                WWDG_IRQHandler
                0x08000ec0                TIM2_IRQHandler
                0x08000ec0                OTG_FS_WKUP_IRQHandler
                0x08000ec0                TIM1_TRG_COM_TIM11_IRQHandler
                0x08000ec0                OTG_HS_IRQHandler
                0x08000ec0                EXTI1_IRQHandler
                0x08000ec0                USART2_IRQHandler
                0x08000ec0                I2C2_ER_IRQHandler
                0x08000ec0                DMA2_Stream1_IRQHandler
                0x08000ec0                CAN1_SCE_IRQHandler
                0x08000ec0                FLASH_IRQHandler
                0x08000ec0                DMA2_Stream4_IRQHandler
                0x08000ec0                USART1_IRQHandler
                0x08000ec0                OTG_FS_IRQHandler
                0x08000ec0                SPI3_IRQHandler
                0x08000ec0                DMA1_Stream4_IRQHandler
                0x08000ec0                I2C1_ER_IRQHandler
                0x08000ec0                DMA2_Stream6_IRQHandler
                0x08000ec0                DMA1_Stream3_IRQHandler
 *fill*         0x08000ec2        0x2 
 .text.HAL_InitTick
                0x08000ec4       0x50 CMakeFiles/BSP.dir/Drivers/STM32F4xx_HAL_Driver/Src/stm32f4xx_hal.c.obj
                0x08000ec4                HAL_InitTick
 .text.HAL_Init
                0x08000f14       0x34 CMakeFiles/BSP.dir/Drivers/STM32F4xx_HAL_Driver/Src/stm32f4xx_hal.c.obj
                0x08000f14                HAL_Init
 .text.HAL_IncTick
                0x08000f48       0x18 CMakeFiles/BSP.dir/Drivers/STM32F4xx_HAL_Driver/Src/stm32f4xx_hal.c.obj
                0x08000f48                HAL_IncTick
 .text.HAL_GetTick
                0x08000f60        0xc CMakeFiles/BSP.dir/Drivers/STM32F4xx_HAL_Driver/Src/stm32f4xx_hal.c.obj
                0x08000f60                HAL_GetTick
 .text.HAL_NVIC_SetPriorityGrouping
                0x08000f6c       0x24 CMakeFiles/BSP.dir/Drivers/STM32F4xx_HAL_Driver/Src/stm32f4xx_hal_cortex.c.obj
                0x08000f6c                HAL_NVIC_SetPriorityGrouping
 .text.HAL_NVIC_SetPriority
                0x08000f90       0x64 CMakeFiles/BSP.dir/Drivers/STM32F4xx_HAL_Driver/Src/stm32f4xx_hal_cortex.c.obj
                0x08000f90                HAL_NVIC_SetPriority
 .text.HAL_SYSTICK_Config
                0x08000ff4       0x2c CMakeFiles/BSP.dir/Drivers/STM32F4xx_HAL_Driver/Src/stm32f4xx_hal_cortex.c.obj
                0x08000ff4                HAL_SYSTICK_Config
 .text.HAL_GPIO_Init
                0x08001020      0x20c CMakeFiles/BSP.dir/Drivers/STM32F4xx_HAL_Driver/Src/stm32f4xx_hal_gpio.c.obj
                0x08001020                HAL_GPIO_Init
 .text.HAL_GPIO_WritePin
                0x0800122c        0x8 CMakeFiles/BSP.dir/Drivers/STM32F4xx_HAL_Driver/Src/stm32f4xx_hal_gpio.c.obj
                0x0800122c                HAL_GPIO_WritePin
 .text.HAL_RCC_OscConfig
                0x08001234      0x3d4 CMakeFiles/BSP.dir/Drivers/STM32F4xx_HAL_Driver/Src/stm32f4xx_hal_rcc.c.obj
                0x08001234                HAL_RCC_OscConfig
 .text.HAL_RCC_GetSysClockFreq
                0x08001608       0x68 CMakeFiles/BSP.dir/Drivers/STM32F4xx_HAL_Driver/Src/stm32f4xx_hal_rcc.c.obj
                0x08001608                HAL_RCC_GetSysClockFreq
 .text.HAL_RCC_ClockConfig
                0x08001670      0x134 CMakeFiles/BSP.dir/Drivers/STM32F4xx_HAL_Driver/Src/stm32f4xx_hal_rcc.c.obj
                0x08001670                HAL_RCC_ClockConfig
 .text._ZL27WriteRawFastSemihostingDataPKvii
                0x080017a4       0xe0 CMakeFiles/BSP_EFP_Profiler.dir/C_/Users/ejtagle/AppData/Local/VisualGDB/EmbeddedEFPs/Profiler/FastSemihosting.cpp.obj
 .text.WriteToFastSemihostingChannel
                0x08001884       0xd8 CMakeFiles/BSP_EFP_Profiler.dir/C_/Users/ejtagle/AppData/Local/VisualGDB/EmbeddedEFPs/Profiler/FastSemihosting.cpp.obj
                0x08001884                WriteToFastSemihostingChannel
 .text._write   0x0800195c       0x14 CMakeFiles/BSP_EFP_Profiler.dir/C_/Users/ejtagle/AppData/Local/VisualGDB/EmbeddedEFPs/Profiler/FastSemihosting.cpp.obj
                0x0800195c                _write
 .text.SysprogsProfiler_WriteData
                0x08001970       0x78 CMakeFiles/BSP_EFP_Profiler.dir/C_/Users/ejtagle/AppData/Local/VisualGDB/EmbeddedEFPs/Profiler/FastSemihosting.cpp.obj
                0x08001970                SysprogsProfiler_WriteData
 .text._Z43RequestBlockingProcessingViaFastSemihostingv
                0x080019e8       0x18 CMakeFiles/BSP_EFP_Profiler.dir/C_/Users/ejtagle/AppData/Local/VisualGDB/EmbeddedEFPs/Profiler/FastSemihosting.cpp.obj
                0x080019e8                RequestBlockingProcessingViaFastSemihosting()
 .text._read    0x08001a00       0x58 CMakeFiles/BSP_EFP_Profiler.dir/C_/Users/ejtagle/AppData/Local/VisualGDB/EmbeddedEFPs/Profiler/TestResourceManager.cpp.obj
                0x08001a00                _read
 .text._ZN13SoftFloatTestL5printEPKc
                0x08001a58       0x18 CMakeFiles/EmbeddedUnitTests.dir/Tests/Src/tests.cpp.obj
 .text._ZN13SoftFloatTestL17test_div_zero_infEv
                0x08001a70        0x4 CMakeFiles/EmbeddedUnitTests.dir/Tests/Src/tests.cpp.obj
 .text._ZZN13SoftFloatTestL8init_outEvENUlPKcE_4_FUNES1_
                0x08001a74       0x1c CMakeFiles/EmbeddedUnitTests.dir/Tests/Src/tests.cpp.obj
 .text._ZZN13SoftFloatTestL28test_invariant_normalizationEvENKUl9SoftFloatPKcE_clES0_S2_.isra.0
                0x08001a90       0x68 CMakeFiles/EmbeddedUnitTests.dir/Tests/Src/tests.cpp.obj
 .text.hot._ZNK9SoftFloatdvES_.isra.0
                0x08001af8       0xe0 CMakeFiles/EmbeddedUnitTests.dir/Tests/Src/tests.cpp.obj
 .text.hot._ZNK9SoftFloat8to_int32Ev.isra.0
                0x08001bd8       0x40 CMakeFiles/EmbeddedUnitTests.dir/Tests/Src/tests.cpp.obj
 .text.hot._ZNK9SoftFloat8to_floatEv.isra.0
                0x08001c18       0x4c CMakeFiles/EmbeddedUnitTests.dir/Tests/Src/tests.cpp.obj
 .text._ZN13SoftFloatTestL17test_default_ctorEv
                0x08001c64        0x4 CMakeFiles/EmbeddedUnitTests.dir/Tests/Src/tests.cpp.obj
 .text._ZN13SoftFloatTestL22test_constexpr_complexEv
                0x08001c68        0x4 CMakeFiles/EmbeddedUnitTests.dir/Tests/Src/tests.cpp.obj
 .text._ZN13SoftFloatTestL19test_exp_saturationEv
                0x08001c6c       0xc8 CMakeFiles/EmbeddedUnitTests.dir/Tests/Src/tests.cpp.obj
 *fill*         0x08001d34        0x4 
 .text._ZZN13SoftFloatTestL14run_benchmarksEvENKUlT_E_clIZNS_L14run_benchmarksEvEUlvE0_EEdS0_.isra.0
                0x08001d38      0x1a4 CMakeFiles/EmbeddedUnitTests.dir/Tests/Src/tests.cpp.obj
 .text.hot._ZNK9SoftFloat5fractEv.isra.0
                0x08001edc      0x12c CMakeFiles/EmbeddedUnitTests.dir/Tests/Src/tests.cpp.obj
 .text.hot._ZNK9SoftFloat4modfEv.isra.0
                0x08002008      0x140 CMakeFiles/EmbeddedUnitTests.dir/Tests/Src/tests.cpp.obj
 .text._ZZN13SoftFloatTestL14run_benchmarksEvENKUlT_E_clIZNS_L14run_benchmarksEvEUlvE1_EEdS0_.isra.0
                0x08002148      0x1d4 CMakeFiles/EmbeddedUnitTests.dir/Tests/Src/tests.cpp.obj
 .text._ZN13SoftFloatTestL6approxEffif.part.0
                0x0800231c       0x74 CMakeFiles/EmbeddedUnitTests.dir/Tests/Src/tests.cpp.obj
 .text._ZN13SoftFloatTestL19test_zero_semanticsEv
                0x08002390       0x8c CMakeFiles/EmbeddedUnitTests.dir/Tests/Src/tests.cpp.obj
 .text._ZN13SoftFloatTestL16test_shift_edgesEv
                0x0800241c      0x13c CMakeFiles/EmbeddedUnitTests.dir/Tests/Src/tests.cpp.obj
 .text._ZN13SoftFloatTestL8test_absEv
                0x08002558       0xbc CMakeFiles/EmbeddedUnitTests.dir/Tests/Src/tests.cpp.obj
 .text._ZN13SoftFloatTestL19test_multiplicationEv
                0x08002614      0x1cc CMakeFiles/EmbeddedUnitTests.dir/Tests/Src/tests.cpp.obj
 .text._ZN13SoftFloatTestL9test_edgeEv
                0x080027e0       0x4c CMakeFiles/EmbeddedUnitTests.dir/Tests/Src/tests.cpp.obj
 .text._ZN13SoftFloatTestL11test_stressEi.constprop.0
                0x0800282c      0x808 CMakeFiles/EmbeddedUnitTests.dir/Tests/Src/tests.cpp.obj
 .text._ZN13SoftFloatTestL5testsMUlvE_4_FUNEv
                0x08003034        0x4 CMakeFiles/EmbeddedUnitTests.dir/Tests/Src/tests.cpp.obj
 .text._ZN13SoftFloatTestL14test_underflowEv
                0x08003038       0x28 CMakeFiles/EmbeddedUnitTests.dir/Tests/Src/tests.cpp.obj
 .text._ZN13SoftFloatTestL9test_fmmaEv
                0x08003060       0xa0 CMakeFiles/EmbeddedUnitTests.dir/Tests/Src/tests.cpp.obj
 .text._ZN13SoftFloatTestL13test_negationEv
                0x08003100       0x7c CMakeFiles/EmbeddedUnitTests.dir/Tests/Src/tests.cpp.obj
 .text._ZN13SoftFloatTestL13test_divisionEv
                0x0800317c      0x3a8 CMakeFiles/EmbeddedUnitTests.dir/Tests/Src/tests.cpp.obj
 .text._ZN13SoftFloatTestL13test_int_ctorEv
                0x08003524       0xdc CMakeFiles/EmbeddedUnitTests.dir/Tests/Src/tests.cpp.obj
 .text._ZN13SoftFloatTestL16test_subtractionEv
                0x08003600      0x2e8 CMakeFiles/EmbeddedUnitTests.dir/Tests/Src/tests.cpp.obj
 .text._ZN13SoftFloatTestL15test_comparisonEv
                0x080038e8        0x4 CMakeFiles/EmbeddedUnitTests.dir/Tests/Src/tests.cpp.obj
 .text._ZN13SoftFloatTestL13test_additionEv
                0x080038ec      0x3c8 CMakeFiles/EmbeddedUnitTests.dir/Tests/Src/tests.cpp.obj
 .text._ZN13SoftFloatTestL13test_int_convEv
                0x08003cb4       0xe0 CMakeFiles/EmbeddedUnitTests.dir/Tests/Src/tests.cpp.obj
 .text._ZN13SoftFloatTestL15test_float_ctorEv
                0x08003d94      0x158 CMakeFiles/EmbeddedUnitTests.dir/Tests/Src/tests.cpp.obj
 .text._ZN13SoftFloatTestL14test_constantsEv
                0x08003eec      0x144 CMakeFiles/EmbeddedUnitTests.dir/Tests/Src/tests.cpp.obj
 .text._ZN13SoftFloatTestL13test_overflowEv
                0x08004030       0x70 CMakeFiles/EmbeddedUnitTests.dir/Tests/Src/tests.cpp.obj
 .text._ZN13SoftFloatTestL11test_minmaxEv
                0x080040a0       0xe4 CMakeFiles/EmbeddedUnitTests.dir/Tests/Src/tests.cpp.obj
 .text._ZN13SoftFloatTestL10test_shiftEv
                0x08004184       0xe8 CMakeFiles/EmbeddedUnitTests.dir/Tests/Src/tests.cpp.obj
 .text._ZN13SoftFloatTestL19test_int_conv_edgesEv
                0x0800426c      0x108 CMakeFiles/EmbeddedUnitTests.dir/Tests/Src/tests.cpp.obj
 .text._ZN13SoftFloatTestL13test_compoundEv
                0x08004374      0x194 CMakeFiles/EmbeddedUnitTests.dir/Tests/Src/tests.cpp.obj
 .text._Zlt9SoftFloatS_
                0x08004508       0x60 CMakeFiles/EmbeddedUnitTests.dir/Tests/Src/tests.cpp.obj
                0x08004508                operator<(SoftFloat, SoftFloat)
 .text._ZN13SoftFloatTestL10test_clampEv
                0x08004568       0xdc CMakeFiles/EmbeddedUnitTests.dir/Tests/Src/tests.cpp.obj
 .text._ZN13SoftFloatTestL21test_comparison_logicEv
                0x08004644      0x144 CMakeFiles/EmbeddedUnitTests.dir/Tests/Src/tests.cpp.obj
 .text.hot._ZN9SoftFloat10from_floatEf
                0x08004788       0x60 CMakeFiles/EmbeddedUnitTests.dir/Tests/Src/tests.cpp.obj
                0x08004788                SoftFloat::from_float(float)
 .text.hot._ZN9SoftFloatC2ERK11sf_mul_expr
                0x080047e8       0x40 CMakeFiles/EmbeddedUnitTests.dir/Tests/Src/tests.cpp.obj
                0x080047e8                SoftFloat::SoftFloat(sf_mul_expr const&)
                0x080047e8                SoftFloat::SoftFloat(sf_mul_expr const&)
 .text.hot._Z13fused_mul_add9SoftFloatS_S_
                0x08004828      0x15c CMakeFiles/EmbeddedUnitTests.dir/Tests/Src/tests.cpp.obj
                0x08004828                fused_mul_add(SoftFloat, SoftFloat, SoftFloat)
 .text._ZN13SoftFloatTestL9test_exprEv
                0x08004984      0x170 CMakeFiles/EmbeddedUnitTests.dir/Tests/Src/tests.cpp.obj
 .text._ZN13SoftFloatTestL12test_chainedEv
                0x08004af4      0x258 CMakeFiles/EmbeddedUnitTests.dir/Tests/Src/tests.cpp.obj
 *fill*         0x08004d4c        0x4 
 .text._ZN13SoftFloatTestL8test_fmaEv
                0x08004d50      0x204 CMakeFiles/EmbeddedUnitTests.dir/Tests/Src/tests.cpp.obj
 *fill*         0x08004f54        0x4 
 .text._ZN13SoftFloatTestL9test_lerpEv
                0x08004f58      0x158 CMakeFiles/EmbeddedUnitTests.dir/Tests/Src/tests.cpp.obj
 .text.hot._Z13fused_mul_sub9SoftFloatS_S_
                0x080050b0      0x168 CMakeFiles/EmbeddedUnitTests.dir/Tests/Src/tests.cpp.obj
                0x080050b0                fused_mul_sub(SoftFloat, SoftFloat, SoftFloat)
 .text._ZN13SoftFloatTestL18test_copysign_fmodEv
                0x08005218      0x358 CMakeFiles/EmbeddedUnitTests.dir/Tests/Src/tests.cpp.obj
 .text._ZN13SoftFloatTestL18test_expr_negationEv
                0x08005570      0x144 CMakeFiles/EmbeddedUnitTests.dir/Tests/Src/tests.cpp.obj
 *fill*         0x080056b4        0x4 
 .text._ZN13SoftFloatTestL17test_fms_extendedEv
                0x080056b8      0x200 CMakeFiles/EmbeddedUnitTests.dir/Tests/Src/tests.cpp.obj
 .text._ZN13SoftFloatTestL8test_fmsEv
                0x080058b8      0x1f4 CMakeFiles/EmbeddedUnitTests.dir/Tests/Src/tests.cpp.obj
 .text.hot._ZNK9SoftFloat8inv_sqrtEv.isra.0
                0x08005aac      0x1c0 CMakeFiles/EmbeddedUnitTests.dir/Tests/Src/tests.cpp.obj
 .text._ZN13SoftFloatTestL13test_inv_sqrtEv
                0x08005c6c      0x138 CMakeFiles/EmbeddedUnitTests.dir/Tests/Src/tests.cpp.obj
 .text._ZN13SoftFloatTestL9test_sqrtEv
                0x08005da4      0x158 CMakeFiles/EmbeddedUnitTests.dir/Tests/Src/tests.cpp.obj
 .text.hot._Z17fused_mul_mul_add9SoftFloatS_S_S_
                0x08005efc      0x15c CMakeFiles/EmbeddedUnitTests.dir/Tests/Src/tests.cpp.obj
                0x08005efc                fused_mul_mul_add(SoftFloat, SoftFloat, SoftFloat, SoftFloat)
 .text._ZZN13SoftFloatTestL14run_benchmarksEvENKUlvE42_clEv
                0x08006058       0xf8 CMakeFiles/EmbeddedUnitTests.dir/Tests/Src/tests.cpp.obj
 .text._ZN13SoftFloatTestL18test_fmms_extendedEv
                0x08006150      0x278 CMakeFiles/EmbeddedUnitTests.dir/Tests/Src/tests.cpp.obj
 .text._ZN13SoftFloatTestL10test_hypotEv
                0x080063c8      0x22c CMakeFiles/EmbeddedUnitTests.dir/Tests/Src/tests.cpp.obj
 *fill*         0x080065f4        0x4 
 .text.hot._Z9sf_sincos9SoftFloat
                0x080065f8      0x81c CMakeFiles/EmbeddedUnitTests.dir/Tests/Src/tests.cpp.obj
                0x080065f8                sf_sincos(SoftFloat)
 .text._ZN13SoftFloatTestL8test_tanEv
                0x08006e14      0x180 CMakeFiles/EmbeddedUnitTests.dir/Tests/Src/tests.cpp.obj
 *fill*         0x08006f94        0x4 
 .text._ZN13SoftFloatTestL28test_invariant_normalizationEv
                0x08006f98      0x818 CMakeFiles/EmbeddedUnitTests.dir/Tests/Src/tests.cpp.obj
 .text._ZN13SoftFloatTestL8test_cosEv
                0x080077b0      0x15c CMakeFiles/EmbeddedUnitTests.dir/Tests/Src/tests.cpp.obj
 *fill*         0x0800790c        0x4 
 .text._ZN13SoftFloatTestL8test_sinEv
                0x08007910      0x1ac CMakeFiles/EmbeddedUnitTests.dir/Tests/Src/tests.cpp.obj
 *fill*         0x08007abc        0x4 
 .text._ZN13SoftFloatTestL20test_math_symmetriesEv
                0x08007ac0      0x76c CMakeFiles/EmbeddedUnitTests.dir/Tests/Src/tests.cpp.obj
 *fill*         0x0800822c        0x4 
 .text._ZN13SoftFloatTestL17test_corner_casesEv
                0x08008230      0x410 CMakeFiles/EmbeddedUnitTests.dir/Tests/Src/tests.cpp.obj
 .text.hot._Z5atan29SoftFloatS_
                0x08008640      0x544 CMakeFiles/EmbeddedUnitTests.dir/Tests/Src/tests.cpp.obj
                0x08008640                atan2(SoftFloat, SoftFloat)
 *fill*         0x08008b84        0x4 
 .text._ZN13SoftFloatTestL13test_atan2_v2Ev
                0x08008b88      0xc1c CMakeFiles/EmbeddedUnitTests.dir/Tests/Src/tests.cpp.obj
 .text._ZZN13SoftFloatTestL10test_atan2EvENKUlffPKcE_clEffS1_.isra.0
                0x080097a4      0x23c CMakeFiles/EmbeddedUnitTests.dir/Tests/Src/tests.cpp.obj
 .text._ZN13SoftFloatTestL10test_atan2Ev
                0x080099e0      0x4c8 CMakeFiles/EmbeddedUnitTests.dir/Tests/Src/tests.cpp.obj
 .text.hot._ZNK9SoftFloat4acosEv.isra.0
                0x08009ea8      0x1c4 CMakeFiles/EmbeddedUnitTests.dir/Tests/Src/tests.cpp.obj
 .text._ZN13SoftFloatTestL14test_asin_acosEv
                0x0800a06c      0x330 CMakeFiles/EmbeddedUnitTests.dir/Tests/Src/tests.cpp.obj
 *fill*         0x0800a39c        0x4 
 .text.hot._ZNK9SoftFloat3expEv
                0x0800a3a0      0x4e8 CMakeFiles/EmbeddedUnitTests.dir/Tests/Src/tests.cpp.obj
                0x0800a3a0                SoftFloat::exp() const
 .text.hot._ZNK9SoftFloat4sinhEv
                0x0800a888      0x124 CMakeFiles/EmbeddedUnitTests.dir/Tests/Src/tests.cpp.obj
                0x0800a888                SoftFloat::sinh() const
 .text.hot._ZNK9SoftFloat4coshEv
                0x0800a9ac       0xe8 CMakeFiles/EmbeddedUnitTests.dir/Tests/Src/tests.cpp.obj
                0x0800a9ac                SoftFloat::cosh() const
 .text.hot._ZNK9SoftFloat4tanhEv
                0x0800aa94      0x250 CMakeFiles/EmbeddedUnitTests.dir/Tests/Src/tests.cpp.obj
                0x0800aa94                SoftFloat::tanh() const
 .text._ZN13SoftFloatTestL15test_hyperbolicEv
                0x0800ace4      0x354 CMakeFiles/EmbeddedUnitTests.dir/Tests/Src/tests.cpp.obj
 .text._ZN13SoftFloatTestL8test_expEv
                0x0800b038      0x154 CMakeFiles/EmbeddedUnitTests.dir/Tests/Src/tests.cpp.obj
 .text.hot._ZNK9SoftFloat4log2Ev
                0x0800b18c      0x248 CMakeFiles/EmbeddedUnitTests.dir/Tests/Src/tests.cpp.obj
                0x0800b18c                SoftFloat::log2() const
 .text._ZN13SoftFloatTestL8test_powEv
                0x0800b3d4      0x28c CMakeFiles/EmbeddedUnitTests.dir/Tests/Src/tests.cpp.obj
 .text._ZN13SoftFloatTestL8test_logEv
                0x0800b660      0x3bc CMakeFiles/EmbeddedUnitTests.dir/Tests/Src/tests.cpp.obj
 .text.hot._ZNK9SoftFloat5floorEv
                0x0800ba1c      0x1ac CMakeFiles/EmbeddedUnitTests.dir/Tests/Src/tests.cpp.obj
                0x0800ba1c                SoftFloat::floor() const
 .text.hot._ZNK9SoftFloat5roundEv.isra.0
                0x0800bbc8      0x158 CMakeFiles/EmbeddedUnitTests.dir/Tests/Src/tests.cpp.obj
 .text.hot._ZNK9SoftFloat4ceilEv
                0x0800bd20      0x160 CMakeFiles/EmbeddedUnitTests.dir/Tests/Src/tests.cpp.obj
                0x0800bd20                SoftFloat::ceil() const
 .text._ZN13SoftFloatTestL13test_roundingEv
                0x0800be80      0x4a0 CMakeFiles/EmbeddedUnitTests.dir/Tests/Src/tests.cpp.obj
 .text.hot._Z4lerp9SoftFloatS_S_
                0x0800c320      0x114 CMakeFiles/EmbeddedUnitTests.dir/Tests/Src/tests.cpp.obj
                0x0800c320                lerp(SoftFloat, SoftFloat, SoftFloat)
 *fill*         0x0800c434        0x4 
 .text._ZN13SoftFloatTestL15test_lerp_edgesEv
                0x0800c438      0x318 CMakeFiles/EmbeddedUnitTests.dir/Tests/Src/tests.cpp.obj
 .text._ZN13SoftFloatTestL14run_benchmarksEv
                0x0800c750     0x24b8 CMakeFiles/EmbeddedUnitTests.dir/Tests/Src/tests.cpp.obj
 .text._ZN13SoftFloatTestL7run_allEv
                0x0800ec08      0x114 CMakeFiles/EmbeddedUnitTests.dir/Tests/Src/tests.cpp.obj
 .text.main_tests
                0x0800ed1c        0x4 CMakeFiles/EmbeddedUnitTests.dir/Tests/Src/tests.cpp.obj
                0x0800ed1c                main_tests
 .text.acosf    0x0800ed20       0x58 C:/sysgcc/arm-eabi/bin/../lib/gcc/arm-none-eabi/15.2.1/../../../../arm-none-eabi/lib/thumb/v7e-m+fp/hard\libm.a(libm_a-wf_acos.o)
                0x0800ed20                acosf
 .text.asinf    0x0800ed78       0x58 C:/sysgcc/arm-eabi/bin/../lib/gcc/arm-none-eabi/15.2.1/../../../../arm-none-eabi/lib/thumb/v7e-m+fp/hard\libm.a(libm_a-wf_asin.o)
                0x0800ed78                asinf
 .text.atan2f   0x0800edd0        0x4 C:/sysgcc/arm-eabi/bin/../lib/gcc/arm-none-eabi/15.2.1/../../../../arm-none-eabi/lib/thumb/v7e-m+fp/hard\libm.a(libm_a-wf_atan2.o)
                0x0800edd0                atan2f
 .text.coshf    0x0800edd4       0x68 C:/sysgcc/arm-eabi/bin/../lib/gcc/arm-none-eabi/15.2.1/../../../../arm-none-eabi/lib/thumb/v7e-m+fp/hard\libm.a(libm_a-wf_cosh.o)
                0x0800edd4                coshf
 .text.logf     0x0800ee3c       0x60 C:/sysgcc/arm-eabi/bin/../lib/gcc/arm-none-eabi/15.2.1/../../../../arm-none-eabi/lib/thumb/v7e-m+fp/hard\libm.a(libm_a-wf_log.o)
                0x0800ee3c                logf
 .text.log10f   0x0800ee9c       0x60 C:/sysgcc/arm-eabi/bin/../lib/gcc/arm-none-eabi/15.2.1/../../../../arm-none-eabi/lib/thumb/v7e-m+fp/hard\libm.a(libm_a-wf_log10.o)
                0x0800ee9c                log10f
 .text.sinhf    0x0800eefc       0x54 C:/sysgcc/arm-eabi/bin/../lib/gcc/arm-none-eabi/15.2.1/../../../../arm-none-eabi/lib/thumb/v7e-m+fp/hard\libm.a(libm_a-wf_sinh.o)
                0x0800eefc                sinhf
 .text.cosf     0x0800ef50       0x70 C:/sysgcc/arm-eabi/bin/../lib/gcc/arm-none-eabi/15.2.1/../../../../arm-none-eabi/lib/thumb/v7e-m+fp/hard\libm.a(libm_a-sf_cos.o)
                0x0800ef50                cosf
 .text.fabsf    0x0800efc0       0x10 C:/sysgcc/arm-eabi/bin/../lib/gcc/arm-none-eabi/15.2.1/../../../../arm-none-eabi/lib/thumb/v7e-m+fp/hard\libm.a(libm_a-sf_fabs.o)
                0x0800efc0                fabsf
 .text.sinf     0x0800efd0       0x74 C:/sysgcc/arm-eabi/bin/../lib/gcc/arm-none-eabi/15.2.1/../../../../arm-none-eabi/lib/thumb/v7e-m+fp/hard\libm.a(libm_a-sf_sin.o)
                0x0800efd0                sinf
 .text.tanf     0x0800f044       0x50 C:/sysgcc/arm-eabi/bin/../lib/gcc/arm-none-eabi/15.2.1/../../../../arm-none-eabi/lib/thumb/v7e-m+fp/hard\libm.a(libm_a-sf_tan.o)
                0x0800f044                tanf
 .text.tanhf    0x0800f094       0xf4 C:/sysgcc/arm-eabi/bin/../lib/gcc/arm-none-eabi/15.2.1/../../../../arm-none-eabi/lib/thumb/v7e-m+fp/hard\libm.a(libm_a-sf_tanh.o)
                0x0800f094                tanhf
 .text.log2f    0x0800f188       0x14 C:/sysgcc/arm-eabi/bin/../lib/gcc/arm-none-eabi/15.2.1/../../../../arm-none-eabi/lib/thumb/v7e-m+fp/hard\libm.a(libm_a-wf_log2.o)
                0x0800f188                log2f
 .text.finitef  0x0800f19c       0x14 C:/sysgcc/arm-eabi/bin/../lib/gcc/arm-none-eabi/15.2.1/../../../../arm-none-eabi/lib/thumb/v7e-m+fp/hard\libm.a(libm_a-sf_finite.o)
                0x0800f19c                finitef
 .text.expm1f   0x0800f1b0      0x270 C:/sysgcc/arm-eabi/bin/../lib/gcc/arm-none-eabi/15.2.1/../../../../arm-none-eabi/lib/thumb/v7e-m+fp/hard\libm.a(libm_a-sf_expm1.o)
                0x0800f1b0                expm1f
 .text.nanf     0x0800f420        0xc C:/sysgcc/arm-eabi/bin/../lib/gcc/arm-none-eabi/15.2.1/../../../../arm-none-eabi/lib/thumb/v7e-m+fp/hard\libm.a(libm_a-sf_nan.o)
                0x0800f420                nanf
 .text.with_errnof
                0x0800f42c       0x18 C:/sysgcc/arm-eabi/bin/../lib/gcc/arm-none-eabi/15.2.1/../../../../arm-none-eabi/lib/thumb/v7e-m+fp/hard\libm.a(libm_a-math_errf.o)
 .text.xflowf   0x0800f444       0x20 C:/sysgcc/arm-eabi/bin/../lib/gcc/arm-none-eabi/15.2.1/../../../../arm-none-eabi/lib/thumb/v7e-m+fp/hard\libm.a(libm_a-math_errf.o)
 .text.__math_uflowf
                0x0800f464        0xc C:/sysgcc/arm-eabi/bin/../lib/gcc/arm-none-eabi/15.2.1/../../../../arm-none-eabi/lib/thumb/v7e-m+fp/hard\libm.a(libm_a-math_errf.o)
                0x0800f464                __math_uflowf
 .text.__math_oflowf
                0x0800f470        0xc C:/sysgcc/arm-eabi/bin/../lib/gcc/arm-none-eabi/15.2.1/../../../../arm-none-eabi/lib/thumb/v7e-m+fp/hard\libm.a(libm_a-math_errf.o)
                0x0800f470                __math_oflowf
 .text.__kernel_cosf
                0x0800f47c      0x104 C:/sysgcc/arm-eabi/bin/../lib/gcc/arm-none-eabi/15.2.1/../../../../arm-none-eabi/lib/thumb/v7e-m+fp/hard\libm.a(libm_a-kf_cos.o)
                0x0800f47c                __kernel_cosf
 .text.__kernel_sinf
                0x0800f580       0x90 C:/sysgcc/arm-eabi/bin/../lib/gcc/arm-none-eabi/15.2.1/../../../../arm-none-eabi/lib/thumb/v7e-m+fp/hard\libm.a(libm_a-kf_sin.o)
                0x0800f580                __kernel_sinf
 .text.__kernel_tanf
                0x0800f610      0x1b4 C:/sysgcc/arm-eabi/bin/../lib/gcc/arm-none-eabi/15.2.1/../../../../arm-none-eabi/lib/thumb/v7e-m+fp/hard\libm.a(libm_a-kf_tan.o)
                0x0800f610                __kernel_tanf
 .text.__ieee754_acosf
                0x0800f7c4      0x240 C:/sysgcc/arm-eabi/bin/../lib/gcc/arm-none-eabi/15.2.1/../../../../arm-none-eabi/lib/thumb/v7e-m+fp/hard\libm.a(libm_a-ef_acos.o)
                0x0800f7c4                __ieee754_acosf
 .text.__ieee754_asinf
                0x0800fa04      0x214 C:/sysgcc/arm-eabi/bin/../lib/gcc/arm-none-eabi/15.2.1/../../../../arm-none-eabi/lib/thumb/v7e-m+fp/hard\libm.a(libm_a-ef_asin.o)
                0x0800fa04                __ieee754_asinf
 .text.__ieee754_atan2f
                0x0800fc18      0x144 C:/sysgcc/arm-eabi/bin/../lib/gcc/arm-none-eabi/15.2.1/../../../../arm-none-eabi/lib/thumb/v7e-m+fp/hard\libm.a(libm_a-ef_atan2.o)
                0x0800fc18                __ieee754_atan2f
 .text.__ieee754_coshf
                0x0800fd5c       0xd0 C:/sysgcc/arm-eabi/bin/../lib/gcc/arm-none-eabi/15.2.1/../../../../arm-none-eabi/lib/thumb/v7e-m+fp/hard\libm.a(libm_a-ef_cosh.o)
                0x0800fd5c                __ieee754_coshf
 .text.__ieee754_expf
                0x0800fe2c      0x1e8 C:/sysgcc/arm-eabi/bin/../lib/gcc/arm-none-eabi/15.2.1/../../../../arm-none-eabi/lib/thumb/v7e-m+fp/hard\libm.a(libm_a-ef_exp.o)
                0x0800fe2c                __ieee754_expf
 .text.__ieee754_logf
                0x08010014      0x1f4 C:/sysgcc/arm-eabi/bin/../lib/gcc/arm-none-eabi/15.2.1/../../../../arm-none-eabi/lib/thumb/v7e-m+fp/hard\libm.a(libm_a-ef_log.o)
                0x08010014                __ieee754_logf
 .text.__ieee754_log10f
                0x08010208       0xbc C:/sysgcc/arm-eabi/bin/../lib/gcc/arm-none-eabi/15.2.1/../../../../arm-none-eabi/lib/thumb/v7e-m+fp/hard\libm.a(libm_a-ef_log10.o)
                0x08010208                __ieee754_log10f
 .text.__ieee754_rem_pio2f
                0x080102c4      0x26c C:/sysgcc/arm-eabi/bin/../lib/gcc/arm-none-eabi/15.2.1/../../../../arm-none-eabi/lib/thumb/v7e-m+fp/hard\libm.a(libm_a-ef_rem_pio2.o)
                0x080102c4                __ieee754_rem_pio2f
 .text.__ieee754_sinhf
                0x08010530      0x110 C:/sysgcc/arm-eabi/bin/../lib/gcc/arm-none-eabi/15.2.1/../../../../arm-none-eabi/lib/thumb/v7e-m+fp/hard\libm.a(libm_a-ef_sinh.o)
                0x08010530                __ieee754_sinhf
 .text.atanf    0x08010640      0x1b8 C:/sysgcc/arm-eabi/bin/../lib/gcc/arm-none-eabi/15.2.1/../../../../arm-none-eabi/lib/thumb/v7e-m+fp/hard\libm.a(libm_a-sf_atan.o)
                0x08010640                atanf
 .text.__ieee754_sqrtf
                0x080107f8        0x8 C:/sysgcc/arm-eabi/bin/../lib/gcc/arm-none-eabi/15.2.1/../../../../arm-none-eabi/lib/thumb/v7e-m+fp/hard\libm.a(libm_a-ef_sqrt.o)
                0x080107f8                __ieee754_sqrtf
 .text.__kernel_rem_pio2f
                0x08010800      0x698 C:/sysgcc/arm-eabi/bin/../lib/gcc/arm-none-eabi/15.2.1/../../../../arm-none-eabi/lib/thumb/v7e-m+fp/hard\libm.a(libm_a-kf_rem_pio2.o)
                0x08010800                __kernel_rem_pio2f
 .text.scalbnf  0x08010e98       0xdc C:/sysgcc/arm-eabi/bin/../lib/gcc/arm-none-eabi/15.2.1/../../../../arm-none-eabi/lib/thumb/v7e-m+fp/hard\libm.a(libm_a-sf_scalbn.o)
                0x08010e98                scalbnf
 .text.floorf   0x08010f74       0x94 C:/sysgcc/arm-eabi/bin/../lib/gcc/arm-none-eabi/15.2.1/../../../../arm-none-eabi/lib/thumb/v7e-m+fp/hard\libm.a(libm_a-sf_floor.o)
                0x08010f74                floorf
 .text.__udivmoddi4
                0x08011008      0x320 C:/sysgcc/arm-eabi/bin/../lib/gcc/arm-none-eabi/15.2.1/thumb/v7e-m+fp/hard\libgcc.a(_udivmoddi4.o)
                0x08011008                __udivmoddi4
 .text.__cvt    0x08011328       0xbe C:/sysgcc/arm-eabi/bin/../lib/gcc/arm-none-eabi/15.2.1/../../../../arm-none-eabi/lib/thumb/v7e-m+fp/hard\libg_nano.a(libc_a-nano-vfprintf_float.o)
                0x08011328                __cvt
 .text.__exponent
                0x080113e6       0x76 C:/sysgcc/arm-eabi/bin/../lib/gcc/arm-none-eabi/15.2.1/../../../../arm-none-eabi/lib/thumb/v7e-m+fp/hard\libg_nano.a(libc_a-nano-vfprintf_float.o)
                0x080113e6                __exponent
 .text._printf_float
                0x0801145c      0x448 C:/sysgcc/arm-eabi/bin/../lib/gcc/arm-none-eabi/15.2.1/../../../../arm-none-eabi/lib/thumb/v7e-m+fp/hard\libg_nano.a(libc_a-nano-vfprintf_float.o)
                0x0801145c                _printf_float
 .text._printf_common
                0x080118a4       0xea C:/sysgcc/arm-eabi/bin/../lib/gcc/arm-none-eabi/15.2.1/../../../../arm-none-eabi/lib/thumb/v7e-m+fp/hard\libg_nano.a(libc_a-nano-vfprintf_i.o)
                0x080118a4                _printf_common
 *fill*         0x0801198e        0x2 
 .text._printf_i
                0x08011990      0x254 C:/sysgcc/arm-eabi/bin/../lib/gcc/arm-none-eabi/15.2.1/../../../../arm-none-eabi/lib/thumb/v7e-m+fp/hard\libg_nano.a(libc_a-nano-vfprintf_i.o)
                0x08011990                _printf_i
 .text.__sflush_r
                0x08011be4      0x100 C:/sysgcc/arm-eabi/bin/../lib/gcc/arm-none-eabi/15.2.1/../../../../arm-none-eabi/lib/thumb/v7e-m+fp/hard\libg_nano.a(libc_a-fflush.o)
                0x08011be4                __sflush_r
 .text._fflush_r
                0x08011ce4       0x50 C:/sysgcc/arm-eabi/bin/../lib/gcc/arm-none-eabi/15.2.1/../../../../arm-none-eabi/lib/thumb/v7e-m+fp/hard\libg_nano.a(libc_a-fflush.o)
                0x08011ce4                _fflush_r
 .text.fflush   0x08011d34       0x28 C:/sysgcc/arm-eabi/bin/../lib/gcc/arm-none-eabi/15.2.1/../../../../arm-none-eabi/lib/thumb/v7e-m+fp/hard\libg_nano.a(libc_a-fflush.o)
                0x08011d34                fflush
 .text.std      0x08011d5c       0x6c C:/sysgcc/arm-eabi/bin/../lib/gcc/arm-none-eabi/15.2.1/../../../../arm-none-eabi/lib/thumb/v7e-m+fp/hard\libg_nano.a(libc_a-findfp.o)
 .text.stdio_exit_handler
                0x08011dc8       0x18 C:/sysgcc/arm-eabi/bin/../lib/gcc/arm-none-eabi/15.2.1/../../../../arm-none-eabi/lib/thumb/v7e-m+fp/hard\libg_nano.a(libc_a-findfp.o)
 .text.cleanup_stdio
                0x08011de0       0x40 C:/sysgcc/arm-eabi/bin/../lib/gcc/arm-none-eabi/15.2.1/../../../../arm-none-eabi/lib/thumb/v7e-m+fp/hard\libg_nano.a(libc_a-findfp.o)
 .text.global_stdio_init.part.0
                0x08011e20       0x40 C:/sysgcc/arm-eabi/bin/../lib/gcc/arm-none-eabi/15.2.1/../../../../arm-none-eabi/lib/thumb/v7e-m+fp/hard\libg_nano.a(libc_a-findfp.o)
 .text.__sfp_lock_acquire
                0x08011e60        0xc C:/sysgcc/arm-eabi/bin/../lib/gcc/arm-none-eabi/15.2.1/../../../../arm-none-eabi/lib/thumb/v7e-m+fp/hard\libg_nano.a(libc_a-findfp.o)
                0x08011e60                __sfp_lock_acquire
 .text.__sfp_lock_release
                0x08011e6c        0xc C:/sysgcc/arm-eabi/bin/../lib/gcc/arm-none-eabi/15.2.1/../../../../arm-none-eabi/lib/thumb/v7e-m+fp/hard\libg_nano.a(libc_a-findfp.o)
                0x08011e6c                __sfp_lock_release
 .text.__sinit  0x08011e78       0x30 C:/sysgcc/arm-eabi/bin/../lib/gcc/arm-none-eabi/15.2.1/../../../../arm-none-eabi/lib/thumb/v7e-m+fp/hard\libg_nano.a(libc_a-findfp.o)
                0x08011e78                __sinit
 .text._fputs_r
                0x08011ea8       0xa0 C:/sysgcc/arm-eabi/bin/../lib/gcc/arm-none-eabi/15.2.1/../../../../arm-none-eabi/lib/thumb/v7e-m+fp/hard\libg_nano.a(libc_a-fputs.o)
                0x08011ea8                _fputs_r
 .text.fputs    0x08011f48       0x10 C:/sysgcc/arm-eabi/bin/../lib/gcc/arm-none-eabi/15.2.1/../../../../arm-none-eabi/lib/thumb/v7e-m+fp/hard\libg_nano.a(libc_a-fputs.o)
                0x08011f48                fputs
 .text._fwalk_sglue
                0x08011f58       0x3a C:/sysgcc/arm-eabi/bin/../lib/gcc/arm-none-eabi/15.2.1/../../../../arm-none-eabi/lib/thumb/v7e-m+fp/hard\libg_nano.a(libc_a-fwalk.o)
                0x08011f58                _fwalk_sglue
 *fill*         0x08011f92        0x2 
 .text.snprintf
                0x08011f94       0x64 C:/sysgcc/arm-eabi/bin/../lib/gcc/arm-none-eabi/15.2.1/../../../../arm-none-eabi/lib/thumb/v7e-m+fp/hard\libg_nano.a(libc_a-snprintf.o)
                0x08011f94                sniprintf
                0x08011f94                snprintf
 .text.__sread  0x08011ff8       0x22 C:/sysgcc/arm-eabi/bin/../lib/gcc/arm-none-eabi/15.2.1/../../../../arm-none-eabi/lib/thumb/v7e-m+fp/hard\libg_nano.a(libc_a-stdio.o)
                0x08011ff8                __sread
 .text.__swrite
                0x0801201a       0x38 C:/sysgcc/arm-eabi/bin/../lib/gcc/arm-none-eabi/15.2.1/../../../../arm-none-eabi/lib/thumb/v7e-m+fp/hard\libg_nano.a(libc_a-stdio.o)
                0x0801201a                __swrite
 .text.__sseek  0x08012052       0x26 C:/sysgcc/arm-eabi/bin/../lib/gcc/arm-none-eabi/15.2.1/../../../../arm-none-eabi/lib/thumb/v7e-m+fp/hard\libg_nano.a(libc_a-stdio.o)
                0x08012052                __sseek
 .text.__sclose
                0x08012078        0x8 C:/sysgcc/arm-eabi/bin/../lib/gcc/arm-none-eabi/15.2.1/../../../../arm-none-eabi/lib/thumb/v7e-m+fp/hard\libg_nano.a(libc_a-stdio.o)
                0x08012078                __sclose
 .text.__swbuf_r
                0x08012080       0x7a C:/sysgcc/arm-eabi/bin/../lib/gcc/arm-none-eabi/15.2.1/../../../../arm-none-eabi/lib/thumb/v7e-m+fp/hard\libg_nano.a(libc_a-wbuf.o)
                0x08012080                __swbuf_r
 *fill*         0x080120fa        0x2 
 .text.__swsetup_r
                0x080120fc       0xa8 C:/sysgcc/arm-eabi/bin/../lib/gcc/arm-none-eabi/15.2.1/../../../../arm-none-eabi/lib/thumb/v7e-m+fp/hard\libg_nano.a(libc_a-wsetup.o)
                0x080120fc                __swsetup_r
 .text.memset   0x080121a4       0x10 C:/sysgcc/arm-eabi/bin/../lib/gcc/arm-none-eabi/15.2.1/../../../../arm-none-eabi/lib/thumb/v7e-m+fp/hard\libg_nano.a(libc_a-memset.o)
                0x080121a4                memset
 .text._localeconv_r
                0x080121b4        0x8 C:/sysgcc/arm-eabi/bin/../lib/gcc/arm-none-eabi/15.2.1/../../../../arm-none-eabi/lib/thumb/v7e-m+fp/hard\libg_nano.a(libc_a-localeconv.o)
                0x080121b4                _localeconv_r
 .text._close_r
                0x080121bc       0x20 C:/sysgcc/arm-eabi/bin/../lib/gcc/arm-none-eabi/15.2.1/../../../../arm-none-eabi/lib/thumb/v7e-m+fp/hard\libg_nano.a(libc_a-closer.o)
                0x080121bc                _close_r
 .text._lseek_r
                0x080121dc       0x24 C:/sysgcc/arm-eabi/bin/../lib/gcc/arm-none-eabi/15.2.1/../../../../arm-none-eabi/lib/thumb/v7e-m+fp/hard\libg_nano.a(libc_a-lseekr.o)
                0x080121dc                _lseek_r
 .text._read_r  0x08012200       0x24 C:/sysgcc/arm-eabi/bin/../lib/gcc/arm-none-eabi/15.2.1/../../../../arm-none-eabi/lib/thumb/v7e-m+fp/hard\libg_nano.a(libc_a-readr.o)
                0x08012200                _read_r
 .text._write_r
                0x08012224       0x24 C:/sysgcc/arm-eabi/bin/../lib/gcc/arm-none-eabi/15.2.1/../../../../arm-none-eabi/lib/thumb/v7e-m+fp/hard\libg_nano.a(libc_a-writer.o)
                0x08012224                _write_r
 .text.__errno  0x08012248        0xc C:/sysgcc/arm-eabi/bin/../lib/gcc/arm-none-eabi/15.2.1/../../../../arm-none-eabi/lib/thumb/v7e-m+fp/hard\libg_nano.a(libc_a-errno.o)
                0x08012248                __errno
 .text.__libc_init_array
                0x08012254       0x48 C:/sysgcc/arm-eabi/bin/../lib/gcc/arm-none-eabi/15.2.1/../../../../arm-none-eabi/lib/thumb/v7e-m+fp/hard\libg_nano.a(libc_a-init.o)
                0x08012254                __libc_init_array
 .text.__retarget_lock_init_recursive
                0x0801229c        0x2 C:/sysgcc/arm-eabi/bin/../lib/gcc/arm-none-eabi/15.2.1/../../../../arm-none-eabi/lib/thumb/v7e-m+fp/hard\libg_nano.a(libc_a-lock.o)
                0x0801229c                __retarget_lock_init_recursive
 .text.__retarget_lock_acquire_recursive
                0x0801229e        0x2 C:/sysgcc/arm-eabi/bin/../lib/gcc/arm-none-eabi/15.2.1/../../../../arm-none-eabi/lib/thumb/v7e-m+fp/hard\libg_nano.a(libc_a-lock.o)
                0x0801229e                __retarget_lock_acquire_recursive
 .text.__retarget_lock_release_recursive
                0x080122a0        0x2 C:/sysgcc/arm-eabi/bin/../lib/gcc/arm-none-eabi/15.2.1/../../../../arm-none-eabi/lib/thumb/v7e-m+fp/hard\libg_nano.a(libc_a-lock.o)
                0x080122a0                __retarget_lock_release_recursive
 .text.memcpy   0x080122a2       0x1c C:/sysgcc/arm-eabi/bin/../lib/gcc/arm-none-eabi/15.2.1/../../../../arm-none-eabi/lib/thumb/v7e-m+fp/hard\libg_nano.a(libc_a-memcpy-stub.o)
                0x080122a2                memcpy
 .text.quorem   0x080122be      0x110 C:/sysgcc/arm-eabi/bin/../lib/gcc/arm-none-eabi/15.2.1/../../../../arm-none-eabi/lib/thumb/v7e-m+fp/hard\libg_nano.a(libc_a-dtoa.o)
 *fill*         0x080123ce        0x2 
 .text._dtoa_r  0x080123d0      0xbac C:/sysgcc/arm-eabi/bin/../lib/gcc/arm-none-eabi/15.2.1/../../../../arm-none-eabi/lib/thumb/v7e-m+fp/hard\libg_nano.a(libc_a-dtoa.o)
                0x080123d0                _dtoa_r
 .text._free_r  0x08012f7c       0x98 C:/sysgcc/arm-eabi/bin/../lib/gcc/arm-none-eabi/15.2.1/../../../../arm-none-eabi/lib/thumb/v7e-m+fp/hard\libg_nano.a(libc_a-freer.o)
                0x08012f7c                _free_r
 .text.malloc   0x08013014       0x10 C:/sysgcc/arm-eabi/bin/../lib/gcc/arm-none-eabi/15.2.1/../../../../arm-none-eabi/lib/thumb/v7e-m+fp/hard\libg_nano.a(libc_a-malloc.o)
                0x08013014                malloc
 .text.sbrk_aligned
                0x08013024       0x44 C:/sysgcc/arm-eabi/bin/../lib/gcc/arm-none-eabi/15.2.1/../../../../arm-none-eabi/lib/thumb/v7e-m+fp/hard\libg_nano.a(libc_a-mallocr.o)
 .text._malloc_r
                0x08013068       0xf8 C:/sysgcc/arm-eabi/bin/../lib/gcc/arm-none-eabi/15.2.1/../../../../arm-none-eabi/lib/thumb/v7e-m+fp/hard\libg_nano.a(libc_a-mallocr.o)
                0x08013068                _malloc_r
 .text.__malloc_lock
                0x08013160        0xc C:/sysgcc/arm-eabi/bin/../lib/gcc/arm-none-eabi/15.2.1/../../../../arm-none-eabi/lib/thumb/v7e-m+fp/hard\libg_nano.a(libc_a-mlock.o)
                0x08013160                __malloc_lock
 .text.__malloc_unlock
                0x0801316c        0xc C:/sysgcc/arm-eabi/bin/../lib/gcc/arm-none-eabi/15.2.1/../../../../arm-none-eabi/lib/thumb/v7e-m+fp/hard\libg_nano.a(libc_a-mlock.o)
                0x0801316c                __malloc_unlock
 .text._Balloc  0x08013178       0x7c C:/sysgcc/arm-eabi/bin/../lib/gcc/arm-none-eabi/15.2.1/../../../../arm-none-eabi/lib/thumb/v7e-m+fp/hard\libg_nano.a(libc_a-mprec.o)
                0x08013178                _Balloc
 .text._Bfree   0x080131f4       0x44 C:/sysgcc/arm-eabi/bin/../lib/gcc/arm-none-eabi/15.2.1/../../../../arm-none-eabi/lib/thumb/v7e-m+fp/hard\libg_nano.a(libc_a-mprec.o)
                0x080131f4                _Bfree
 .text.__multadd
                0x08013238       0x8c C:/sysgcc/arm-eabi/bin/../lib/gcc/arm-none-eabi/15.2.1/../../../../arm-none-eabi/lib/thumb/v7e-m+fp/hard\libg_nano.a(libc_a-mprec.o)
                0x08013238                __multadd
 .text.__hi0bits
                0x080132c4       0x3c C:/sysgcc/arm-eabi/bin/../lib/gcc/arm-none-eabi/15.2.1/../../../../arm-none-eabi/lib/thumb/v7e-m+fp/hard\libg_nano.a(libc_a-mprec.o)
                0x080132c4                __hi0bits
 .text.__lo0bits
                0x08013300       0x5c C:/sysgcc/arm-eabi/bin/../lib/gcc/arm-none-eabi/15.2.1/../../../../arm-none-eabi/lib/thumb/v7e-m+fp/hard\libg_nano.a(libc_a-mprec.o)
                0x08013300                __lo0bits
 .text.__i2b    0x0801335c       0x2c C:/sysgcc/arm-eabi/bin/../lib/gcc/arm-none-eabi/15.2.1/../../../../arm-none-eabi/lib/thumb/v7e-m+fp/hard\libg_nano.a(libc_a-mprec.o)
                0x0801335c                __i2b
 .text.__multiply
                0x08013388      0x16c C:/sysgcc/arm-eabi/bin/../lib/gcc/arm-none-eabi/15.2.1/../../../../arm-none-eabi/lib/thumb/v7e-m+fp/hard\libg_nano.a(libc_a-mprec.o)
                0x08013388                __multiply
 .text.__pow5mult
                0x080134f4       0xb8 C:/sysgcc/arm-eabi/bin/../lib/gcc/arm-none-eabi/15.2.1/../../../../arm-none-eabi/lib/thumb/v7e-m+fp/hard\libg_nano.a(libc_a-mprec.o)
                0x080134f4                __pow5mult
 .text.__lshift
                0x080135ac       0xe4 C:/sysgcc/arm-eabi/bin/../lib/gcc/arm-none-eabi/15.2.1/../../../../arm-none-eabi/lib/thumb/v7e-m+fp/hard\libg_nano.a(libc_a-mprec.o)
                0x080135ac                __lshift
 .text.__mcmp   0x08013690       0x36 C:/sysgcc/arm-eabi/bin/../lib/gcc/arm-none-eabi/15.2.1/../../../../arm-none-eabi/lib/thumb/v7e-m+fp/hard\libg_nano.a(libc_a-mprec.o)
                0x08013690                __mcmp
 *fill*         0x080136c6        0x2 
 .text.__mdiff  0x080136c8      0x130 C:/sysgcc/arm-eabi/bin/../lib/gcc/arm-none-eabi/15.2.1/../../../../arm-none-eabi/lib/thumb/v7e-m+fp/hard\libg_nano.a(libc_a-mprec.o)
                0x080136c8                __mdiff
 .text.__d2b    0x080137f8       0xb0 C:/sysgcc/arm-eabi/bin/../lib/gcc/arm-none-eabi/15.2.1/../../../../arm-none-eabi/lib/thumb/v7e-m+fp/hard\libg_nano.a(libc_a-mprec.o)
                0x080137f8                __d2b
 .text.__ssputs_r
                0x080138a8       0xc0 C:/sysgcc/arm-eabi/bin/../lib/gcc/arm-none-eabi/15.2.1/../../../../arm-none-eabi/lib/thumb/v7e-m+fp/hard\libg_nano.a(libc_a-nano-svfprintf.o)
                0x080138a8                __ssputs_r
 .text._svfprintf_r
                0x08013968      0x1f0 C:/sysgcc/arm-eabi/bin/../lib/gcc/arm-none-eabi/15.2.1/../../../../arm-none-eabi/lib/thumb/v7e-m+fp/hard\libg_nano.a(libc_a-nano-svfprintf.o)
                0x08013968                _svfiprintf_r
                0x08013968                _svfprintf_r
 .text.__swhatbuf_r
                0x08013b58       0x48 C:/sysgcc/arm-eabi/bin/../lib/gcc/arm-none-eabi/15.2.1/../../../../arm-none-eabi/lib/thumb/v7e-m+fp/hard\libg_nano.a(libc_a-makebuf.o)
                0x08013b58                __swhatbuf_r
 .text.__smakebuf_r
                0x08013ba0       0x72 C:/sysgcc/arm-eabi/bin/../lib/gcc/arm-none-eabi/15.2.1/../../../../arm-none-eabi/lib/thumb/v7e-m+fp/hard\libg_nano.a(libc_a-makebuf.o)
                0x08013ba0                __smakebuf_r
 .text.memmove  0x08013c12       0x32 C:/sysgcc/arm-eabi/bin/../lib/gcc/arm-none-eabi/15.2.1/../../../../arm-none-eabi/lib/thumb/v7e-m+fp/hard\libg_nano.a(libc_a-memmove.o)
                0x08013c12                memmove
 .text._fstat_r
                0x08013c44       0x24 C:/sysgcc/arm-eabi/bin/../lib/gcc/arm-none-eabi/15.2.1/../../../../arm-none-eabi/lib/thumb/v7e-m+fp/hard\libg_nano.a(libc_a-fstatr.o)
                0x08013c44                _fstat_r
 .text._isatty_r
                0x08013c68       0x20 C:/sysgcc/arm-eabi/bin/../lib/gcc/arm-none-eabi/15.2.1/../../../../arm-none-eabi/lib/thumb/v7e-m+fp/hard\libg_nano.a(libc_a-isattyr.o)
                0x08013c68                _isatty_r
 .text._sbrk_r  0x08013c88       0x20 C:/sysgcc/arm-eabi/bin/../lib/gcc/arm-none-eabi/15.2.1/../../../../arm-none-eabi/lib/thumb/v7e-m+fp/hard\libg_nano.a(libc_a-sbrkr.o)
                0x08013c88                _sbrk_r
 .text.__assert_func
                0x08013ca8       0x3c C:/sysgcc/arm-eabi/bin/../lib/gcc/arm-none-eabi/15.2.1/../../../../arm-none-eabi/lib/thumb/v7e-m+fp/hard\libg_nano.a(libc_a-assert.o)
                0x08013ca8                __assert_func
 .text._calloc_r
                0x08013ce4       0x28 C:/sysgcc/arm-eabi/bin/../lib/gcc/arm-none-eabi/15.2.1/../../../../arm-none-eabi/lib/thumb/v7e-m+fp/hard\libg_nano.a(libc_a-callocr.o)
                0x08013ce4                _calloc_r
 .text.__ascii_mbtowc
                0x08013d0c       0x24 C:/sysgcc/arm-eabi/bin/../lib/gcc/arm-none-eabi/15.2.1/../../../../arm-none-eabi/lib/thumb/v7e-m+fp/hard\libg_nano.a(libc_a-mbtowc_r.o)
                0x08013d0c                __ascii_mbtowc
 .text._realloc_r
                0x08013d30       0x5c C:/sysgcc/arm-eabi/bin/../lib/gcc/arm-none-eabi/15.2.1/../../../../arm-none-eabi/lib/thumb/v7e-m+fp/hard\libg_nano.a(libc_a-reallocr.o)
                0x08013d30                _realloc_r
 .text.__ascii_wctomb
                0x08013d8c       0x1a C:/sysgcc/arm-eabi/bin/../lib/gcc/arm-none-eabi/15.2.1/../../../../arm-none-eabi/lib/thumb/v7e-m+fp/hard\libg_nano.a(libc_a-wctomb_r.o)
                0x08013d8c                __ascii_wctomb
 *fill*         0x08013da6        0x2 
 .text.fprintf  0x08013da8       0x24 C:/sysgcc/arm-eabi/bin/../lib/gcc/arm-none-eabi/15.2.1/../../../../arm-none-eabi/lib/thumb/v7e-m+fp/hard\libg_nano.a(libc_a-fprintf.o)
                0x08013da8                fiprintf
                0x08013da8                fprintf
 .text.abort    0x08013dcc        0xe C:/sysgcc/arm-eabi/bin/../lib/gcc/arm-none-eabi/15.2.1/../../../../arm-none-eabi/lib/thumb/v7e-m+fp/hard\libg_nano.a(libc_a-abort.o)
                0x08013dcc                abort
 .text._malloc_usable_size_r
                0x08013dda       0x10 C:/sysgcc/arm-eabi/bin/../lib/gcc/arm-none-eabi/15.2.1/../../../../arm-none-eabi/lib/thumb/v7e-m+fp/hard\libg_nano.a(libc_a-msizer.o)
                0x08013dda                _malloc_usable_size_r
 .text.__sfputc_r
                0x08013dea       0x2a C:/sysgcc/arm-eabi/bin/../lib/gcc/arm-none-eabi/15.2.1/../../../../arm-none-eabi/lib/thumb/v7e-m+fp/hard\libg_nano.a(libc_a-nano-vfprintf.o)
 .text.__sfputs_r
                0x08013e14       0x24 C:/sysgcc/arm-eabi/bin/../lib/gcc/arm-none-eabi/15.2.1/../../../../arm-none-eabi/lib/thumb/v7e-m+fp/hard\libg_nano.a(libc_a-nano-vfprintf.o)
                0x08013e14                __sfputs_r
 .text._vfprintf_r
                0x08013e38      0x228 C:/sysgcc/arm-eabi/bin/../lib/gcc/arm-none-eabi/15.2.1/../../../../arm-none-eabi/lib/thumb/v7e-m+fp/hard\libg_nano.a(libc_a-nano-vfprintf.o)
                0x08013e38                _vfprintf_r
                0x08013e38                _vfiprintf_r
 .text._raise_r
                0x08014060       0x50 C:/sysgcc/arm-eabi/bin/../lib/gcc/arm-none-eabi/15.2.1/../../../../arm-none-eabi/lib/thumb/v7e-m+fp/hard\libg_nano.a(libc_a-signal.o)
                0x08014060                _raise_r
 .text.raise    0x080140b0       0x10 C:/sysgcc/arm-eabi/bin/../lib/gcc/arm-none-eabi/15.2.1/../../../../arm-none-eabi/lib/thumb/v7e-m+fp/hard\libg_nano.a(libc_a-signal.o)
                0x080140b0                raise
 .text._kill_r  0x080140c0       0x24 C:/sysgcc/arm-eabi/bin/../lib/gcc/arm-none-eabi/15.2.1/../../../../arm-none-eabi/lib/thumb/v7e-m+fp/hard\libg_nano.a(libc_a-signalr.o)
                0x080140c0                _kill_r
 .text._getpid_r
                0x080140e4        0x4 C:/sysgcc/arm-eabi/bin/../lib/gcc/arm-none-eabi/15.2.1/../../../../arm-none-eabi/lib/thumb/v7e-m+fp/hard\libg_nano.a(libc_a-signalr.o)
                0x080140e4                _getpid_r
 .text._exit    0x080140e8       0x14 C:/sysgcc/arm-eabi/bin/../lib/gcc/arm-none-eabi/15.2.1/../../../../arm-none-eabi/lib/thumb/v7e-m+fp/hard\librdimon_nano.a(arm_librdimon_a-_exit.o)
                0x080140e8                _exit
 .text._kill_shared
                0x080140fc       0x26 C:/sysgcc/arm-eabi/bin/../lib/gcc/arm-none-eabi/15.2.1/../../../../arm-none-eabi/lib/thumb/v7e-m+fp/hard\librdimon_nano.a(arm_librdimon_a-_kill.o)
                0x080140fc                _kill_shared
 *fill*         0x08014122        0x2 
 .text._kill    0x08014124       0x18 C:/sysgcc/arm-eabi/bin/../lib/gcc/arm-none-eabi/15.2.1/../../../../arm-none-eabi/lib/thumb/v7e-m+fp/hard\librdimon_nano.a(arm_librdimon_a-_kill.o)
                0x08014124                _kill
 .text.findslot
                0x0801413c       0x34 C:/sysgcc/arm-eabi/bin/../lib/gcc/arm-none-eabi/15.2.1/../../../../arm-none-eabi/lib/thumb/v7e-m+fp/hard\librdimon_nano.a(arm_librdimon_a-syscalls.o)
 .text.error    0x08014170       0x1c C:/sysgcc/arm-eabi/bin/../lib/gcc/arm-none-eabi/15.2.1/../../../../arm-none-eabi/lib/thumb/v7e-m+fp/hard\librdimon_nano.a(arm_librdimon_a-syscalls.o)
 .text.checkerror
                0x0801418c        0xa C:/sysgcc/arm-eabi/bin/../lib/gcc/arm-none-eabi/15.2.1/../../../../arm-none-eabi/lib/thumb/v7e-m+fp/hard\librdimon_nano.a(arm_librdimon_a-syscalls.o)
 .text._swilseek
                0x08014196       0x78 C:/sysgcc/arm-eabi/bin/../lib/gcc/arm-none-eabi/15.2.1/../../../../arm-none-eabi/lib/thumb/v7e-m+fp/hard\librdimon_nano.a(arm_librdimon_a-syscalls.o)
                0x08014196                _swilseek
 .text._lseek   0x0801420e        0x4 C:/sysgcc/arm-eabi/bin/../lib/gcc/arm-none-eabi/15.2.1/../../../../arm-none-eabi/lib/thumb/v7e-m+fp/hard\librdimon_nano.a(arm_librdimon_a-syscalls.o)
                0x0801420e                _lseek
 .text._swiclose
                0x08014212       0x1a C:/sysgcc/arm-eabi/bin/../lib/gcc/arm-none-eabi/15.2.1/../../../../arm-none-eabi/lib/thumb/v7e-m+fp/hard\librdimon_nano.a(arm_librdimon_a-syscalls.o)
                0x08014212                _swiclose
 .text._close   0x0801422c       0x4c C:/sysgcc/arm-eabi/bin/../lib/gcc/arm-none-eabi/15.2.1/../../../../arm-none-eabi/lib/thumb/v7e-m+fp/hard\librdimon_nano.a(arm_librdimon_a-syscalls.o)
                0x0801422c                _close
 .text._getpid  0x08014278        0x4 C:/sysgcc/arm-eabi/bin/../lib/gcc/arm-none-eabi/15.2.1/../../../../arm-none-eabi/lib/thumb/v7e-m+fp/hard\librdimon_nano.a(arm_librdimon_a-syscalls.o)
                0x08014278                _getpid
 .text._swistat
                0x0801427c       0x42 C:/sysgcc/arm-eabi/bin/../lib/gcc/arm-none-eabi/15.2.1/../../../../arm-none-eabi/lib/thumb/v7e-m+fp/hard\librdimon_nano.a(arm_librdimon_a-syscalls.o)
                0x0801427c                _swistat
 .text._fstat   0x080142be       0x1a C:/sysgcc/arm-eabi/bin/../lib/gcc/arm-none-eabi/15.2.1/../../../../arm-none-eabi/lib/thumb/v7e-m+fp/hard\librdimon_nano.a(arm_librdimon_a-syscalls.o)
                0x080142be                _fstat
 .text._stat    0x080142d8       0x3a C:/sysgcc/arm-eabi/bin/../lib/gcc/arm-none-eabi/15.2.1/../../../../arm-none-eabi/lib/thumb/v7e-m+fp/hard\librdimon_nano.a(arm_librdimon_a-syscalls.o)
                0x080142d8                _stat
 *fill*         0x08014312        0x2 
 .text._swiopen
                0x08014314       0xb4 C:/sysgcc/arm-eabi/bin/../lib/gcc/arm-none-eabi/15.2.1/../../../../arm-none-eabi/lib/thumb/v7e-m+fp/hard\librdimon_nano.a(arm_librdimon_a-syscalls.o)
                0x08014314                _swiopen
 .text._get_semihosting_exts
                0x080143c8       0xb0 C:/sysgcc/arm-eabi/bin/../lib/gcc/arm-none-eabi/15.2.1/../../../../arm-none-eabi/lib/thumb/v7e-m+fp/hard\librdimon_nano.a(arm_librdimon_a-syscalls.o)
                0x080143c8                _get_semihosting_exts
 .text.initialise_semihosting_exts
                0x08014478       0x34 C:/sysgcc/arm-eabi/bin/../lib/gcc/arm-none-eabi/15.2.1/../../../../arm-none-eabi/lib/thumb/v7e-m+fp/hard\librdimon_nano.a(arm_librdimon_a-syscalls.o)
 .text._has_ext_exit_extended
                0x080144ac       0x18 C:/sysgcc/arm-eabi/bin/../lib/gcc/arm-none-eabi/15.2.1/../../../../arm-none-eabi/lib/thumb/v7e-m+fp/hard\librdimon_nano.a(arm_librdimon_a-syscalls.o)
                0x080144ac                _has_ext_exit_extended
 .text._has_ext_stdout_stderr
                0x080144c4       0x18 C:/sysgcc/arm-eabi/bin/../lib/gcc/arm-none-eabi/15.2.1/../../../../arm-none-eabi/lib/thumb/v7e-m+fp/hard\librdimon_nano.a(arm_librdimon_a-syscalls.o)
                0x080144c4                _has_ext_stdout_stderr
 .text.initialise_monitor_handles
                0x080144dc       0xbc C:/sysgcc/arm-eabi/bin/../lib/gcc/arm-none-eabi/15.2.1/../../../../arm-none-eabi/lib/thumb/v7e-m+fp/hard\librdimon_nano.a(arm_librdimon_a-syscalls.o)
                0x080144dc                initialise_monitor_handles
 .text._isatty  0x08014598       0x3a C:/sysgcc/arm-eabi/bin/../lib/gcc/arm-none-eabi/15.2.1/../../../../arm-none-eabi/lib/thumb/v7e-m+fp/hard\librdimon_nano.a(arm_librdimon_a-syscalls.o)
                0x08014598                _isatty
 *(.glue_7)
 .glue_7        0x080145d2        0x0 linker stubs
 *(.glue_7t)
 .glue_7t       0x080145d2        0x0 linker stubs
 *(.eh_frame)
 *fill*         0x080145d2        0x2 
 .eh_frame      0x080145d4        0x0 C:/sysgcc/arm-eabi/bin/../lib/gcc/arm-none-eabi/15.2.1/thumb/v7e-m+fp/hard/crtbegin.o
 *(.init)
 .init          0x080145d4        0x4 C:/sysgcc/arm-eabi/bin/../lib/gcc/arm-none-eabi/15.2.1/thumb/v7e-m+fp/hard/crti.o
                0x080145d4                _init
 .init          0x080145d8        0x8 C:/sysgcc/arm-eabi/bin/../lib/gcc/arm-none-eabi/15.2.1/thumb/v7e-m+fp/hard/crtn.o
 *(.fini)
 .fini          0x080145e0        0x4 C:/sysgcc/arm-eabi/bin/../lib/gcc/arm-none-eabi/15.2.1/thumb/v7e-m+fp/hard/crti.o
                0x080145e0                _fini
 .fini          0x080145e4        0x8 C:/sysgcc/arm-eabi/bin/../lib/gcc/arm-none-eabi/15.2.1/thumb/v7e-m+fp/hard/crtn.o
                0x080145ec                        . = ALIGN (0x4)
                0x080145ec                        _etext = .

.vfp11_veneer   0x080145ec        0x0
 .vfp11_veneer  0x080145ec        0x0 linker stubs

.v4_bx          0x080145ec        0x0
 .v4_bx         0x080145ec        0x0 linker stubs

.iplt           0x080145ec        0x0
 .iplt          0x080145ec        0x0 C:/sysgcc/arm-eabi/bin/../lib/gcc/arm-none-eabi/15.2.1/thumb/v7e-m+fp/hard/crtbegin.o

.rodata         0x080145f0     0x440c
                0x080145f0                        . = ALIGN (0x4)
 *(.rodata)
 .rodata        0x080145f0        0xc CMakeFiles/BSP_EFP_Profiler.dir/C_/Users/ejtagle/AppData/Local/VisualGDB/EmbeddedEFPs/Profiler/TestResourceManager.cpp.obj
 .rodata        0x080145fc      0x6f0 CMakeFiles/EmbeddedUnitTests.dir/Tests/Src/tests.cpp.obj
 *(.rodata*)
 .rodata.AHBPrescTable
                0x08014cec       0x10 CMakeFiles/BSP.dir/Core/Src/system_stm32f4xx.c.obj
                0x08014cec                AHBPrescTable
 .rodata._ZZN13SoftFloatTestL28test_invariant_normalizationEvENKUl9SoftFloatPKcE_clES0_S2_.isra.0.str1.4
                0x08014cfc     0x1a27 CMakeFiles/EmbeddedUnitTests.dir/Tests/Src/tests.cpp.obj
                                 0x51 (size before relaxing)
 .rodata._ZN13SoftFloatTestL19test_exp_saturationEv.str1.4
                0x08016723        0x0 CMakeFiles/EmbeddedUnitTests.dir/Tests/Src/tests.cpp.obj
                                 0x5f (size before relaxing)
 .rodata._ZN13SoftFloatTestL19test_zero_semanticsEv.str1.4
                0x08016723        0x0 CMakeFiles/EmbeddedUnitTests.dir/Tests/Src/tests.cpp.obj
                                 0x15 (size before relaxing)
 .rodata._ZN13SoftFloatTestL16test_shift_edgesEv.str1.4
                0x08016723        0x0 CMakeFiles/EmbeddedUnitTests.dir/Tests/Src/tests.cpp.obj
                                 0x4d (size before relaxing)
 .rodata._ZN13SoftFloatTestL19test_multiplicationEv.str1.4
                0x08016723        0x0 CMakeFiles/EmbeddedUnitTests.dir/Tests/Src/tests.cpp.obj
                                 0x34 (size before relaxing)
 .rodata._ZN13SoftFloatTestL9test_edgeEv.str1.4
                0x08016723        0x0 CMakeFiles/EmbeddedUnitTests.dir/Tests/Src/tests.cpp.obj
                                  0xc (size before relaxing)
 .rodata._ZN13SoftFloatTestL11test_stressEi.constprop.0.str1.4
                0x08016723        0x0 CMakeFiles/EmbeddedUnitTests.dir/Tests/Src/tests.cpp.obj
                                 0x82 (size before relaxing)
 .rodata._ZN13SoftFloatTestL9test_fmmaEv.str1.4
                0x08016723        0x0 CMakeFiles/EmbeddedUnitTests.dir/Tests/Src/tests.cpp.obj
                                 0x14 (size before relaxing)
 .rodata._ZN13SoftFloatTestL13test_divisionEv.str1.4
                0x08016723        0x0 CMakeFiles/EmbeddedUnitTests.dir/Tests/Src/tests.cpp.obj
                                 0x34 (size before relaxing)
 .rodata._ZN13SoftFloatTestL13test_int_ctorEv.str1.4
                0x08016723        0x0 CMakeFiles/EmbeddedUnitTests.dir/Tests/Src/tests.cpp.obj
                                 0x14 (size before relaxing)
 .rodata._ZN13SoftFloatTestL16test_subtractionEv.str1.4
                0x08016723        0x0 CMakeFiles/EmbeddedUnitTests.dir/Tests/Src/tests.cpp.obj
                                 0x20 (size before relaxing)
 .rodata._ZN13SoftFloatTestL13test_additionEv.str1.4
                0x08016723        0x0 CMakeFiles/EmbeddedUnitTests.dir/Tests/Src/tests.cpp.obj
                                 0x3a (size before relaxing)
 .rodata._ZN13SoftFloatTestL13test_int_convEv.str1.4
                0x08016723        0x0 CMakeFiles/EmbeddedUnitTests.dir/Tests/Src/tests.cpp.obj
                                 0x1c (size before relaxing)
 .rodata._ZN13SoftFloatTestL15test_float_ctorEv.str1.4
                0x08016723        0x0 CMakeFiles/EmbeddedUnitTests.dir/Tests/Src/tests.cpp.obj
                                 0x1a (size before relaxing)
 .rodata._ZN13SoftFloatTestL14test_constantsEv.str1.4
                0x08016723        0x0 CMakeFiles/EmbeddedUnitTests.dir/Tests/Src/tests.cpp.obj
                                 0x1b (size before relaxing)
 .rodata._ZN13SoftFloatTestL13test_overflowEv.str1.4
                0x08016723        0x0 CMakeFiles/EmbeddedUnitTests.dir/Tests/Src/tests.cpp.obj
                                  0xd (size before relaxing)
 .rodata._ZN13SoftFloatTestL19test_int_conv_edgesEv.str1.4
                0x08016723        0x0 CMakeFiles/EmbeddedUnitTests.dir/Tests/Src/tests.cpp.obj
                                 0x5d (size before relaxing)
 .rodata._ZN13SoftFloatTestL13test_compoundEv.str1.4
                0x08016723        0x0 CMakeFiles/EmbeddedUnitTests.dir/Tests/Src/tests.cpp.obj
                                 0x1e (size before relaxing)
 .rodata._ZN13SoftFloatTestL21test_comparison_logicEv.str1.4
                0x08016723        0x0 CMakeFiles/EmbeddedUnitTests.dir/Tests/Src/tests.cpp.obj
                                 0x39 (size before relaxing)
 .rodata._ZN13SoftFloatTestL9test_exprEv.str1.4
                0x08016723        0x0 CMakeFiles/EmbeddedUnitTests.dir/Tests/Src/tests.cpp.obj
                                 0x24 (size before relaxing)
 .rodata._ZN13SoftFloatTestL12test_chainedEv.str1.4
                0x08016723        0x0 CMakeFiles/EmbeddedUnitTests.dir/Tests/Src/tests.cpp.obj
                                 0x39 (size before relaxing)
 .rodata._ZN13SoftFloatTestL8test_fmaEv.str1.4
                0x08016723        0x0 CMakeFiles/EmbeddedUnitTests.dir/Tests/Src/tests.cpp.obj
                                 0x25 (size before relaxing)
 .rodata._ZN13SoftFloatTestL18test_copysign_fmodEv.str1.4
                0x08016723        0x0 CMakeFiles/EmbeddedUnitTests.dir/Tests/Src/tests.cpp.obj
                                 0x3f (size before relaxing)
 .rodata._ZN13SoftFloatTestL18test_expr_negationEv.str1.4
                0x08016723        0x0 CMakeFiles/EmbeddedUnitTests.dir/Tests/Src/tests.cpp.obj
                                 0x34 (size before relaxing)
 .rodata._ZN13SoftFloatTestL17test_fms_extendedEv.str1.4
                0x08016723        0x0 CMakeFiles/EmbeddedUnitTests.dir/Tests/Src/tests.cpp.obj
                                 0x1d (size before relaxing)
 .rodata._ZN13SoftFloatTestL8test_fmsEv.str1.4
                0x08016723        0x0 CMakeFiles/EmbeddedUnitTests.dir/Tests/Src/tests.cpp.obj
                                 0x25 (size before relaxing)
 .rodata._ZN13SoftFloatTestL13test_inv_sqrtEv.str1.4
                0x08016723        0x0 CMakeFiles/EmbeddedUnitTests.dir/Tests/Src/tests.cpp.obj
                                 0x20 (size before relaxing)
 .rodata._ZN13SoftFloatTestL9test_sqrtEv.str1.4
                0x08016723        0x0 CMakeFiles/EmbeddedUnitTests.dir/Tests/Src/tests.cpp.obj
                                 0x1c (size before relaxing)
 .rodata._ZN13SoftFloatTestL18test_fmms_extendedEv.str1.4
                0x08016723        0x0 CMakeFiles/EmbeddedUnitTests.dir/Tests/Src/tests.cpp.obj
                                 0x1e (size before relaxing)
 .rodata._ZN13SoftFloatTestL8test_tanEv.str1.4
                0x08016723        0x0 CMakeFiles/EmbeddedUnitTests.dir/Tests/Src/tests.cpp.obj
                                 0x20 (size before relaxing)
 .rodata._ZN13SoftFloatTestL28test_invariant_normalizationEv.str1.4
                0x08016723        0x0 CMakeFiles/EmbeddedUnitTests.dir/Tests/Src/tests.cpp.obj
                                 0x71 (size before relaxing)
 .rodata._ZN13SoftFloatTestL8test_cosEv.str1.4
                0x08016723        0x0 CMakeFiles/EmbeddedUnitTests.dir/Tests/Src/tests.cpp.obj
                                 0x25 (size before relaxing)
 .rodata._ZN13SoftFloatTestL8test_sinEv.str1.4
                0x08016723        0x0 CMakeFiles/EmbeddedUnitTests.dir/Tests/Src/tests.cpp.obj
                                 0x2b (size before relaxing)
 .rodata._ZN13SoftFloatTestL20test_math_symmetriesEv.str1.4
                0x08016723        0x0 CMakeFiles/EmbeddedUnitTests.dir/Tests/Src/tests.cpp.obj
                                 0x8e (size before relaxing)
 .rodata._ZN13SoftFloatTestL17test_corner_casesEv.str1.4
                0x08016723        0x0 CMakeFiles/EmbeddedUnitTests.dir/Tests/Src/tests.cpp.obj
                                0x139 (size before relaxing)
 .rodata._ZN13SoftFloatTestL13test_atan2_v2Ev.str1.4
                0x08016723        0x0 CMakeFiles/EmbeddedUnitTests.dir/Tests/Src/tests.cpp.obj
                                 0xe3 (size before relaxing)
 .rodata._ZZN13SoftFloatTestL10test_atan2EvENKUlffPKcE_clEffS1_.isra.0.str1.4
                0x08016723        0x0 CMakeFiles/EmbeddedUnitTests.dir/Tests/Src/tests.cpp.obj
                                 0xb0 (size before relaxing)
 .rodata._ZN13SoftFloatTestL10test_atan2Ev.str1.4
                0x08016723        0x0 CMakeFiles/EmbeddedUnitTests.dir/Tests/Src/tests.cpp.obj
                                0x12a (size before relaxing)
 .rodata._ZN13SoftFloatTestL14test_asin_acosEv.str1.4
                0x08016723        0x0 CMakeFiles/EmbeddedUnitTests.dir/Tests/Src/tests.cpp.obj
                                 0x45 (size before relaxing)
 .rodata._ZN13SoftFloatTestL15test_hyperbolicEv.str1.4
                0x08016723        0x0 CMakeFiles/EmbeddedUnitTests.dir/Tests/Src/tests.cpp.obj
                                 0x69 (size before relaxing)
 .rodata._ZN13SoftFloatTestL8test_expEv.str1.4
                0x08016723        0x0 CMakeFiles/EmbeddedUnitTests.dir/Tests/Src/tests.cpp.obj
                                 0x37 (size before relaxing)
 .rodata._ZN13SoftFloatTestL8test_powEv.str1.4
                0x08016723        0x0 CMakeFiles/EmbeddedUnitTests.dir/Tests/Src/tests.cpp.obj
                                 0x26 (size before relaxing)
 .rodata._ZN13SoftFloatTestL8test_logEv.str1.4
                0x08016723        0x0 CMakeFiles/EmbeddedUnitTests.dir/Tests/Src/tests.cpp.obj
                                 0x66 (size before relaxing)
 .rodata._ZN13SoftFloatTestL13test_roundingEv.str1.4
                0x08016723        0x0 CMakeFiles/EmbeddedUnitTests.dir/Tests/Src/tests.cpp.obj
                                 0x47 (size before relaxing)
 .rodata._ZN13SoftFloatTestL15test_lerp_edgesEv.str1.4
                0x08016723        0x0 CMakeFiles/EmbeddedUnitTests.dir/Tests/Src/tests.cpp.obj
                                 0x67 (size before relaxing)
 .rodata._ZN13SoftFloatTestL14run_benchmarksEv.str1.4
                0x08016723        0x0 CMakeFiles/EmbeddedUnitTests.dir/Tests/Src/tests.cpp.obj
                                0x6fa (size before relaxing)
 .rodata._ZN13SoftFloatTestL7run_allEv.str1.4
                0x08016723        0x0 CMakeFiles/EmbeddedUnitTests.dir/Tests/Src/tests.cpp.obj
                                0x196 (size before relaxing)
 .rodata.str1.4
                0x08016723        0x0 CMakeFiles/EmbeddedUnitTests.dir/Tests/Src/tests.cpp.obj
                                0x4c7 (size before relaxing)
 *fill*         0x08016723        0x1 
 .rodata.C.189.4
                0x08016724       0x10 CMakeFiles/EmbeddedUnitTests.dir/Tests/Src/tests.cpp.obj
 .rodata.C.188.3
                0x08016734       0x14 CMakeFiles/EmbeddedUnitTests.dir/Tests/Src/tests.cpp.obj
 .rodata.C.187.2
                0x08016748       0x18 CMakeFiles/EmbeddedUnitTests.dir/Tests/Src/tests.cpp.obj
 .rodata.C.167.0
                0x08016760        0xc CMakeFiles/EmbeddedUnitTests.dir/Tests/Src/tests.cpp.obj
 .rodata._ZN13SoftFloatTestL5testsE
                0x0801676c      0x1b8 CMakeFiles/EmbeddedUnitTests.dir/Tests/Src/tests.cpp.obj
 .rodata._ZL8LOG2_EXP
                0x08016924      0x101 CMakeFiles/EmbeddedUnitTests.dir/Tests/Src/tests.cpp.obj
 *fill*         0x08016a25        0x3 
 .rodata._ZL9LOG2_MANT
                0x08016a28      0x404 CMakeFiles/EmbeddedUnitTests.dir/Tests/Src/tests.cpp.obj
 .rodata._ZL7EXP_EXP
                0x08016e2c      0x101 CMakeFiles/EmbeddedUnitTests.dir/Tests/Src/tests.cpp.obj
 *fill*         0x08016f2d        0x3 
 .rodata._ZL8EXP_MANT
                0x08016f30      0x404 CMakeFiles/EmbeddedUnitTests.dir/Tests/Src/tests.cpp.obj
 .rodata._ZL8ATAN_EXP
                0x08017334      0x101 CMakeFiles/EmbeddedUnitTests.dir/Tests/Src/tests.cpp.obj
 *fill*         0x08017435        0x3 
 .rodata._ZL9ATAN_MANT
                0x08017438      0x404 CMakeFiles/EmbeddedUnitTests.dir/Tests/Src/tests.cpp.obj
 .rodata._ZL10SF_SIN_EXP
                0x0801783c      0x200 CMakeFiles/EmbeddedUnitTests.dir/Tests/Src/tests.cpp.obj
 .rodata._ZL11SF_SIN_MANT
                0x08017a3c      0x800 CMakeFiles/EmbeddedUnitTests.dir/Tests/Src/tests.cpp.obj
 .rodata.acosf.str1.4
                0x0801823c        0x0 C:/sysgcc/arm-eabi/bin/../lib/gcc/arm-none-eabi/15.2.1/../../../../arm-none-eabi/lib/thumb/v7e-m+fp/hard\libm.a(libm_a-wf_acos.o)
                                  0x1 (size before relaxing)
 .rodata.asinf.str1.4
                0x0801823c        0x0 C:/sysgcc/arm-eabi/bin/../lib/gcc/arm-none-eabi/15.2.1/../../../../arm-none-eabi/lib/thumb/v7e-m+fp/hard\libm.a(libm_a-wf_asin.o)
                                  0x1 (size before relaxing)
 .rodata.logf.str1.4
                0x0801823c        0x0 C:/sysgcc/arm-eabi/bin/../lib/gcc/arm-none-eabi/15.2.1/../../../../arm-none-eabi/lib/thumb/v7e-m+fp/hard\libm.a(libm_a-wf_log.o)
                                  0x1 (size before relaxing)
 .rodata.log10f.str1.4
                0x0801823c        0x0 C:/sysgcc/arm-eabi/bin/../lib/gcc/arm-none-eabi/15.2.1/../../../../arm-none-eabi/lib/thumb/v7e-m+fp/hard\libm.a(libm_a-wf_log10.o)
                                  0x1 (size before relaxing)
 .rodata.tiny   0x0801823c        0x4 C:/sysgcc/arm-eabi/bin/../lib/gcc/arm-none-eabi/15.2.1/../../../../arm-none-eabi/lib/thumb/v7e-m+fp/hard\libm.a(libm_a-sf_tanh.o)
 .rodata.two    0x08018240        0x4 C:/sysgcc/arm-eabi/bin/../lib/gcc/arm-none-eabi/15.2.1/../../../../arm-none-eabi/lib/thumb/v7e-m+fp/hard\libm.a(libm_a-sf_tanh.o)
 .rodata.one    0x08018244        0x4 C:/sysgcc/arm-eabi/bin/../lib/gcc/arm-none-eabi/15.2.1/../../../../arm-none-eabi/lib/thumb/v7e-m+fp/hard\libm.a(libm_a-sf_tanh.o)
 .rodata.CSWTCH.7
                0x08018248        0xc C:/sysgcc/arm-eabi/bin/../lib/gcc/arm-none-eabi/15.2.1/../../../../arm-none-eabi/lib/thumb/v7e-m+fp/hard\libm.a(libm_a-ef_atan2.o)
 .rodata.CSWTCH.6
                0x08018254        0xc C:/sysgcc/arm-eabi/bin/../lib/gcc/arm-none-eabi/15.2.1/../../../../arm-none-eabi/lib/thumb/v7e-m+fp/hard\libm.a(libm_a-ef_atan2.o)
 .rodata.ln2LO  0x08018260        0x8 C:/sysgcc/arm-eabi/bin/../lib/gcc/arm-none-eabi/15.2.1/../../../../arm-none-eabi/lib/thumb/v7e-m+fp/hard\libm.a(libm_a-ef_exp.o)
 .rodata.ln2HI  0x08018268        0x8 C:/sysgcc/arm-eabi/bin/../lib/gcc/arm-none-eabi/15.2.1/../../../../arm-none-eabi/lib/thumb/v7e-m+fp/hard\libm.a(libm_a-ef_exp.o)
 .rodata.halF   0x08018270        0x8 C:/sysgcc/arm-eabi/bin/../lib/gcc/arm-none-eabi/15.2.1/../../../../arm-none-eabi/lib/thumb/v7e-m+fp/hard\libm.a(libm_a-ef_exp.o)
 .rodata.npio2_hw
                0x08018278       0x80 C:/sysgcc/arm-eabi/bin/../lib/gcc/arm-none-eabi/15.2.1/../../../../arm-none-eabi/lib/thumb/v7e-m+fp/hard\libm.a(libm_a-ef_rem_pio2.o)
 .rodata.two_over_pi
                0x080182f8      0x318 C:/sysgcc/arm-eabi/bin/../lib/gcc/arm-none-eabi/15.2.1/../../../../arm-none-eabi/lib/thumb/v7e-m+fp/hard\libm.a(libm_a-ef_rem_pio2.o)
 .rodata.atanlo
                0x08018610       0x10 C:/sysgcc/arm-eabi/bin/../lib/gcc/arm-none-eabi/15.2.1/../../../../arm-none-eabi/lib/thumb/v7e-m+fp/hard\libm.a(libm_a-sf_atan.o)
 .rodata.atanhi
                0x08018620       0x10 C:/sysgcc/arm-eabi/bin/../lib/gcc/arm-none-eabi/15.2.1/../../../../arm-none-eabi/lib/thumb/v7e-m+fp/hard\libm.a(libm_a-sf_atan.o)
 .rodata.PIo2   0x08018630       0x2c C:/sysgcc/arm-eabi/bin/../lib/gcc/arm-none-eabi/15.2.1/../../../../arm-none-eabi/lib/thumb/v7e-m+fp/hard\libm.a(libm_a-kf_rem_pio2.o)
 .rodata.init_jk
                0x0801865c        0xc C:/sysgcc/arm-eabi/bin/../lib/gcc/arm-none-eabi/15.2.1/../../../../arm-none-eabi/lib/thumb/v7e-m+fp/hard\libm.a(libm_a-kf_rem_pio2.o)
 .rodata._printf_float.str1.1
                0x08018668      0x18d C:/sysgcc/arm-eabi/bin/../lib/gcc/arm-none-eabi/15.2.1/../../../../arm-none-eabi/lib/thumb/v7e-m+fp/hard\libg_nano.a(libc_a-nano-vfprintf_float.o)
                                 0x12 (size before relaxing)
 .rodata._printf_i.str1.1
                0x080187f5        0x0 C:/sysgcc/arm-eabi/bin/../lib/gcc/arm-none-eabi/15.2.1/../../../../arm-none-eabi/lib/thumb/v7e-m+fp/hard\libg_nano.a(libc_a-nano-vfprintf_i.o)
                                 0x22 (size before relaxing)
 .rodata._dtoa_r.str1.1
                0x080187f5        0x0 C:/sysgcc/arm-eabi/bin/../lib/gcc/arm-none-eabi/15.2.1/../../../../arm-none-eabi/lib/thumb/v7e-m+fp/hard\libg_nano.a(libc_a-dtoa.o)
                                 0x90 (size before relaxing)
 .rodata._Balloc.str1.1
                0x080187f5        0x0 C:/sysgcc/arm-eabi/bin/../lib/gcc/arm-none-eabi/15.2.1/../../../../arm-none-eabi/lib/thumb/v7e-m+fp/hard\libg_nano.a(libc_a-mprec.o)
                                 0x71 (size before relaxing)
 .rodata.__multadd.str1.1
                0x080187f5        0x0 C:/sysgcc/arm-eabi/bin/../lib/gcc/arm-none-eabi/15.2.1/../../../../arm-none-eabi/lib/thumb/v7e-m+fp/hard\libg_nano.a(libc_a-mprec.o)
                                 0x11 (size before relaxing)
 *fill*         0x080187f5        0x3 
 .rodata.p05.0  0x080187f8        0xc C:/sysgcc/arm-eabi/bin/../lib/gcc/arm-none-eabi/15.2.1/../../../../arm-none-eabi/lib/thumb/v7e-m+fp/hard\libg_nano.a(libc_a-mprec.o)
 *fill*         0x08018804        0x4 
 .rodata.__mprec_bigtens
                0x08018808       0x28 C:/sysgcc/arm-eabi/bin/../lib/gcc/arm-none-eabi/15.2.1/../../../../arm-none-eabi/lib/thumb/v7e-m+fp/hard\libg_nano.a(libc_a-mprec.o)
                0x08018808                __mprec_bigtens
 .rodata.__mprec_tens
                0x08018830       0xc8 C:/sysgcc/arm-eabi/bin/../lib/gcc/arm-none-eabi/15.2.1/../../../../arm-none-eabi/lib/thumb/v7e-m+fp/hard\libg_nano.a(libc_a-mprec.o)
                0x08018830                __mprec_tens
 .rodata._svfprintf_r.str1.1
                0x080188f8        0x0 C:/sysgcc/arm-eabi/bin/../lib/gcc/arm-none-eabi/15.2.1/../../../../arm-none-eabi/lib/thumb/v7e-m+fp/hard\libg_nano.a(libc_a-nano-svfprintf.o)
                                 0x11 (size before relaxing)
 .rodata._setlocale_r.str1.1
                0x080188f8        0x0 C:/sysgcc/arm-eabi/bin/../lib/gcc/arm-none-eabi/15.2.1/../../../../arm-none-eabi/lib/thumb/v7e-m+fp/hard\libg_nano.a(libc_a-locale.o)
                                  0x9 (size before relaxing)
 .rodata.str1.1
                0x080188f8        0x0 C:/sysgcc/arm-eabi/bin/../lib/gcc/arm-none-eabi/15.2.1/../../../../arm-none-eabi/lib/thumb/v7e-m+fp/hard\libg_nano.a(libc_a-locale.o)
                                  0x2 (size before relaxing)
 .rodata.__assert_func.str1.1
                0x080188f8        0x0 C:/sysgcc/arm-eabi/bin/../lib/gcc/arm-none-eabi/15.2.1/../../../../arm-none-eabi/lib/thumb/v7e-m+fp/hard\libg_nano.a(libc_a-assert.o)
                                 0x3d (size before relaxing)
 .rodata._ctype_
                0x080188f8      0x101 C:/sysgcc/arm-eabi/bin/../lib/gcc/arm-none-eabi/15.2.1/../../../../arm-none-eabi/lib/thumb/v7e-m+fp/hard\libg_nano.a(libc_a-ctype_.o)
                0x080188f8                _ctype_
 .rodata._vfprintf_r.str1.1
                0x080189f9        0x0 C:/sysgcc/arm-eabi/bin/../lib/gcc/arm-none-eabi/15.2.1/../../../../arm-none-eabi/lib/thumb/v7e-m+fp/hard\libg_nano.a(libc_a-nano-vfprintf.o)
                                 0x11 (size before relaxing)
 .rodata._get_semihosting_exts.str1.1
                0x080189f9        0x0 C:/sysgcc/arm-eabi/bin/../lib/gcc/arm-none-eabi/15.2.1/../../../../arm-none-eabi/lib/thumb/v7e-m+fp/hard\librdimon_nano.a(arm_librdimon_a-syscalls.o)
                                 0x16 (size before relaxing)
 .rodata.initialise_monitor_handles.str1.1
                0x080189f9        0x0 C:/sysgcc/arm-eabi/bin/../lib/gcc/arm-none-eabi/15.2.1/../../../../arm-none-eabi/lib/thumb/v7e-m+fp/hard\librdimon_nano.a(arm_librdimon_a-syscalls.o)
                                  0x4 (size before relaxing)
                0x080189fc                        . = ALIGN (0x4)
 *fill*         0x080189f9        0x3 

.ARM.extab      0x080189fc        0x0
                0x080189fc                        . = ALIGN (0x4)
 *(.ARM.extab* .gnu.linkonce.armextab.*)
                0x080189fc                        . = ALIGN (0x4)

.ARM            0x080189fc        0x8
                0x080189fc                        . = ALIGN (0x4)
                0x080189fc                        __exidx_start = .
 *(.ARM.exidx*)
 .ARM.exidx     0x080189fc        0x8 C:/sysgcc/arm-eabi/bin/../lib/gcc/arm-none-eabi/15.2.1/../../../../arm-none-eabi/lib/thumb/v7e-m+fp/hard\libg_nano.a(libc_a-memchr.o)
 .ARM.exidx     0x08018a04        0x0 C:/sysgcc/arm-eabi/bin/../lib/gcc/arm-none-eabi/15.2.1/../../../../arm-none-eabi/lib/thumb/v7e-m+fp/hard\libg_nano.a(libc_a-strlen.o)
                                  0x8 (size before relaxing)
 .ARM.exidx.text.__udivmoddi4
                0x08018a04        0x0 C:/sysgcc/arm-eabi/bin/../lib/gcc/arm-none-eabi/15.2.1/thumb/v7e-m+fp/hard\libgcc.a(_udivmoddi4.o)
                                  0x8 (size before relaxing)
                0x08018a04                        __exidx_end = .
                0x08018a04                        . = ALIGN (0x4)

.preinit_array  0x08018a04        0x0
                0x08018a04                        . = ALIGN (0x4)
                0x08018a04                        PROVIDE (__preinit_array_start = .)
 *(.preinit_array*)
                0x08018a04                        PROVIDE (__preinit_array_end = .)
                0x08018a04                        . = ALIGN (0x4)

.init_array     0x08018a04        0x4
                0x08018a04                        . = ALIGN (0x4)
                0x08018a04                        PROVIDE (__init_array_start = .)
 *(SORT_BY_NAME(.init_array.*))
 *(.init_array*)
 .init_array    0x08018a04        0x4 C:/sysgcc/arm-eabi/bin/../lib/gcc/arm-none-eabi/15.2.1/thumb/v7e-m+fp/hard/crtbegin.o
                0x08018a08                        PROVIDE (__init_array_end = .)
                0x08018a08                        . = ALIGN (0x4)

.fini_array     0x08018a08        0x4
                0x08018a08                        . = ALIGN (0x4)
                [!provide]                        PROVIDE (__fini_array_start = .)
 *(SORT_BY_NAME(.fini_array.*))
 *(.fini_array*)
 .fini_array    0x08018a08        0x4 C:/sysgcc/arm-eabi/bin/../lib/gcc/arm-none-eabi/15.2.1/thumb/v7e-m+fp/hard/crtbegin.o
                [!provide]                        PROVIDE (__fini_array_end = .)
                0x08018a0c                        . = ALIGN (0x4)
                0x08018a0c                        _sidata = LOADADDR (.data)

.rel.dyn        0x08018a0c        0x0
 .rel.iplt      0x08018a0c        0x0 C:/sysgcc/arm-eabi/bin/../lib/gcc/arm-none-eabi/15.2.1/thumb/v7e-m+fp/hard/crtbegin.o

.data           0x20000000      0x1dc load address 0x08018a0c
                0x20000000                        . = ALIGN (0x4)
                0x20000000                        _sdata = .
 *(.data)
 *(.data*)
 .data.SystemCoreClock
                0x20000000        0x4 CMakeFiles/BSP.dir/Core/Src/system_stm32f4xx.c.obj
                0x20000000                SystemCoreClock
 .data.uwTickFreq
                0x20000004        0x1 CMakeFiles/BSP.dir/Drivers/STM32F4xx_HAL_Driver/Src/stm32f4xx_hal.c.obj
                0x20000004                uwTickFreq
 *fill*         0x20000005        0x3 
 .data.uwTickPrio
                0x20000008        0x4 CMakeFiles/BSP.dir/Drivers/STM32F4xx_HAL_Driver/Src/stm32f4xx_hal.c.obj
                0x20000008                uwTickPrio
 .data.__sglue  0x2000000c        0xc C:/sysgcc/arm-eabi/bin/../lib/gcc/arm-none-eabi/15.2.1/../../../../arm-none-eabi/lib/thumb/v7e-m+fp/hard\libg_nano.a(libc_a-findfp.o)
                0x2000000c                __sglue
 .data._impure_ptr
                0x20000018        0x4 C:/sysgcc/arm-eabi/bin/../lib/gcc/arm-none-eabi/15.2.1/../../../../arm-none-eabi/lib/thumb/v7e-m+fp/hard\libg_nano.a(libc_a-impure.o)
                0x20000018                _impure_ptr
 .data._impure_data
                0x2000001c       0x4c C:/sysgcc/arm-eabi/bin/../lib/gcc/arm-none-eabi/15.2.1/../../../../arm-none-eabi/lib/thumb/v7e-m+fp/hard\libg_nano.a(libc_a-impure.o)
                0x2000001c                _impure_data
 .data.__global_locale
                0x20000068      0x16c C:/sysgcc/arm-eabi/bin/../lib/gcc/arm-none-eabi/15.2.1/../../../../arm-none-eabi/lib/thumb/v7e-m+fp/hard\libg_nano.a(libc_a-locale.o)
                0x20000068                __global_locale
 .data.supports_ext_stdout_stderr
                0x200001d4        0x4 C:/sysgcc/arm-eabi/bin/../lib/gcc/arm-none-eabi/15.2.1/../../../../arm-none-eabi/lib/thumb/v7e-m+fp/hard\librdimon_nano.a(arm_librdimon_a-syscalls.o)
 .data.supports_ext_exit_extended